v0.0.2
sudo setcap cap_net_raw=+ep build/v0.0.2/linux_amd64/lacuna
build/v0.0.2/linux_amd64/lacuna show -d
Subnet: 10.22.0.0/21

Arp Filter: [172.18.0.3 172.18.0.2 10.22.0.1]
Count: 3

ArpWatch Filter: [10.12.3.11 10.12.3.69 10.12.3.71 10.12.3.12 10.12.3.14 10.12.3.10 10.12.3.13 10.12.3.17 10.12.3.16 10.12.3.22 10.12.3.72 10.12.3.15 10.12.3.49 10.12.3.63 10.12.3.2 10.12.3.59 10.12.3.52 10.12.3.204 10.12.3.60 10.12.3.31 10.12.3.27 10.12.3.48 10.12.3.67 10.12.3.23 10.12.3.37 10.12.3.70 10.12.3.77 10.12.3.55 10.12.3.38 10.12.3.58 10.12.3.6 10.12.3.84 10.12.3.54 10.12.3.88 10.12.3.76 10.12.3.66 10.12.3.35 10.12.3.45 10.12.3.19 10.12.3.44 10.12.3.42 10.12.3.34 10.12.3.75 10.12.3.78 10.12.3.80 10.12.3.65 10.12.3.73 10.12.3.53 10.12.3.36 10.12.3.82 10.12.3.18 10.12.3.3 10.12.3.39 10.12.3.86 10.12.3.43 10.12.3.47 10.12.3.46 10.12.3.40 10.12.3.4 10.12.3.50 10.12.3.32 10.12.3.56 10.12.3.74 10.12.3.33 10.12.3.20 10.12.3.26 10.12.3.41 10.12.3.51 10.12.3.29 10.12.3.28 10.12.3.24 10.12.3.30 10.12.3.57 10.12.3.64 10.12.3.25 10.12.3.61 10.12.3.7 10.12.3.94 10.12.3.5 10.12.3.92 10.12.3.92 10.12.3.93 10.12.3.95 10.12.3.100 10.12.3.100 10.12.3.1 10.12.3.1 10.12.3.98 10.12.3.98 10.12.3.97 10.12.3.97 10.12.3.62 10.12.3.99 10.12.3.99 10.12.3.101 10.12.3.101 10.12.3.102 10.12.3.102 10.12.3.103 10.12.3.104 10.12.3.105 10.12.3.105 10.12.3.208 10.12.3.206]
Count: 104

Generating workers for workGenerator: 0x5435b0

Reading subnet 10.22.0.0/21 into chan

Generating workers for workGenerator: 0x543840

Reading subnet 10.22.0.0/21 into chan

waitForPipeline called for outputs: [{0xc000078360 0xc00006c780} {0xc000078540 0xc00006c840}]

starting mux worker: 0 for data channel: 0xc000078360
starting mux worker: 1 for data channel: 0xc000078540
starting mux worker: 0 for errc channel: 0xc00006c780
starting mux worker: 1 for errc channel: 0xc00006c840
ArpWatch worker: Processing IP: 10.22.0.0
IP: 10.22.0.0 read into input chan: 0xc0000781e0
IP: 10.22.0.1 read into input chan: 0xc0000781e0
IP: 10.22.0.0 read into input chan: 0xc0000783c0
IP: 10.22.0.1 read into input chan: 0xc0000783c0
IP: 10.22.0.2 read into input chan: 0xc0000783c0
ArpHosts worker: Processing IP: 10.22.0.1
ArpWatch worker: Processing IP: 10.22.0.1
ArpHosts worker: Processing IP: 10.22.0.0
ArpHosts worker: Processing IP: 10.22.0.2
IP: 10.22.0.3 read into input chan: 0xc0000783c0
IP: 10.22.0.4 read into input chan: 0xc0000783c0
ArpHosts worker: IP in filter: 10.22.0.1
ArpWatch worker: Processing IP: 10.22.0.2
ArpWatch worker: Processing IP: 10.22.0.3
IP: 10.22.0.2 read into input chan: 0xc0000781e0
IP: 10.22.0.3 read into input chan: 0xc0000781e0
IP: 10.22.0.4 read into input chan: 0xc0000781e0
IP: 10.22.0.5 read into input chan: 0xc0000783c0
IP: 10.22.0.6 read into input chan: 0xc0000783c0
ArpHosts worker: Processing IP: 10.22.0.3
ArpHosts worker: Processing IP: 10.22.0.4
ArpWatch worker: Processing IP: 10.22.0.4
IP: 10.22.0.5 read into input chan: 0xc0000781e0
IP: 10.22.0.7 read into input chan: 0xc0000783c0
ArpWatch worker: Processing IP: 10.22.0.5
ArpHosts worker: Processing IP: 10.22.0.5
ArpWatch worker: Processing IP: 10.22.0.7
ArpWatch worker: Processing IP: 10.22.0.8
ArpWatch worker: Processing IP: 10.22.0.6
IP: 10.22.0.8 read into input chan: 0xc0000783c0
IP: 10.22.0.9 read into input chan: 0xc0000783c0
IP: 10.22.0.6 read into input chan: 0xc0000781e0
IP: 10.22.0.7 read into input chan: 0xc0000781e0
ArpHosts worker: Processing IP: 10.22.0.6
ArpWatch worker: Processing IP: 10.22.0.10
ArpWatch worker: Processing IP: 10.22.0.9
IP: 10.22.0.10 read into input chan: 0xc0000783c0
IP: 10.22.0.11 read into input chan: 0xc0000783c0
IP: 10.22.0.8 read into input chan: 0xc0000781e0
IP: 10.22.0.9 read into input chan: 0xc0000781e0
ArpHosts worker: Processing IP: 10.22.0.7
ArpHosts worker: Processing IP: 10.22.0.8
ArpHosts worker: Processing IP: 10.22.0.9
IP: 10.22.0.12 read into input chan: 0xc0000783c0
ArpHosts worker: Processing IP: 10.22.0.10
ArpWatch worker: Processing IP: 10.22.0.12
IP: 10.22.0.10 read into input chan: 0xc0000781e0
IP: 10.22.0.11 read into input chan: 0xc0000781e0
IP: 10.22.0.12 read into input chan: 0xc0000781e0
ArpWatch worker: Processing IP: 10.22.0.11
ArpWatch worker: Processing IP: 10.22.0.13
IP: 10.22.0.13 read into input chan: 0xc0000781e0
IP: 10.22.0.13 read into input chan: 0xc0000783c0
IP: 10.22.0.14 read into input chan: 0xc0000783c0
ArpHosts worker: Processing IP: 10.22.0.11
ArpWatch worker: Processing IP: 10.22.0.15
IP: 10.22.0.14 read into input chan: 0xc0000781e0
IP: 10.22.0.15 read into input chan: 0xc0000783c0
IP: 10.22.0.16 read into input chan: 0xc0000783c0
ArpWatch worker: Processing IP: 10.22.0.14
ArpHosts worker: Processing IP: 10.22.0.12
ArpHosts worker: Processing IP: 10.22.0.13
ArpHosts worker: Processing IP: 10.22.0.14
IP: 10.22.0.17 read into input chan: 0xc0000783c0
ArpHosts worker: Processing IP: 10.22.0.15
ArpWatch worker: Processing IP: 10.22.0.17
IP: 10.22.0.15 read into input chan: 0xc0000781e0
IP: 10.22.0.16 read into input chan: 0xc0000781e0
IP: 10.22.0.17 read into input chan: 0xc0000781e0
ArpWatch worker: Processing IP: 10.22.0.16
ArpWatch worker: Processing IP: 10.22.0.18
IP: 10.22.0.18 read into input chan: 0xc0000781e0
IP: 10.22.0.18 read into input chan: 0xc0000783c0
IP: 10.22.0.19 read into input chan: 0xc0000783c0
IP: 10.22.0.20 read into input chan: 0xc0000783c0
ArpHosts worker: Processing IP: 10.22.0.16
ArpHosts worker: Processing IP: 10.22.0.17
ArpWatch worker: Processing IP: 10.22.0.20
ArpHosts worker: Processing IP: 10.22.0.18
ArpHosts worker: Processing IP: 10.22.0.19
ArpWatch worker: Processing IP: 10.22.0.21
ArpWatch worker: Processing IP: 10.22.0.19
IP: 10.22.0.19 read into input chan: 0xc0000781e0
IP: 10.22.0.21 read into input chan: 0xc0000783c0
IP: 10.22.0.22 read into input chan: 0xc0000783c0
ArpHosts worker: Processing IP: 10.22.0.20
IP: 10.22.0.20 read into input chan: 0xc0000781e0
IP: 10.22.0.21 read into input chan: 0xc0000781e0
IP: 10.22.0.22 read into input chan: 0xc0000781e0
IP: 10.22.0.23 read into input chan: 0xc0000783c0
IP: 10.22.0.23 read into input chan: 0xc0000781e0
ArpWatch worker: Processing IP: 10.22.0.23
ArpHosts worker: Processing IP: 10.22.0.21
ArpHosts worker: Processing IP: 10.22.0.22
ArpHosts worker: Processing IP: 10.22.0.23
ArpWatch worker: Processing IP: 10.22.0.22
ArpWatch worker: Processing IP: 10.22.0.24
ArpHosts worker: Processing IP: 10.22.0.24
IP: 10.22.0.24 read into input chan: 0xc0000783c0
IP: 10.22.0.24 read into input chan: 0xc0000781e0
IP: 10.22.0.25 read into input chan: 0xc0000781e0
ArpWatch worker: Processing IP: 10.22.0.25
IP: 10.22.0.25 read into input chan: 0xc0000783c0
IP: 10.22.0.26 read into input chan: 0xc0000783c0
ArpHosts worker: Processing IP: 10.22.0.25
ArpHosts worker: Processing IP: 10.22.0.26
IP: 10.22.0.26 read into input chan: 0xc0000781e0
IP: 10.22.0.27 read into input chan: 0xc0000781e0
IP: 10.22.0.28 read into input chan: 0xc0000781e0
IP: 10.22.0.27 read into input chan: 0xc0000783c0
IP: 10.22.0.29 read into input chan: 0xc0000781e0
ArpWatch worker: Processing IP: 10.22.0.27
ArpHosts worker: Processing IP: 10.22.0.27
ArpHosts worker: Processing IP: 10.22.0.28
ArpHosts worker: Processing IP: 10.22.0.29
ArpWatch worker: Processing IP: 10.22.0.26
ArpWatch worker: Processing IP: 10.22.0.28
ArpHosts worker: Processing IP: 10.22.0.30
IP: 10.22.0.28 read into input chan: 0xc0000783c0
IP: 10.22.0.29 read into input chan: 0xc0000783c0
IP: 10.22.0.30 read into input chan: 0xc0000783c0
IP: 10.22.0.30 read into input chan: 0xc0000781e0
IP: 10.22.0.31 read into input chan: 0xc0000781e0
ArpWatch worker: Processing IP: 10.22.0.30
IP: 10.22.0.31 read into input chan: 0xc0000783c0
ArpWatch worker: Processing IP: 10.22.0.31
ArpHosts worker: Processing IP: 10.22.0.31
ArpHosts worker: Processing IP: 10.22.0.32
ArpWatch worker: Processing IP: 10.22.0.29
IP: 10.22.0.32 read into input chan: 0xc0000781e0
IP: 10.22.0.33 read into input chan: 0xc0000781e0
ArpWatch worker: Processing IP: 10.22.0.32
IP: 10.22.0.32 read into input chan: 0xc0000783c0
ArpHosts worker: Processing IP: 10.22.0.33
ArpWatch worker: Processing IP: 10.22.0.33
ArpHosts worker: Processing IP: 10.22.0.34
IP: 10.22.0.33 read into input chan: 0xc0000783c0
IP: 10.22.0.34 read into input chan: 0xc0000783c0
IP: 10.22.0.35 read into input chan: 0xc0000783c0
IP: 10.22.0.34 read into input chan: 0xc0000781e0
IP: 10.22.0.35 read into input chan: 0xc0000781e0
ArpWatch worker: Processing IP: 10.22.0.35
ArpWatch worker: Processing IP: 10.22.0.36
IP: 10.22.0.36 read into input chan: 0xc0000781e0
ArpWatch worker: Processing IP: 10.22.0.34
IP: 10.22.0.36 read into input chan: 0xc0000783c0
IP: 10.22.0.37 read into input chan: 0xc0000783c0
ArpHosts worker: Processing IP: 10.22.0.35
ArpHosts worker: Processing IP: 10.22.0.36
ArpHosts worker: Processing IP: 10.22.0.37
IP: 10.22.0.37 read into input chan: 0xc0000781e0
IP: 10.22.0.38 read into input chan: 0xc0000783c0
ArpHosts worker: Processing IP: 10.22.0.38
ArpWatch worker: Processing IP: 10.22.0.38
IP: 10.22.0.38 read into input chan: 0xc0000781e0
IP: 10.22.0.39 read into input chan: 0xc0000781e0
IP: 10.22.0.40 read into input chan: 0xc0000781e0
ArpWatch worker: Processing IP: 10.22.0.37
ArpWatch worker: Processing IP: 10.22.0.39
IP: 10.22.0.41 read into input chan: 0xc0000781e0
IP: 10.22.0.39 read into input chan: 0xc0000783c0
IP: 10.22.0.40 read into input chan: 0xc0000783c0
IP: 10.22.0.41 read into input chan: 0xc0000783c0
ArpHosts worker: Processing IP: 10.22.0.39
ArpHosts worker: Processing IP: 10.22.0.40
ArpHosts worker: Processing IP: 10.22.0.41
ArpWatch worker: Processing IP: 10.22.0.41
IP: 10.22.0.42 read into input chan: 0xc0000783c0
ArpWatch worker: Processing IP: 10.22.0.42
ArpWatch worker: Processing IP: 10.22.0.43
IP: 10.22.0.43 read into input chan: 0xc0000783c0
IP: 10.22.0.44 read into input chan: 0xc0000783c0
ArpHosts worker: Processing IP: 10.22.0.42
IP: 10.22.0.42 read into input chan: 0xc0000781e0
IP: 10.22.0.43 read into input chan: 0xc0000781e0
IP: 10.22.0.44 read into input chan: 0xc0000781e0
ArpWatch worker: Processing IP: 10.22.0.40
IP: 10.22.0.45 read into input chan: 0xc0000783c0
IP: 10.22.0.45 read into input chan: 0xc0000781e0
ArpWatch worker: Processing IP: 10.22.0.45
ArpHosts worker: Processing IP: 10.22.0.43
ArpHosts worker: Processing IP: 10.22.0.44
ArpWatch worker: Processing IP: 10.22.0.44
ArpWatch worker: Processing IP: 10.22.0.46
ArpHosts worker: Processing IP: 10.22.0.45
ArpHosts worker: Processing IP: 10.22.0.46
IP: 10.22.0.46 read into input chan: 0xc0000781e0
IP: 10.22.0.47 read into input chan: 0xc0000781e0
IP: 10.22.0.46 read into input chan: 0xc0000783c0
IP: 10.22.0.47 read into input chan: 0xc0000783c0
IP: 10.22.0.48 read into input chan: 0xc0000783c0
ArpHosts worker: Processing IP: 10.22.0.47
ArpWatch worker: Processing IP: 10.22.0.48
ArpHosts worker: Processing IP: 10.22.0.48
ArpWatch worker: Processing IP: 10.22.0.47
ArpWatch worker: Processing IP: 10.22.0.49
IP: 10.22.0.48 read into input chan: 0xc0000781e0
IP: 10.22.0.49 read into input chan: 0xc0000781e0
IP: 10.22.0.50 read into input chan: 0xc0000781e0
IP: 10.22.0.49 read into input chan: 0xc0000783c0
IP: 10.22.0.50 read into input chan: 0xc0000783c0
IP: 10.22.0.51 read into input chan: 0xc0000783c0
IP: 10.22.0.51 read into input chan: 0xc0000781e0
ArpWatch worker: Processing IP: 10.22.0.51
ArpWatch worker: Processing IP: 10.22.0.52
IP: 10.22.0.52 read into input chan: 0xc0000783c0
IP: 10.22.0.53 read into input chan: 0xc0000783c0
ArpHosts worker: Processing IP: 10.22.0.49
ArpHosts worker: Processing IP: 10.22.0.50
ArpHosts worker: Processing IP: 10.22.0.51
ArpWatch worker: Processing IP: 10.22.0.53
ArpWatch worker: Processing IP: 10.22.0.54
IP: 10.22.0.54 read into input chan: 0xc0000783c0
IP: 10.22.0.55 read into input chan: 0xc0000783c0
ArpHosts worker: Processing IP: 10.22.0.52
ArpWatch worker: Processing IP: 10.22.0.50
IP: 10.22.0.52 read into input chan: 0xc0000781e0
IP: 10.22.0.53 read into input chan: 0xc0000781e0
IP: 10.22.0.54 read into input chan: 0xc0000781e0
IP: 10.22.0.56 read into input chan: 0xc0000783c0
IP: 10.22.0.55 read into input chan: 0xc0000781e0
ArpWatch worker: Processing IP: 10.22.0.56
ArpHosts worker: Processing IP: 10.22.0.53
ArpHosts worker: Processing IP: 10.22.0.54
ArpHosts worker: Processing IP: 10.22.0.55
ArpWatch worker: Processing IP: 10.22.0.55
ArpWatch worker: Processing IP: 10.22.0.57
ArpHosts worker: Processing IP: 10.22.0.56
IP: 10.22.0.57 read into input chan: 0xc0000783c0
IP: 10.22.0.58 read into input chan: 0xc0000783c0
IP: 10.22.0.59 read into input chan: 0xc0000783c0
IP: 10.22.0.56 read into input chan: 0xc0000781e0
IP: 10.22.0.57 read into input chan: 0xc0000781e0
IP: 10.22.0.58 read into input chan: 0xc0000781e0
ArpWatch worker: Processing IP: 10.22.0.59
IP: 10.22.0.59 read into input chan: 0xc0000781e0
ArpWatch worker: Processing IP: 10.22.0.58
ArpWatch worker: Processing IP: 10.22.0.60
ArpHosts worker: Processing IP: 10.22.0.57
ArpHosts worker: Processing IP: 10.22.0.58
ArpHosts worker: Processing IP: 10.22.0.59
IP: 10.22.0.60 read into input chan: 0xc0000783c0
IP: 10.22.0.61 read into input chan: 0xc0000783c0
IP: 10.22.0.62 read into input chan: 0xc0000783c0
ArpHosts worker: Processing IP: 10.22.0.60
ArpWatch worker: Processing IP: 10.22.0.62
IP: 10.22.0.60 read into input chan: 0xc0000781e0
IP: 10.22.0.61 read into input chan: 0xc0000781e0
IP: 10.22.0.62 read into input chan: 0xc0000781e0
IP: 10.22.0.63 read into input chan: 0xc0000781e0
ArpWatch worker: Processing IP: 10.22.0.63
IP: 10.22.0.63 read into input chan: 0xc0000783c0
IP: 10.22.0.64 read into input chan: 0xc0000783c0
ArpHosts worker: Processing IP: 10.22.0.61
IP: 10.22.0.65 read into input chan: 0xc0000783c0
ArpWatch worker: Processing IP: 10.22.0.64
ArpWatch worker: Processing IP: 10.22.0.65
ArpWatch worker: Processing IP: 10.22.0.61
IP: 10.22.0.66 read into input chan: 0xc0000783c0
ArpHosts worker: Processing IP: 10.22.0.62
ArpHosts worker: Processing IP: 10.22.0.63
ArpHosts worker: Processing IP: 10.22.0.64
IP: 10.22.0.64 read into input chan: 0xc0000781e0
ArpWatch worker: Processing IP: 10.22.0.66
ArpHosts worker: Processing IP: 10.22.0.65
ArpWatch worker: Processing IP: 10.22.0.67
IP: 10.22.0.65 read into input chan: 0xc0000781e0
IP: 10.22.0.66 read into input chan: 0xc0000781e0
IP: 10.22.0.67 read into input chan: 0xc0000781e0
IP: 10.22.0.67 read into input chan: 0xc0000783c0
IP: 10.22.0.68 read into input chan: 0xc0000783c0
IP: 10.22.0.69 read into input chan: 0xc0000783c0
ArpWatch worker: Processing IP: 10.22.0.69
IP: 10.22.0.70 read into input chan: 0xc0000783c0
ArpWatch worker: Processing IP: 10.22.0.70
ArpWatch worker: Processing IP: 10.22.0.68
IP: 10.22.0.71 read into input chan: 0xc0000783c0
ArpHosts worker: Processing IP: 10.22.0.66
ArpHosts worker: Processing IP: 10.22.0.67
ArpHosts worker: Processing IP: 10.22.0.68
IP: 10.22.0.68 read into input chan: 0xc0000781e0
ArpWatch worker: Processing IP: 10.22.0.71
ArpHosts worker: Processing IP: 10.22.0.69
ArpWatch worker: Processing IP: 10.22.0.72
IP: 10.22.0.69 read into input chan: 0xc0000781e0
IP: 10.22.0.70 read into input chan: 0xc0000781e0
IP: 10.22.0.71 read into input chan: 0xc0000781e0
IP: 10.22.0.72 read into input chan: 0xc0000783c0
IP: 10.22.0.73 read into input chan: 0xc0000783c0
IP: 10.22.0.74 read into input chan: 0xc0000783c0
IP: 10.22.0.72 read into input chan: 0xc0000781e0
ArpWatch worker: Processing IP: 10.22.0.74
ArpWatch worker: Processing IP: 10.22.0.73
ArpHosts worker: Processing IP: 10.22.0.70
ArpHosts worker: Processing IP: 10.22.0.71
IP: 10.22.0.75 read into input chan: 0xc0000783c0
IP: 10.22.0.76 read into input chan: 0xc0000783c0
IP: 10.22.0.77 read into input chan: 0xc0000783c0
ArpWatch worker: Processing IP: 10.22.0.75
ArpHosts worker: Processing IP: 10.22.0.72
ArpWatch worker: Processing IP: 10.22.0.77
ArpHosts worker: Processing IP: 10.22.0.73
ArpWatch worker: Processing IP: 10.22.0.76
ArpWatch worker: Processing IP: 10.22.0.78
IP: 10.22.0.73 read into input chan: 0xc0000781e0
IP: 10.22.0.74 read into input chan: 0xc0000781e0
IP: 10.22.0.75 read into input chan: 0xc0000781e0
IP: 10.22.0.78 read into input chan: 0xc0000783c0
IP: 10.22.0.79 read into input chan: 0xc0000783c0
IP: 10.22.0.80 read into input chan: 0xc0000783c0
IP: 10.22.0.76 read into input chan: 0xc0000781e0
ArpWatch worker: Processing IP: 10.22.0.80
ArpHosts worker: Processing IP: 10.22.0.74
ArpHosts worker: Processing IP: 10.22.0.75
ArpWatch worker: Processing IP: 10.22.0.81
ArpHosts worker: Processing IP: 10.22.0.76
ArpHosts worker: Processing IP: 10.22.0.77
IP: 10.22.0.77 read into input chan: 0xc0000781e0
IP: 10.22.0.78 read into input chan: 0xc0000781e0
ArpWatch worker: Processing IP: 10.22.0.79
ArpHosts worker: Processing IP: 10.22.0.78
IP: 10.22.0.81 read into input chan: 0xc0000783c0
IP: 10.22.0.82 read into input chan: 0xc0000783c0
IP: 10.22.0.83 read into input chan: 0xc0000783c0
ArpHosts worker: Processing IP: 10.22.0.79
ArpWatch worker: Processing IP: 10.22.0.83
IP: 10.22.0.79 read into input chan: 0xc0000781e0
IP: 10.22.0.80 read into input chan: 0xc0000781e0
IP: 10.22.0.81 read into input chan: 0xc0000781e0
ArpWatch worker: Processing IP: 10.22.0.82
ArpWatch worker: Processing IP: 10.22.0.84
IP: 10.22.0.82 read into input chan: 0xc0000781e0
IP: 10.22.0.84 read into input chan: 0xc0000783c0
IP: 10.22.0.85 read into input chan: 0xc0000783c0
IP: 10.22.0.86 read into input chan: 0xc0000783c0
ArpHosts worker: Processing IP: 10.22.0.80
ArpWatch worker: Processing IP: 10.22.0.86
IP: 10.22.0.83 read into input chan: 0xc0000781e0
ArpWatch worker: Processing IP: 10.22.0.87
IP: 10.22.0.87 read into input chan: 0xc0000783c0
IP: 10.22.0.88 read into input chan: 0xc0000783c0
ArpHosts worker: Processing IP: 10.22.0.81
ArpHosts worker: Processing IP: 10.22.0.82
ArpHosts worker: Processing IP: 10.22.0.83
ArpWatch worker: Processing IP: 10.22.0.85
IP: 10.22.0.89 read into input chan: 0xc0000783c0
ArpHosts worker: Processing IP: 10.22.0.84
ArpWatch worker: Processing IP: 10.22.0.89
IP: 10.22.0.84 read into input chan: 0xc0000781e0
IP: 10.22.0.85 read into input chan: 0xc0000781e0
IP: 10.22.0.86 read into input chan: 0xc0000781e0
ArpWatch worker: Processing IP: 10.22.0.88
ArpWatch worker: Processing IP: 10.22.0.90
IP: 10.22.0.87 read into input chan: 0xc0000781e0
IP: 10.22.0.90 read into input chan: 0xc0000783c0
IP: 10.22.0.91 read into input chan: 0xc0000783c0
ArpHosts worker: Processing IP: 10.22.0.85
ArpWatch worker: Processing IP: 10.22.0.92
ArpHosts worker: Processing IP: 10.22.0.86
ArpHosts worker: Processing IP: 10.22.0.87
IP: 10.22.0.92 read into input chan: 0xc0000783c0
IP: 10.22.0.93 read into input chan: 0xc0000783c0
IP: 10.22.0.94 read into input chan: 0xc0000783c0
IP: 10.22.0.88 read into input chan: 0xc0000781e0
ArpHosts worker: Processing IP: 10.22.0.88
ArpWatch worker: Processing IP: 10.22.0.91
ArpWatch worker: Processing IP: 10.22.0.94
ArpHosts worker: Processing IP: 10.22.0.89
ArpWatch worker: Processing IP: 10.22.0.93
ArpWatch worker: Processing IP: 10.22.0.95
IP: 10.22.0.89 read into input chan: 0xc0000781e0
IP: 10.22.0.90 read into input chan: 0xc0000781e0
IP: 10.22.0.91 read into input chan: 0xc0000781e0
IP: 10.22.0.95 read into input chan: 0xc0000783c0
IP: 10.22.0.96 read into input chan: 0xc0000783c0
IP: 10.22.0.97 read into input chan: 0xc0000783c0
IP: 10.22.0.92 read into input chan: 0xc0000781e0
ArpWatch worker: Processing IP: 10.22.0.97
ArpWatch worker: Processing IP: 10.22.0.98
ArpWatch worker: Processing IP: 10.22.0.96
IP: 10.22.0.98 read into input chan: 0xc0000783c0
IP: 10.22.0.99 read into input chan: 0xc0000783c0
IP: 10.22.0.100 read into input chan: 0xc0000783c0
ArpHosts worker: Processing IP: 10.22.0.90
ArpHosts worker: Processing IP: 10.22.0.91
ArpHosts worker: Processing IP: 10.22.0.92
ArpWatch worker: Processing IP: 10.22.0.100
ArpHosts worker: Processing IP: 10.22.0.93
ArpWatch worker: Processing IP: 10.22.0.99
ArpWatch worker: Processing IP: 10.22.0.101
IP: 10.22.0.93 read into input chan: 0xc0000781e0
IP: 10.22.0.94 read into input chan: 0xc0000781e0
IP: 10.22.0.95 read into input chan: 0xc0000781e0
IP: 10.22.0.101 read into input chan: 0xc0000783c0
IP: 10.22.0.102 read into input chan: 0xc0000783c0
IP: 10.22.0.103 read into input chan: 0xc0000783c0
IP: 10.22.0.96 read into input chan: 0xc0000781e0
ArpWatch worker: Processing IP: 10.22.0.103
ArpHosts worker: Processing IP: 10.22.0.94
ArpWatch worker: Processing IP: 10.22.0.102
ArpWatch worker: Processing IP: 10.22.0.104
IP: 10.22.0.97 read into input chan: 0xc0000781e0
ArpHosts worker: Processing IP: 10.22.0.95
ArpHosts worker: Processing IP: 10.22.0.96
IP: 10.22.0.104 read into input chan: 0xc0000783c0
IP: 10.22.0.98 read into input chan: 0xc0000781e0
IP: 10.22.0.99 read into input chan: 0xc0000781e0
IP: 10.22.0.105 read into input chan: 0xc0000783c0
IP: 10.22.0.106 read into input chan: 0xc0000783c0
IP: 10.22.0.107 read into input chan: 0xc0000783c0
ArpWatch worker: Processing IP: 10.22.0.105
ArpWatch worker: Processing IP: 10.22.0.107
ArpHosts worker: Processing IP: 10.22.0.97
ArpHosts worker: Processing IP: 10.22.0.98
ArpHosts worker: Processing IP: 10.22.0.99
ArpWatch worker: Processing IP: 10.22.0.106
ArpWatch worker: Processing IP: 10.22.0.108
IP: 10.22.0.108 read into input chan: 0xc0000783c0
ArpHosts worker: Processing IP: 10.22.0.100
ArpWatch worker: Processing IP: 10.22.0.109
IP: 10.22.0.100 read into input chan: 0xc0000781e0
IP: 10.22.0.101 read into input chan: 0xc0000781e0
IP: 10.22.0.102 read into input chan: 0xc0000781e0
IP: 10.22.0.109 read into input chan: 0xc0000783c0
IP: 10.22.0.110 read into input chan: 0xc0000783c0
IP: 10.22.0.111 read into input chan: 0xc0000783c0
IP: 10.22.0.103 read into input chan: 0xc0000781e0
ArpWatch worker: Processing IP: 10.22.0.111
ArpWatch worker: Processing IP: 10.22.0.112
IP: 10.22.0.112 read into input chan: 0xc0000783c0
ArpWatch worker: Processing IP: 10.22.0.110
ArpWatch worker: Processing IP: 10.22.0.113
IP: 10.22.0.113 read into input chan: 0xc0000783c0
ArpHosts worker: Processing IP: 10.22.0.101
IP: 10.22.0.114 read into input chan: 0xc0000783c0
IP: 10.22.0.115 read into input chan: 0xc0000783c0
ArpHosts worker: Processing IP: 10.22.0.102
ArpHosts worker: Processing IP: 10.22.0.103
ArpHosts worker: Processing IP: 10.22.0.104
ArpWatch worker: Processing IP: 10.22.0.114
IP: 10.22.0.116 read into input chan: 0xc0000783c0
IP: 10.22.0.104 read into input chan: 0xc0000781e0
ArpHosts worker: Processing IP: 10.22.0.105
ArpWatch worker: Processing IP: 10.22.0.116
IP: 10.22.0.105 read into input chan: 0xc0000781e0
IP: 10.22.0.106 read into input chan: 0xc0000781e0
IP: 10.22.0.107 read into input chan: 0xc0000781e0
ArpWatch worker: Processing IP: 10.22.0.115
ArpWatch worker: Processing IP: 10.22.0.117
IP: 10.22.0.117 read into input chan: 0xc0000783c0
ArpHosts worker: Processing IP: 10.22.0.106
ArpHosts worker: Processing IP: 10.22.0.107
ArpWatch worker: Processing IP: 10.22.0.118
IP: 10.22.0.108 read into input chan: 0xc0000781e0
IP: 10.22.0.118 read into input chan: 0xc0000783c0
IP: 10.22.0.119 read into input chan: 0xc0000783c0
IP: 10.22.0.120 read into input chan: 0xc0000783c0
ArpHosts worker: Processing IP: 10.22.0.108
ArpWatch worker: Processing IP: 10.22.0.120
IP: 10.22.0.121 read into input chan: 0xc0000783c0
ArpWatch worker: Processing IP: 10.22.0.121
ArpHosts worker: Processing IP: 10.22.0.109
IP: 10.22.0.122 read into input chan: 0xc0000783c0
IP: 10.22.0.109 read into input chan: 0xc0000781e0
IP: 10.22.0.110 read into input chan: 0xc0000781e0
IP: 10.22.0.111 read into input chan: 0xc0000781e0
ArpWatch worker: Processing IP: 10.22.0.119
ArpWatch worker: Processing IP: 10.22.0.122
IP: 10.22.0.112 read into input chan: 0xc0000781e0
ArpWatch worker: Processing IP: 10.22.0.123
ArpHosts worker: Processing IP: 10.22.0.110
ArpHosts worker: Processing IP: 10.22.0.111
ArpHosts worker: Processing IP: 10.22.0.112
IP: 10.22.0.123 read into input chan: 0xc0000783c0
IP: 10.22.0.124 read into input chan: 0xc0000783c0
IP: 10.22.0.125 read into input chan: 0xc0000783c0
ArpHosts worker: Processing IP: 10.22.0.113
ArpWatch worker: Processing IP: 10.22.0.125
ArpWatch worker: Processing IP: 10.22.0.124
ArpWatch worker: Processing IP: 10.22.0.126
IP: 10.22.0.126 read into input chan: 0xc0000783c0
IP: 10.22.0.127 read into input chan: 0xc0000783c0
IP: 10.22.0.128 read into input chan: 0xc0000783c0
IP: 10.22.0.113 read into input chan: 0xc0000781e0
IP: 10.22.0.114 read into input chan: 0xc0000781e0
IP: 10.22.0.115 read into input chan: 0xc0000781e0
ArpWatch worker: Processing IP: 10.22.0.128
IP: 10.22.0.116 read into input chan: 0xc0000781e0
ArpWatch worker: Processing IP: 10.22.0.127
ArpWatch worker: Processing IP: 10.22.0.129
ArpHosts worker: Processing IP: 10.22.0.114
ArpHosts worker: Processing IP: 10.22.0.115
ArpHosts worker: Processing IP: 10.22.0.116
IP: 10.22.0.129 read into input chan: 0xc0000783c0
IP: 10.22.0.130 read into input chan: 0xc0000783c0
IP: 10.22.0.131 read into input chan: 0xc0000783c0
ArpHosts worker: Processing IP: 10.22.0.117
IP: 10.22.0.117 read into input chan: 0xc0000781e0
IP: 10.22.0.118 read into input chan: 0xc0000781e0
ArpWatch worker: Processing IP: 10.22.0.131
ArpHosts worker: Processing IP: 10.22.0.118
ArpWatch worker: Processing IP: 10.22.0.130
IP: 10.22.0.119 read into input chan: 0xc0000781e0
IP: 10.22.0.120 read into input chan: 0xc0000781e0
IP: 10.22.0.132 read into input chan: 0xc0000783c0
IP: 10.22.0.133 read into input chan: 0xc0000783c0
IP: 10.22.0.134 read into input chan: 0xc0000783c0
ArpWatch worker: Processing IP: 10.22.0.132
IP: 10.22.0.121 read into input chan: 0xc0000781e0
ArpHosts worker: Processing IP: 10.22.0.119
ArpWatch worker: Processing IP: 10.22.0.134
IP: 10.22.0.122 read into input chan: 0xc0000781e0
ArpWatch worker: Processing IP: 10.22.0.133
ArpWatch worker: Processing IP: 10.22.0.135
ArpHosts worker: Processing IP: 10.22.0.120
ArpHosts worker: Processing IP: 10.22.0.121
ArpHosts worker: Processing IP: 10.22.0.122
IP: 10.22.0.135 read into input chan: 0xc0000783c0
IP: 10.22.0.136 read into input chan: 0xc0000783c0
IP: 10.22.0.137 read into input chan: 0xc0000783c0
ArpWatch worker: Processing IP: 10.22.0.137
IP: 10.22.0.123 read into input chan: 0xc0000781e0
IP: 10.22.0.124 read into input chan: 0xc0000781e0
IP: 10.22.0.125 read into input chan: 0xc0000781e0
ArpHosts worker: Processing IP: 10.22.0.123
ArpHosts worker: Processing IP: 10.22.0.124
ArpWatch worker: Processing IP: 10.22.0.136
IP: 10.22.0.138 read into input chan: 0xc0000783c0
IP: 10.22.0.139 read into input chan: 0xc0000783c0
IP: 10.22.0.140 read into input chan: 0xc0000783c0
ArpWatch worker: Processing IP: 10.22.0.138
ArpHosts worker: Processing IP: 10.22.0.125
ArpWatch worker: Processing IP: 10.22.0.140
ArpHosts worker: Processing IP: 10.22.0.126
ArpWatch worker: Processing IP: 10.22.0.139
ArpWatch worker: Processing IP: 10.22.0.141
IP: 10.22.0.126 read into input chan: 0xc0000781e0
IP: 10.22.0.127 read into input chan: 0xc0000781e0
IP: 10.22.0.128 read into input chan: 0xc0000781e0
IP: 10.22.0.141 read into input chan: 0xc0000783c0
IP: 10.22.0.142 read into input chan: 0xc0000783c0
IP: 10.22.0.143 read into input chan: 0xc0000783c0
ArpHosts worker: Processing IP: 10.22.0.127
ArpWatch worker: Processing IP: 10.22.0.143
IP: 10.22.0.144 read into input chan: 0xc0000783c0
IP: 10.22.0.145 read into input chan: 0xc0000783c0
ArpHosts worker: Processing IP: 10.22.0.128
ArpHosts worker: Processing IP: 10.22.0.129
ArpWatch worker: Processing IP: 10.22.0.142
IP: 10.22.0.129 read into input chan: 0xc0000781e0
IP: 10.22.0.130 read into input chan: 0xc0000781e0
IP: 10.22.0.146 read into input chan: 0xc0000783c0
ArpWatch worker: Processing IP: 10.22.0.144
ArpHosts worker: Processing IP: 10.22.0.130
ArpWatch worker: Processing IP: 10.22.0.146
ArpHosts worker: Processing IP: 10.22.0.131
ArpWatch worker: Processing IP: 10.22.0.145
ArpWatch worker: Processing IP: 10.22.0.147
IP: 10.22.0.131 read into input chan: 0xc0000781e0
IP: 10.22.0.132 read into input chan: 0xc0000781e0
IP: 10.22.0.133 read into input chan: 0xc0000781e0
IP: 10.22.0.147 read into input chan: 0xc0000783c0
IP: 10.22.0.148 read into input chan: 0xc0000783c0
IP: 10.22.0.149 read into input chan: 0xc0000783c0
ArpWatch worker: Processing IP: 10.22.0.149
ArpWatch worker: Processing IP: 10.22.0.148
ArpWatch worker: Processing IP: 10.22.0.150
IP: 10.22.0.150 read into input chan: 0xc0000783c0
IP: 10.22.0.151 read into input chan: 0xc0000783c0
ArpHosts worker: Processing IP: 10.22.0.132
ArpHosts worker: Processing IP: 10.22.0.133
ArpHosts worker: Processing IP: 10.22.0.134
IP: 10.22.0.134 read into input chan: 0xc0000781e0
IP: 10.22.0.152 read into input chan: 0xc0000783c0
ArpHosts worker: Processing IP: 10.22.0.135
ArpWatch worker: Processing IP: 10.22.0.152
IP: 10.22.0.135 read into input chan: 0xc0000781e0
IP: 10.22.0.136 read into input chan: 0xc0000781e0
IP: 10.22.0.137 read into input chan: 0xc0000781e0
ArpWatch worker: Processing IP: 10.22.0.151
ArpWatch worker: Processing IP: 10.22.0.153
IP: 10.22.0.138 read into input chan: 0xc0000781e0
IP: 10.22.0.153 read into input chan: 0xc0000783c0
IP: 10.22.0.154 read into input chan: 0xc0000783c0
IP: 10.22.0.155 read into input chan: 0xc0000783c0
ArpWatch worker: Processing IP: 10.22.0.154
ArpWatch worker: Processing IP: 10.22.0.156
ArpHosts worker: Processing IP: 10.22.0.136
ArpHosts worker: Processing IP: 10.22.0.137
ArpHosts worker: Processing IP: 10.22.0.138
ArpWatch worker: Processing IP: 10.22.0.155
IP: 10.22.0.156 read into input chan: 0xc0000783c0
IP: 10.22.0.157 read into input chan: 0xc0000783c0
IP: 10.22.0.158 read into input chan: 0xc0000783c0
ArpHosts worker: Processing IP: 10.22.0.139
ArpWatch worker: Processing IP: 10.22.0.158
IP: 10.22.0.139 read into input chan: 0xc0000781e0
IP: 10.22.0.140 read into input chan: 0xc0000781e0
IP: 10.22.0.141 read into input chan: 0xc0000781e0
ArpWatch worker: Processing IP: 10.22.0.157
ArpWatch worker: Processing IP: 10.22.0.159
IP: 10.22.0.142 read into input chan: 0xc0000781e0
IP: 10.22.0.159 read into input chan: 0xc0000783c0
IP: 10.22.0.160 read into input chan: 0xc0000783c0
IP: 10.22.0.161 read into input chan: 0xc0000783c0
ArpHosts worker: Processing IP: 10.22.0.140
ArpHosts worker: Processing IP: 10.22.0.141
ArpWatch worker: Processing IP: 10.22.0.161
ArpHosts worker: Processing IP: 10.22.0.142
ArpWatch worker: Processing IP: 10.22.0.162
IP: 10.22.0.143 read into input chan: 0xc0000781e0
IP: 10.22.0.162 read into input chan: 0xc0000783c0
ArpWatch worker: Processing IP: 10.22.0.160
IP: 10.22.0.144 read into input chan: 0xc0000781e0
IP: 10.22.0.145 read into input chan: 0xc0000781e0
IP: 10.22.0.163 read into input chan: 0xc0000783c0
IP: 10.22.0.164 read into input chan: 0xc0000783c0
IP: 10.22.0.165 read into input chan: 0xc0000783c0
ArpWatch worker: Processing IP: 10.22.0.163
ArpWatch worker: Processing IP: 10.22.0.165
IP: 10.22.0.166 read into input chan: 0xc0000783c0
ArpWatch worker: Processing IP: 10.22.0.164
ArpHosts worker: Processing IP: 10.22.0.143
ArpHosts worker: Processing IP: 10.22.0.144
ArpHosts worker: Processing IP: 10.22.0.145
ArpWatch worker: Processing IP: 10.22.0.166
ArpHosts worker: Processing IP: 10.22.0.146
IP: 10.22.0.146 read into input chan: 0xc0000781e0
IP: 10.22.0.147 read into input chan: 0xc0000781e0
IP: 10.22.0.148 read into input chan: 0xc0000781e0
IP: 10.22.0.149 read into input chan: 0xc0000781e0
ArpHosts worker: Processing IP: 10.22.0.147
ArpHosts worker: Processing IP: 10.22.0.148
ArpWatch worker: Processing IP: 10.22.0.167
IP: 10.22.0.150 read into input chan: 0xc0000781e0
IP: 10.22.0.167 read into input chan: 0xc0000783c0
IP: 10.22.0.168 read into input chan: 0xc0000783c0
IP: 10.22.0.169 read into input chan: 0xc0000783c0
IP: 10.22.0.151 read into input chan: 0xc0000781e0
ArpWatch worker: Processing IP: 10.22.0.169
ArpHosts worker: Processing IP: 10.22.0.149
ArpHosts worker: Processing IP: 10.22.0.150
ArpHosts worker: Processing IP: 10.22.0.151
ArpWatch worker: Processing IP: 10.22.0.168
ArpWatch worker: Processing IP: 10.22.0.170
ArpHosts worker: Processing IP: 10.22.0.152
IP: 10.22.0.170 read into input chan: 0xc0000783c0
IP: 10.22.0.171 read into input chan: 0xc0000783c0
IP: 10.22.0.172 read into input chan: 0xc0000783c0
IP: 10.22.0.152 read into input chan: 0xc0000781e0
ArpWatch worker: Processing IP: 10.22.0.172
IP: 10.22.0.173 read into input chan: 0xc0000783c0
IP: 10.22.0.174 read into input chan: 0xc0000783c0
ArpWatch worker: Processing IP: 10.22.0.171
ArpWatch worker: Processing IP: 10.22.0.173
IP: 10.22.0.153 read into input chan: 0xc0000781e0
IP: 10.22.0.154 read into input chan: 0xc0000781e0
IP: 10.22.0.155 read into input chan: 0xc0000781e0
ArpHosts worker: Processing IP: 10.22.0.153
IP: 10.22.0.175 read into input chan: 0xc0000783c0
IP: 10.22.0.156 read into input chan: 0xc0000781e0
ArpWatch worker: Processing IP: 10.22.0.175
ArpHosts worker: Processing IP: 10.22.0.154
ArpHosts worker: Processing IP: 10.22.0.155
ArpHosts worker: Processing IP: 10.22.0.156
ArpWatch worker: Processing IP: 10.22.0.174
ArpWatch worker: Processing IP: 10.22.0.176
ArpHosts worker: Processing IP: 10.22.0.157
IP: 10.22.0.176 read into input chan: 0xc0000783c0
IP: 10.22.0.177 read into input chan: 0xc0000783c0
IP: 10.22.0.178 read into input chan: 0xc0000783c0
IP: 10.22.0.157 read into input chan: 0xc0000781e0
IP: 10.22.0.158 read into input chan: 0xc0000781e0
IP: 10.22.0.159 read into input chan: 0xc0000781e0
ArpWatch worker: Processing IP: 10.22.0.178
IP: 10.22.0.160 read into input chan: 0xc0000781e0
ArpWatch worker: Processing IP: 10.22.0.177
ArpWatch worker: Processing IP: 10.22.0.179
ArpHosts worker: Processing IP: 10.22.0.158
ArpHosts worker: Processing IP: 10.22.0.159
ArpHosts worker: Processing IP: 10.22.0.160
IP: 10.22.0.179 read into input chan: 0xc0000783c0
IP: 10.22.0.180 read into input chan: 0xc0000783c0
IP: 10.22.0.181 read into input chan: 0xc0000783c0
ArpHosts worker: Processing IP: 10.22.0.161
ArpWatch worker: Processing IP: 10.22.0.181
IP: 10.22.0.161 read into input chan: 0xc0000781e0
IP: 10.22.0.162 read into input chan: 0xc0000781e0
IP: 10.22.0.163 read into input chan: 0xc0000781e0
ArpWatch worker: Processing IP: 10.22.0.182
IP: 10.22.0.182 read into input chan: 0xc0000783c0
IP: 10.22.0.183 read into input chan: 0xc0000783c0
ArpHosts worker: Processing IP: 10.22.0.162
ArpHosts worker: Processing IP: 10.22.0.163
ArpHosts worker: Processing IP: 10.22.0.164
ArpWatch worker: Processing IP: 10.22.0.180
IP: 10.22.0.184 read into input chan: 0xc0000783c0
IP: 10.22.0.164 read into input chan: 0xc0000781e0
ArpHosts worker: Processing IP: 10.22.0.165
ArpWatch worker: Processing IP: 10.22.0.184
IP: 10.22.0.165 read into input chan: 0xc0000781e0
IP: 10.22.0.166 read into input chan: 0xc0000781e0
IP: 10.22.0.167 read into input chan: 0xc0000781e0
ArpWatch worker: Processing IP: 10.22.0.183
ArpWatch worker: Processing IP: 10.22.0.185
IP: 10.22.0.168 read into input chan: 0xc0000781e0
IP: 10.22.0.185 read into input chan: 0xc0000783c0
IP: 10.22.0.186 read into input chan: 0xc0000783c0
IP: 10.22.0.187 read into input chan: 0xc0000783c0
ArpHosts worker: Processing IP: 10.22.0.166
ArpHosts worker: Processing IP: 10.22.0.167
ArpHosts worker: Processing IP: 10.22.0.168
ArpWatch worker: Processing IP: 10.22.0.187
ArpWatch worker: Processing IP: 10.22.0.186
ArpHosts worker: Processing IP: 10.22.0.169
IP: 10.22.0.169 read into input chan: 0xc0000781e0
IP: 10.22.0.170 read into input chan: 0xc0000781e0
ArpWatch worker: Processing IP: 10.22.0.188
IP: 10.22.0.188 read into input chan: 0xc0000783c0
IP: 10.22.0.189 read into input chan: 0xc0000783c0
IP: 10.22.0.190 read into input chan: 0xc0000783c0
IP: 10.22.0.171 read into input chan: 0xc0000781e0
ArpWatch worker: Processing IP: 10.22.0.190
IP: 10.22.0.172 read into input chan: 0xc0000781e0
ArpWatch worker: Processing IP: 10.22.0.189
ArpWatch worker: Processing IP: 10.22.0.191
ArpHosts worker: Processing IP: 10.22.0.170
ArpHosts worker: Processing IP: 10.22.0.171
ArpHosts worker: Processing IP: 10.22.0.172
IP: 10.22.0.191 read into input chan: 0xc0000783c0
IP: 10.22.0.192 read into input chan: 0xc0000783c0
IP: 10.22.0.193 read into input chan: 0xc0000783c0
ArpHosts worker: Processing IP: 10.22.0.173
ArpWatch worker: Processing IP: 10.22.0.193
IP: 10.22.0.173 read into input chan: 0xc0000781e0
ArpWatch worker: Processing IP: 10.22.0.194
IP: 10.22.0.174 read into input chan: 0xc0000781e0
IP: 10.22.0.175 read into input chan: 0xc0000781e0
ArpHosts worker: Processing IP: 10.22.0.174
IP: 10.22.0.194 read into input chan: 0xc0000783c0
IP: 10.22.0.195 read into input chan: 0xc0000783c0
IP: 10.22.0.196 read into input chan: 0xc0000783c0
ArpWatch worker: Processing IP: 10.22.0.192
IP: 10.22.0.176 read into input chan: 0xc0000781e0
ArpWatch worker: Processing IP: 10.22.0.196
IP: 10.22.0.177 read into input chan: 0xc0000781e0
ArpWatch worker: Processing IP: 10.22.0.195
ArpWatch worker: Processing IP: 10.22.0.197
ArpHosts worker: Processing IP: 10.22.0.175
ArpHosts worker: Processing IP: 10.22.0.176
ArpHosts worker: Processing IP: 10.22.0.177
IP: 10.22.0.197 read into input chan: 0xc0000783c0
IP: 10.22.0.198 read into input chan: 0xc0000783c0
IP: 10.22.0.199 read into input chan: 0xc0000783c0
ArpHosts worker: Processing IP: 10.22.0.178
IP: 10.22.0.178 read into input chan: 0xc0000781e0
ArpWatch worker: Processing IP: 10.22.0.199
IP: 10.22.0.200 read into input chan: 0xc0000783c0
IP: 10.22.0.201 read into input chan: 0xc0000783c0
ArpWatch worker: Processing IP: 10.22.0.198
ArpWatch worker: Processing IP: 10.22.0.200
IP: 10.22.0.179 read into input chan: 0xc0000781e0
IP: 10.22.0.180 read into input chan: 0xc0000781e0
IP: 10.22.0.181 read into input chan: 0xc0000781e0
ArpHosts worker: Processing IP: 10.22.0.179
IP: 10.22.0.202 read into input chan: 0xc0000783c0
IP: 10.22.0.182 read into input chan: 0xc0000781e0
ArpWatch worker: Processing IP: 10.22.0.202
ArpHosts worker: Processing IP: 10.22.0.180
ArpHosts worker: Processing IP: 10.22.0.181
ArpHosts worker: Processing IP: 10.22.0.182
ArpWatch worker: Processing IP: 10.22.0.201
ArpWatch worker: Processing IP: 10.22.0.203
ArpHosts worker: Processing IP: 10.22.0.183
IP: 10.22.0.203 read into input chan: 0xc0000783c0
IP: 10.22.0.204 read into input chan: 0xc0000783c0
IP: 10.22.0.183 read into input chan: 0xc0000781e0
IP: 10.22.0.184 read into input chan: 0xc0000781e0
IP: 10.22.0.185 read into input chan: 0xc0000781e0
IP: 10.22.0.205 read into input chan: 0xc0000783c0
IP: 10.22.0.206 read into input chan: 0xc0000783c0
IP: 10.22.0.207 read into input chan: 0xc0000783c0
IP: 10.22.0.186 read into input chan: 0xc0000781e0
ArpWatch worker: Processing IP: 10.22.0.205
ArpWatch worker: Processing IP: 10.22.0.204
ArpWatch worker: Processing IP: 10.22.0.207
ArpHosts worker: Processing IP: 10.22.0.184
ArpHosts worker: Processing IP: 10.22.0.185
ArpHosts worker: Processing IP: 10.22.0.186
ArpWatch worker: Processing IP: 10.22.0.206
ArpWatch worker: Processing IP: 10.22.0.208
ArpHosts worker: Processing IP: 10.22.0.187
IP: 10.22.0.208 read into input chan: 0xc0000783c0
IP: 10.22.0.209 read into input chan: 0xc0000783c0
IP: 10.22.0.210 read into input chan: 0xc0000783c0
IP: 10.22.0.211 read into input chan: 0xc0000783c0
ArpWatch worker: Processing IP: 10.22.0.209
ArpWatch worker: Processing IP: 10.22.0.210
IP: 10.22.0.187 read into input chan: 0xc0000781e0
IP: 10.22.0.188 read into input chan: 0xc0000781e0
IP: 10.22.0.189 read into input chan: 0xc0000781e0
IP: 10.22.0.212 read into input chan: 0xc0000783c0
IP: 10.22.0.190 read into input chan: 0xc0000781e0
ArpWatch worker: Processing IP: 10.22.0.212
ArpHosts worker: Processing IP: 10.22.0.188
ArpHosts worker: Processing IP: 10.22.0.189
ArpHosts worker: Processing IP: 10.22.0.190
ArpWatch worker: Processing IP: 10.22.0.211
ArpWatch worker: Processing IP: 10.22.0.213
ArpHosts worker: Processing IP: 10.22.0.191
IP: 10.22.0.213 read into input chan: 0xc0000783c0
IP: 10.22.0.214 read into input chan: 0xc0000783c0
IP: 10.22.0.215 read into input chan: 0xc0000783c0
IP: 10.22.0.191 read into input chan: 0xc0000781e0
IP: 10.22.0.192 read into input chan: 0xc0000781e0
ArpHosts worker: Processing IP: 10.22.0.192
ArpHosts worker: Processing IP: 10.22.0.193
IP: 10.22.0.193 read into input chan: 0xc0000781e0
IP: 10.22.0.194 read into input chan: 0xc0000781e0
ArpWatch worker: Processing IP: 10.22.0.215
ArpWatch worker: Processing IP: 10.22.0.216
ArpWatch worker: Processing IP: 10.22.0.214
IP: 10.22.0.216 read into input chan: 0xc0000783c0
IP: 10.22.0.217 read into input chan: 0xc0000783c0
IP: 10.22.0.218 read into input chan: 0xc0000783c0
IP: 10.22.0.195 read into input chan: 0xc0000781e0
ArpWatch worker: Processing IP: 10.22.0.218
IP: 10.22.0.196 read into input chan: 0xc0000781e0
ArpWatch worker: Processing IP: 10.22.0.217
ArpWatch worker: Processing IP: 10.22.0.219
ArpHosts worker: Processing IP: 10.22.0.194
ArpHosts worker: Processing IP: 10.22.0.195
ArpHosts worker: Processing IP: 10.22.0.196
IP: 10.22.0.219 read into input chan: 0xc0000783c0
IP: 10.22.0.220 read into input chan: 0xc0000783c0
ArpWatch worker: Processing IP: 10.22.0.220
ArpHosts worker: Processing IP: 10.22.0.197
IP: 10.22.0.221 read into input chan: 0xc0000783c0
IP: 10.22.0.222 read into input chan: 0xc0000783c0
IP: 10.22.0.197 read into input chan: 0xc0000781e0
IP: 10.22.0.198 read into input chan: 0xc0000781e0
IP: 10.22.0.199 read into input chan: 0xc0000781e0
ArpWatch worker: Processing IP: 10.22.0.221
IP: 10.22.0.223 read into input chan: 0xc0000783c0
IP: 10.22.0.200 read into input chan: 0xc0000781e0
ArpWatch worker: Processing IP: 10.22.0.223
ArpHosts worker: Processing IP: 10.22.0.198
ArpHosts worker: Processing IP: 10.22.0.199
ArpHosts worker: Processing IP: 10.22.0.200
ArpWatch worker: Processing IP: 10.22.0.222
ArpWatch worker: Processing IP: 10.22.0.224
ArpHosts worker: Processing IP: 10.22.0.201
IP: 10.22.0.224 read into input chan: 0xc0000783c0
IP: 10.22.0.225 read into input chan: 0xc0000783c0
IP: 10.22.0.226 read into input chan: 0xc0000783c0
IP: 10.22.0.201 read into input chan: 0xc0000781e0
IP: 10.22.0.202 read into input chan: 0xc0000781e0
ArpWatch worker: Processing IP: 10.22.0.225
ArpWatch worker: Processing IP: 10.22.0.227
ArpWatch worker: Processing IP: 10.22.0.226
IP: 10.22.0.203 read into input chan: 0xc0000781e0
IP: 10.22.0.227 read into input chan: 0xc0000783c0
IP: 10.22.0.228 read into input chan: 0xc0000783c0
ArpWatch worker: Processing IP: 10.22.0.228
IP: 10.22.0.204 read into input chan: 0xc0000781e0
ArpWatch worker: Processing IP: 10.22.0.229
ArpHosts worker: Processing IP: 10.22.0.202
ArpHosts worker: Processing IP: 10.22.0.203
ArpHosts worker: Processing IP: 10.22.0.204
IP: 10.22.0.229 read into input chan: 0xc0000783c0
IP: 10.22.0.230 read into input chan: 0xc0000783c0
IP: 10.22.0.231 read into input chan: 0xc0000783c0
ArpHosts worker: Processing IP: 10.22.0.205
ArpWatch worker: Processing IP: 10.22.0.231
ArpWatch worker: Processing IP: 10.22.0.232
IP: 10.22.0.205 read into input chan: 0xc0000781e0
IP: 10.22.0.232 read into input chan: 0xc0000783c0
ArpHosts worker: Processing IP: 10.22.0.206
ArpWatch worker: Processing IP: 10.22.0.233
IP: 10.22.0.206 read into input chan: 0xc0000781e0
IP: 10.22.0.207 read into input chan: 0xc0000781e0
ArpWatch worker: Processing IP: 10.22.0.230
IP: 10.22.0.233 read into input chan: 0xc0000783c0
IP: 10.22.0.234 read into input chan: 0xc0000783c0
IP: 10.22.0.235 read into input chan: 0xc0000783c0
IP: 10.22.0.208 read into input chan: 0xc0000781e0
ArpWatch worker: Processing IP: 10.22.0.235
IP: 10.22.0.209 read into input chan: 0xc0000781e0
ArpWatch worker: Processing IP: 10.22.0.234
ArpWatch worker: Processing IP: 10.22.0.236
ArpHosts worker: Processing IP: 10.22.0.207
ArpHosts worker: Processing IP: 10.22.0.208
ArpHosts worker: Processing IP: 10.22.0.209
IP: 10.22.0.236 read into input chan: 0xc0000783c0
IP: 10.22.0.237 read into input chan: 0xc0000783c0
IP: 10.22.0.238 read into input chan: 0xc0000783c0
ArpHosts worker: Processing IP: 10.22.0.210
ArpWatch worker: Processing IP: 10.22.0.238
IP: 10.22.0.210 read into input chan: 0xc0000781e0
IP: 10.22.0.239 read into input chan: 0xc0000783c0
IP: 10.22.0.240 read into input chan: 0xc0000783c0
ArpHosts worker: Processing IP: 10.22.0.211
IP: 10.22.0.211 read into input chan: 0xc0000781e0
IP: 10.22.0.212 read into input chan: 0xc0000781e0
ArpWatch worker: Processing IP: 10.22.0.237
IP: 10.22.0.213 read into input chan: 0xc0000781e0
ArpWatch worker: Processing IP: 10.22.0.239
ArpWatch worker: Processing IP: 10.22.0.241
IP: 10.22.0.241 read into input chan: 0xc0000783c0
IP: 10.22.0.242 read into input chan: 0xc0000783c0
IP: 10.22.0.214 read into input chan: 0xc0000781e0
ArpHosts worker: Processing IP: 10.22.0.212
ArpHosts worker: Processing IP: 10.22.0.213
ArpHosts worker: Processing IP: 10.22.0.214
ArpWatch worker: Processing IP: 10.22.0.240
IP: 10.22.0.243 read into input chan: 0xc0000783c0
ArpHosts worker: Processing IP: 10.22.0.215
ArpWatch worker: Processing IP: 10.22.0.243
IP: 10.22.0.215 read into input chan: 0xc0000781e0
IP: 10.22.0.216 read into input chan: 0xc0000781e0
IP: 10.22.0.217 read into input chan: 0xc0000781e0
ArpWatch worker: Processing IP: 10.22.0.242
ArpWatch worker: Processing IP: 10.22.0.244
IP: 10.22.0.244 read into input chan: 0xc0000783c0
IP: 10.22.0.245 read into input chan: 0xc0000783c0
ArpHosts worker: Processing IP: 10.22.0.216
ArpHosts worker: Processing IP: 10.22.0.217
ArpHosts worker: Processing IP: 10.22.0.218
IP: 10.22.0.218 read into input chan: 0xc0000781e0
IP: 10.22.0.246 read into input chan: 0xc0000783c0
ArpHosts worker: Processing IP: 10.22.0.219
ArpWatch worker: Processing IP: 10.22.0.246
IP: 10.22.0.219 read into input chan: 0xc0000781e0
IP: 10.22.0.220 read into input chan: 0xc0000781e0
IP: 10.22.0.221 read into input chan: 0xc0000781e0
ArpWatch worker: Processing IP: 10.22.0.245
ArpWatch worker: Processing IP: 10.22.0.247
IP: 10.22.0.222 read into input chan: 0xc0000781e0
IP: 10.22.0.247 read into input chan: 0xc0000783c0
IP: 10.22.0.248 read into input chan: 0xc0000783c0
IP: 10.22.0.249 read into input chan: 0xc0000783c0
ArpHosts worker: Processing IP: 10.22.0.220
ArpHosts worker: Processing IP: 10.22.0.221
ArpHosts worker: Processing IP: 10.22.0.222
ArpWatch worker: Processing IP: 10.22.0.249
ArpHosts worker: Processing IP: 10.22.0.223
IP: 10.22.0.223 read into input chan: 0xc0000781e0
IP: 10.22.0.250 read into input chan: 0xc0000783c0
ArpWatch worker: Processing IP: 10.22.0.248
ArpWatch worker: Processing IP: 10.22.0.251
ArpWatch worker: Processing IP: 10.22.0.250
ArpHosts worker: Processing IP: 10.22.0.224
IP: 10.22.0.251 read into input chan: 0xc0000783c0
IP: 10.22.0.252 read into input chan: 0xc0000783c0
IP: 10.22.0.224 read into input chan: 0xc0000781e0
IP: 10.22.0.225 read into input chan: 0xc0000781e0
IP: 10.22.0.226 read into input chan: 0xc0000781e0
ArpWatch worker: Processing IP: 10.22.0.252
IP: 10.22.0.227 read into input chan: 0xc0000781e0
ArpWatch worker: Processing IP: 10.22.0.253
ArpHosts worker: Processing IP: 10.22.0.225
ArpHosts worker: Processing IP: 10.22.0.226
ArpHosts worker: Processing IP: 10.22.0.227
IP: 10.22.0.253 read into input chan: 0xc0000783c0
IP: 10.22.0.254 read into input chan: 0xc0000783c0
IP: 10.22.0.255 read into input chan: 0xc0000783c0
ArpHosts worker: Processing IP: 10.22.0.228
ArpWatch worker: Processing IP: 10.22.0.255
IP: 10.22.0.228 read into input chan: 0xc0000781e0
IP: 10.22.1.0 read into input chan: 0xc0000783c0
ArpHosts worker: Processing IP: 10.22.0.229
IP: 10.22.0.229 read into input chan: 0xc0000781e0
IP: 10.22.0.230 read into input chan: 0xc0000781e0
IP: 10.22.1.1 read into input chan: 0xc0000783c0
IP: 10.22.1.2 read into input chan: 0xc0000783c0
ArpWatch worker: Processing IP: 10.22.0.254
ArpWatch worker: Processing IP: 10.22.1.1
ArpWatch worker: Processing IP: 10.22.1.2
IP: 10.22.0.231 read into input chan: 0xc0000781e0
ArpWatch worker: Processing IP: 10.22.1.0
ArpWatch worker: Processing IP: 10.22.1.3
IP: 10.22.0.232 read into input chan: 0xc0000781e0
IP: 10.22.1.3 read into input chan: 0xc0000783c0
IP: 10.22.1.4 read into input chan: 0xc0000783c0
ArpHosts worker: Processing IP: 10.22.0.230
ArpHosts worker: Processing IP: 10.22.0.231
IP: 10.22.1.5 read into input chan: 0xc0000783c0
IP: 10.22.1.6 read into input chan: 0xc0000783c0
ArpWatch worker: Processing IP: 10.22.1.5
ArpWatch worker: Processing IP: 10.22.1.6
IP: 10.22.0.233 read into input chan: 0xc0000781e0
IP: 10.22.0.234 read into input chan: 0xc0000781e0
IP: 10.22.1.7 read into input chan: 0xc0000783c0
ArpHosts worker: Processing IP: 10.22.0.232
ArpHosts worker: Processing IP: 10.22.0.233
ArpWatch worker: Processing IP: 10.22.1.7
ArpWatch worker: Processing IP: 10.22.1.4
IP: 10.22.0.235 read into input chan: 0xc0000781e0
ArpWatch worker: Processing IP: 10.22.1.8
IP: 10.22.0.236 read into input chan: 0xc0000781e0
IP: 10.22.1.8 read into input chan: 0xc0000783c0
IP: 10.22.1.9 read into input chan: 0xc0000783c0
IP: 10.22.1.10 read into input chan: 0xc0000783c0
ArpHosts worker: Processing IP: 10.22.0.234
ArpHosts worker: Processing IP: 10.22.0.235
ArpHosts worker: Processing IP: 10.22.0.236
ArpHosts worker: Processing IP: 10.22.0.237
ArpWatch worker: Processing IP: 10.22.1.9
ArpWatch worker: Processing IP: 10.22.1.11
IP: 10.22.0.237 read into input chan: 0xc0000781e0
IP: 10.22.0.238 read into input chan: 0xc0000781e0
IP: 10.22.0.239 read into input chan: 0xc0000781e0
ArpWatch worker: Processing IP: 10.22.1.10
IP: 10.22.1.11 read into input chan: 0xc0000783c0
IP: 10.22.1.12 read into input chan: 0xc0000783c0
IP: 10.22.1.13 read into input chan: 0xc0000783c0
IP: 10.22.0.240 read into input chan: 0xc0000781e0
ArpWatch worker: Processing IP: 10.22.1.13
ArpHosts worker: Processing IP: 10.22.0.238
ArpHosts worker: Processing IP: 10.22.0.239
ArpHosts worker: Processing IP: 10.22.0.240
ArpWatch worker: Processing IP: 10.22.1.12
ArpWatch worker: Processing IP: 10.22.1.14
ArpHosts worker: Processing IP: 10.22.0.241
IP: 10.22.1.14 read into input chan: 0xc0000783c0
IP: 10.22.1.15 read into input chan: 0xc0000783c0
IP: 10.22.1.16 read into input chan: 0xc0000783c0
IP: 10.22.0.241 read into input chan: 0xc0000781e0
IP: 10.22.0.242 read into input chan: 0xc0000781e0
ArpWatch worker: Processing IP: 10.22.1.16
IP: 10.22.0.243 read into input chan: 0xc0000781e0
IP: 10.22.0.244 read into input chan: 0xc0000781e0
ArpWatch worker: Processing IP: 10.22.1.17
IP: 10.22.1.17 read into input chan: 0xc0000783c0
IP: 10.22.1.18 read into input chan: 0xc0000783c0
ArpWatch worker: Processing IP: 10.22.1.15
ArpHosts worker: Processing IP: 10.22.0.242
ArpHosts worker: Processing IP: 10.22.0.243
ArpHosts worker: Processing IP: 10.22.0.244
IP: 10.22.1.19 read into input chan: 0xc0000783c0
ArpHosts worker: Processing IP: 10.22.0.245
ArpWatch worker: Processing IP: 10.22.1.19
IP: 10.22.0.245 read into input chan: 0xc0000781e0
IP: 10.22.0.246 read into input chan: 0xc0000781e0
IP: 10.22.0.247 read into input chan: 0xc0000781e0
ArpWatch worker: Processing IP: 10.22.1.18
ArpWatch worker: Processing IP: 10.22.1.20
IP: 10.22.0.248 read into input chan: 0xc0000781e0
IP: 10.22.1.20 read into input chan: 0xc0000783c0
IP: 10.22.1.21 read into input chan: 0xc0000783c0
IP: 10.22.1.22 read into input chan: 0xc0000783c0
ArpHosts worker: Processing IP: 10.22.0.246
ArpHosts worker: Processing IP: 10.22.0.247
ArpHosts worker: Processing IP: 10.22.0.248
IP: 10.22.1.23 read into input chan: 0xc0000783c0
IP: 10.22.0.249 read into input chan: 0xc0000781e0
IP: 10.22.1.24 read into input chan: 0xc0000783c0
ArpHosts worker: Processing IP: 10.22.0.249
ArpHosts worker: Processing IP: 10.22.0.250
IP: 10.22.0.250 read into input chan: 0xc0000781e0
IP: 10.22.0.251 read into input chan: 0xc0000781e0
ArpWatch worker: Processing IP: 10.22.1.21
ArpWatch worker: Processing IP: 10.22.1.23
ArpWatch worker: Processing IP: 10.22.1.24
ArpHosts worker: Processing IP: 10.22.0.251
ArpWatch worker: Processing IP: 10.22.1.22
ArpWatch worker: Processing IP: 10.22.1.25
ArpHosts worker: Processing IP: 10.22.0.252
IP: 10.22.1.25 read into input chan: 0xc0000783c0
IP: 10.22.1.26 read into input chan: 0xc0000783c0
IP: 10.22.1.27 read into input chan: 0xc0000783c0
IP: 10.22.0.252 read into input chan: 0xc0000781e0
IP: 10.22.0.253 read into input chan: 0xc0000781e0
IP: 10.22.0.254 read into input chan: 0xc0000781e0
ArpWatch worker: Processing IP: 10.22.1.27
ArpWatch worker: Processing IP: 10.22.1.28
IP: 10.22.0.255 read into input chan: 0xc0000781e0
ArpHosts worker: Processing IP: 10.22.0.253
ArpHosts worker: Processing IP: 10.22.0.254
ArpWatch worker: Processing IP: 10.22.1.26
IP: 10.22.1.28 read into input chan: 0xc0000783c0
IP: 10.22.1.29 read into input chan: 0xc0000783c0
IP: 10.22.1.0 read into input chan: 0xc0000781e0
IP: 10.22.1.1 read into input chan: 0xc0000781e0
ArpHosts worker: Processing IP: 10.22.0.255
ArpHosts worker: Processing IP: 10.22.1.0
ArpHosts worker: Processing IP: 10.22.1.1
IP: 10.22.1.30 read into input chan: 0xc0000783c0
ArpHosts worker: Processing IP: 10.22.1.2
ArpWatch worker: Processing IP: 10.22.1.30
IP: 10.22.1.2 read into input chan: 0xc0000781e0
IP: 10.22.1.3 read into input chan: 0xc0000781e0
IP: 10.22.1.4 read into input chan: 0xc0000781e0
ArpWatch worker: Processing IP: 10.22.1.29
ArpWatch worker: Processing IP: 10.22.1.31
IP: 10.22.1.5 read into input chan: 0xc0000781e0
IP: 10.22.1.31 read into input chan: 0xc0000783c0
IP: 10.22.1.32 read into input chan: 0xc0000783c0
IP: 10.22.1.33 read into input chan: 0xc0000783c0
ArpHosts worker: Processing IP: 10.22.1.3
ArpHosts worker: Processing IP: 10.22.1.4
ArpWatch worker: Processing IP: 10.22.1.33
ArpWatch worker: Processing IP: 10.22.1.34
IP: 10.22.1.6 read into input chan: 0xc0000781e0
IP: 10.22.1.7 read into input chan: 0xc0000781e0
IP: 10.22.1.34 read into input chan: 0xc0000783c0
IP: 10.22.1.35 read into input chan: 0xc0000783c0
ArpHosts worker: Processing IP: 10.22.1.5
ArpHosts worker: Processing IP: 10.22.1.6
ArpWatch worker: Processing IP: 10.22.1.35
ArpWatch worker: Processing IP: 10.22.1.32
IP: 10.22.1.8 read into input chan: 0xc0000781e0
ArpWatch worker: Processing IP: 10.22.1.36
IP: 10.22.1.9 read into input chan: 0xc0000781e0
IP: 10.22.1.36 read into input chan: 0xc0000783c0
IP: 10.22.1.37 read into input chan: 0xc0000783c0
IP: 10.22.1.38 read into input chan: 0xc0000783c0
ArpHosts worker: Processing IP: 10.22.1.7
ArpHosts worker: Processing IP: 10.22.1.8
ArpHosts worker: Processing IP: 10.22.1.9
ArpWatch worker: Processing IP: 10.22.1.38
ArpHosts worker: Processing IP: 10.22.1.10
IP: 10.22.1.10 read into input chan: 0xc0000781e0
ArpWatch worker: Processing IP: 10.22.1.37
ArpHosts worker: Processing IP: 10.22.1.11
ArpWatch worker: Processing IP: 10.22.1.39
IP: 10.22.1.11 read into input chan: 0xc0000781e0
IP: 10.22.1.12 read into input chan: 0xc0000781e0
IP: 10.22.1.13 read into input chan: 0xc0000781e0
IP: 10.22.1.39 read into input chan: 0xc0000783c0
IP: 10.22.1.40 read into input chan: 0xc0000783c0
IP: 10.22.1.41 read into input chan: 0xc0000783c0
IP: 10.22.1.14 read into input chan: 0xc0000781e0
ArpWatch worker: Processing IP: 10.22.1.41
ArpHosts worker: Processing IP: 10.22.1.12
ArpHosts worker: Processing IP: 10.22.1.13
ArpHosts worker: Processing IP: 10.22.1.14
ArpWatch worker: Processing IP: 10.22.1.40
ArpWatch worker: Processing IP: 10.22.1.42
ArpHosts worker: Processing IP: 10.22.1.15
IP: 10.22.1.42 read into input chan: 0xc0000783c0
IP: 10.22.1.43 read into input chan: 0xc0000783c0
IP: 10.22.1.44 read into input chan: 0xc0000783c0
IP: 10.22.1.15 read into input chan: 0xc0000781e0
IP: 10.22.1.16 read into input chan: 0xc0000781e0
IP: 10.22.1.17 read into input chan: 0xc0000781e0
ArpWatch worker: Processing IP: 10.22.1.44
ArpHosts worker: Processing IP: 10.22.1.16
ArpHosts worker: Processing IP: 10.22.1.17
IP: 10.22.1.18 read into input chan: 0xc0000781e0
IP: 10.22.1.45 read into input chan: 0xc0000783c0
IP: 10.22.1.46 read into input chan: 0xc0000783c0
IP: 10.22.1.47 read into input chan: 0xc0000783c0
ArpWatch worker: Processing IP: 10.22.1.43
ArpHosts worker: Processing IP: 10.22.1.18
ArpWatch worker: Processing IP: 10.22.1.45
ArpWatch worker: Processing IP: 10.22.1.47
ArpHosts worker: Processing IP: 10.22.1.19
ArpWatch worker: Processing IP: 10.22.1.46
ArpWatch worker: Processing IP: 10.22.1.48
IP: 10.22.1.19 read into input chan: 0xc0000781e0
IP: 10.22.1.20 read into input chan: 0xc0000781e0
IP: 10.22.1.21 read into input chan: 0xc0000781e0
IP: 10.22.1.48 read into input chan: 0xc0000783c0
IP: 10.22.1.49 read into input chan: 0xc0000783c0
IP: 10.22.1.50 read into input chan: 0xc0000783c0
IP: 10.22.1.22 read into input chan: 0xc0000781e0
ArpWatch worker: Processing IP: 10.22.1.50
ArpWatch worker: Processing IP: 10.22.1.49
ArpHosts worker: Processing IP: 10.22.1.20
ArpWatch worker: Processing IP: 10.22.1.51
ArpHosts worker: Processing IP: 10.22.1.21
ArpHosts worker: Processing IP: 10.22.1.22
IP: 10.22.1.51 read into input chan: 0xc0000783c0
IP: 10.22.1.52 read into input chan: 0xc0000783c0
IP: 10.22.1.53 read into input chan: 0xc0000783c0
IP: 10.22.1.23 read into input chan: 0xc0000781e0
ArpHosts worker: Processing IP: 10.22.1.23
ArpWatch worker: Processing IP: 10.22.1.53
ArpHosts worker: Processing IP: 10.22.1.24
ArpWatch worker: Processing IP: 10.22.1.52
ArpWatch worker: Processing IP: 10.22.1.54
IP: 10.22.1.24 read into input chan: 0xc0000781e0
IP: 10.22.1.25 read into input chan: 0xc0000781e0
IP: 10.22.1.26 read into input chan: 0xc0000781e0
IP: 10.22.1.54 read into input chan: 0xc0000783c0
IP: 10.22.1.55 read into input chan: 0xc0000783c0
IP: 10.22.1.56 read into input chan: 0xc0000783c0
ArpWatch worker: Processing IP: 10.22.1.56
ArpHosts worker: Processing IP: 10.22.1.25
ArpHosts worker: Processing IP: 10.22.1.26
IP: 10.22.1.57 read into input chan: 0xc0000783c0
IP: 10.22.1.58 read into input chan: 0xc0000783c0
ArpWatch worker: Processing IP: 10.22.1.57
ArpWatch worker: Processing IP: 10.22.1.55
ArpHosts worker: Processing IP: 10.22.1.27
IP: 10.22.1.27 read into input chan: 0xc0000781e0
IP: 10.22.1.59 read into input chan: 0xc0000783c0
ArpHosts worker: Processing IP: 10.22.1.28
ArpWatch worker: Processing IP: 10.22.1.59
IP: 10.22.1.28 read into input chan: 0xc0000781e0
IP: 10.22.1.29 read into input chan: 0xc0000781e0
IP: 10.22.1.30 read into input chan: 0xc0000781e0
ArpWatch worker: Processing IP: 10.22.1.58
ArpWatch worker: Processing IP: 10.22.1.60
IP: 10.22.1.31 read into input chan: 0xc0000781e0
IP: 10.22.1.60 read into input chan: 0xc0000783c0
IP: 10.22.1.61 read into input chan: 0xc0000783c0
IP: 10.22.1.62 read into input chan: 0xc0000783c0
ArpHosts worker: Processing IP: 10.22.1.29
ArpHosts worker: Processing IP: 10.22.1.30
ArpWatch worker: Processing IP: 10.22.1.62
ArpWatch worker: Processing IP: 10.22.1.61
ArpWatch worker: Processing IP: 10.22.1.63
IP: 10.22.1.32 read into input chan: 0xc0000781e0
IP: 10.22.1.33 read into input chan: 0xc0000781e0
ArpHosts worker: Processing IP: 10.22.1.31
ArpHosts worker: Processing IP: 10.22.1.32
IP: 10.22.1.63 read into input chan: 0xc0000783c0
IP: 10.22.1.64 read into input chan: 0xc0000783c0
IP: 10.22.1.65 read into input chan: 0xc0000783c0
IP: 10.22.1.34 read into input chan: 0xc0000781e0
ArpWatch worker: Processing IP: 10.22.1.65
IP: 10.22.1.35 read into input chan: 0xc0000781e0
ArpWatch worker: Processing IP: 10.22.1.64
ArpWatch worker: Processing IP: 10.22.1.66
ArpHosts worker: Processing IP: 10.22.1.33
ArpHosts worker: Processing IP: 10.22.1.34
ArpHosts worker: Processing IP: 10.22.1.35
IP: 10.22.1.66 read into input chan: 0xc0000783c0
IP: 10.22.1.67 read into input chan: 0xc0000783c0
IP: 10.22.1.68 read into input chan: 0xc0000783c0
ArpHosts worker: Processing IP: 10.22.1.36
ArpWatch worker: Processing IP: 10.22.1.68
ArpWatch worker: Processing IP: 10.22.1.67
IP: 10.22.1.69 read into input chan: 0xc0000783c0
IP: 10.22.1.70 read into input chan: 0xc0000783c0
ArpWatch worker: Processing IP: 10.22.1.69
IP: 10.22.1.36 read into input chan: 0xc0000781e0
IP: 10.22.1.37 read into input chan: 0xc0000781e0
IP: 10.22.1.38 read into input chan: 0xc0000781e0
IP: 10.22.1.71 read into input chan: 0xc0000783c0
IP: 10.22.1.39 read into input chan: 0xc0000781e0
ArpWatch worker: Processing IP: 10.22.1.71
ArpHosts worker: Processing IP: 10.22.1.37
ArpHosts worker: Processing IP: 10.22.1.38
ArpHosts worker: Processing IP: 10.22.1.39
ArpWatch worker: Processing IP: 10.22.1.70
ArpWatch worker: Processing IP: 10.22.1.72
ArpHosts worker: Processing IP: 10.22.1.40
IP: 10.22.1.72 read into input chan: 0xc0000783c0
IP: 10.22.1.73 read into input chan: 0xc0000783c0
IP: 10.22.1.74 read into input chan: 0xc0000783c0
IP: 10.22.1.40 read into input chan: 0xc0000781e0
IP: 10.22.1.41 read into input chan: 0xc0000781e0
IP: 10.22.1.42 read into input chan: 0xc0000781e0
IP: 10.22.1.43 read into input chan: 0xc0000781e0
ArpHosts worker: Processing IP: 10.22.1.41
ArpHosts worker: Processing IP: 10.22.1.42
IP: 10.22.1.44 read into input chan: 0xc0000781e0
IP: 10.22.1.45 read into input chan: 0xc0000781e0
ArpWatch worker: Processing IP: 10.22.1.73
ArpWatch worker: Processing IP: 10.22.1.75
IP: 10.22.1.75 read into input chan: 0xc0000783c0
IP: 10.22.1.76 read into input chan: 0xc0000783c0
ArpWatch worker: Processing IP: 10.22.1.74
ArpHosts worker: Processing IP: 10.22.1.43
ArpHosts worker: Processing IP: 10.22.1.44
ArpHosts worker: Processing IP: 10.22.1.45
ArpWatch worker: Processing IP: 10.22.1.76
ArpHosts worker: Processing IP: 10.22.1.46
ArpWatch worker: Processing IP: 10.22.1.77
IP: 10.22.1.46 read into input chan: 0xc0000781e0
IP: 10.22.1.47 read into input chan: 0xc0000781e0
IP: 10.22.1.48 read into input chan: 0xc0000781e0
IP: 10.22.1.77 read into input chan: 0xc0000783c0
IP: 10.22.1.78 read into input chan: 0xc0000783c0
IP: 10.22.1.79 read into input chan: 0xc0000783c0
ArpWatch worker: Processing IP: 10.22.1.79
ArpHosts worker: Processing IP: 10.22.1.47
ArpWatch worker: Processing IP: 10.22.1.80
ArpWatch worker: Processing IP: 10.22.1.78
IP: 10.22.1.49 read into input chan: 0xc0000781e0
IP: 10.22.1.50 read into input chan: 0xc0000781e0
ArpHosts worker: Processing IP: 10.22.1.48
ArpHosts worker: Processing IP: 10.22.1.49
IP: 10.22.1.80 read into input chan: 0xc0000783c0
IP: 10.22.1.81 read into input chan: 0xc0000783c0
IP: 10.22.1.82 read into input chan: 0xc0000783c0
IP: 10.22.1.51 read into input chan: 0xc0000781e0
ArpWatch worker: Processing IP: 10.22.1.82
IP: 10.22.1.52 read into input chan: 0xc0000781e0
ArpWatch worker: Processing IP: 10.22.1.81
ArpWatch worker: Processing IP: 10.22.1.83
ArpHosts worker: Processing IP: 10.22.1.50
ArpHosts worker: Processing IP: 10.22.1.51
ArpHosts worker: Processing IP: 10.22.1.52
IP: 10.22.1.83 read into input chan: 0xc0000783c0
IP: 10.22.1.84 read into input chan: 0xc0000783c0
IP: 10.22.1.85 read into input chan: 0xc0000783c0
ArpHosts worker: Processing IP: 10.22.1.53
IP: 10.22.1.86 read into input chan: 0xc0000783c0
ArpWatch worker: Processing IP: 10.22.1.85
ArpWatch worker: Processing IP: 10.22.1.86
IP: 10.22.1.53 read into input chan: 0xc0000781e0
IP: 10.22.1.54 read into input chan: 0xc0000781e0
IP: 10.22.1.55 read into input chan: 0xc0000781e0
ArpWatch worker: Processing IP: 10.22.1.84
ArpWatch worker: Processing IP: 10.22.1.87
IP: 10.22.1.87 read into input chan: 0xc0000783c0
IP: 10.22.1.56 read into input chan: 0xc0000781e0
ArpWatch worker: Processing IP: 10.22.1.88
ArpHosts worker: Processing IP: 10.22.1.54
ArpHosts worker: Processing IP: 10.22.1.55
ArpHosts worker: Processing IP: 10.22.1.56
IP: 10.22.1.88 read into input chan: 0xc0000783c0
IP: 10.22.1.89 read into input chan: 0xc0000783c0
IP: 10.22.1.90 read into input chan: 0xc0000783c0
ArpHosts worker: Processing IP: 10.22.1.57
ArpWatch worker: Processing IP: 10.22.1.90
ArpWatch worker: Processing IP: 10.22.1.91
IP: 10.22.1.57 read into input chan: 0xc0000781e0
IP: 10.22.1.91 read into input chan: 0xc0000783c0
IP: 10.22.1.92 read into input chan: 0xc0000783c0
IP: 10.22.1.58 read into input chan: 0xc0000781e0
IP: 10.22.1.59 read into input chan: 0xc0000781e0
IP: 10.22.1.60 read into input chan: 0xc0000781e0
ArpWatch worker: Processing IP: 10.22.1.89
IP: 10.22.1.93 read into input chan: 0xc0000783c0
ArpHosts worker: Processing IP: 10.22.1.58
IP: 10.22.1.61 read into input chan: 0xc0000781e0
ArpWatch worker: Processing IP: 10.22.1.93
ArpHosts worker: Processing IP: 10.22.1.59
ArpHosts worker: Processing IP: 10.22.1.60
ArpHosts worker: Processing IP: 10.22.1.61
ArpWatch worker: Processing IP: 10.22.1.92
ArpWatch worker: Processing IP: 10.22.1.94
ArpHosts worker: Processing IP: 10.22.1.62
IP: 10.22.1.94 read into input chan: 0xc0000783c0
IP: 10.22.1.95 read into input chan: 0xc0000783c0
IP: 10.22.1.96 read into input chan: 0xc0000783c0
IP: 10.22.1.62 read into input chan: 0xc0000781e0
IP: 10.22.1.63 read into input chan: 0xc0000781e0
ArpWatch worker: Processing IP: 10.22.1.96
ArpWatch worker: Processing IP: 10.22.1.95
ArpWatch worker: Processing IP: 10.22.1.97
IP: 10.22.1.97 read into input chan: 0xc0000783c0
ArpHosts worker: Processing IP: 10.22.1.63
ArpHosts worker: Processing IP: 10.22.1.64
IP: 10.22.1.98 read into input chan: 0xc0000783c0
IP: 10.22.1.99 read into input chan: 0xc0000783c0
IP: 10.22.1.100 read into input chan: 0xc0000783c0
IP: 10.22.1.64 read into input chan: 0xc0000781e0
IP: 10.22.1.65 read into input chan: 0xc0000781e0
ArpHosts worker: Processing IP: 10.22.1.65
ArpWatch worker: Processing IP: 10.22.1.98
ArpWatch worker: Processing IP: 10.22.1.100
ArpHosts worker: Processing IP: 10.22.1.66
ArpWatch worker: Processing IP: 10.22.1.99
ArpWatch worker: Processing IP: 10.22.1.101
IP: 10.22.1.66 read into input chan: 0xc0000781e0
IP: 10.22.1.67 read into input chan: 0xc0000781e0
IP: 10.22.1.68 read into input chan: 0xc0000781e0
IP: 10.22.1.69 read into input chan: 0xc0000781e0
IP: 10.22.1.101 read into input chan: 0xc0000783c0
IP: 10.22.1.102 read into input chan: 0xc0000783c0
IP: 10.22.1.103 read into input chan: 0xc0000783c0
ArpHosts worker: Processing IP: 10.22.1.67
ArpHosts worker: Processing IP: 10.22.1.68
IP: 10.22.1.70 read into input chan: 0xc0000781e0
ArpWatch worker: Processing IP: 10.22.1.103
IP: 10.22.1.71 read into input chan: 0xc0000781e0
ArpWatch worker: Processing IP: 10.22.1.102
ArpWatch worker: Processing IP: 10.22.1.104
ArpHosts worker: Processing IP: 10.22.1.69
ArpHosts worker: Processing IP: 10.22.1.70
ArpHosts worker: Processing IP: 10.22.1.71
IP: 10.22.1.104 read into input chan: 0xc0000783c0
IP: 10.22.1.105 read into input chan: 0xc0000783c0
IP: 10.22.1.106 read into input chan: 0xc0000783c0
ArpWatch worker: Processing IP: 10.22.1.106
IP: 10.22.1.72 read into input chan: 0xc0000781e0
IP: 10.22.1.107 read into input chan: 0xc0000783c0
IP: 10.22.1.108 read into input chan: 0xc0000783c0
IP: 10.22.1.109 read into input chan: 0xc0000783c0
IP: 10.22.1.73 read into input chan: 0xc0000781e0
IP: 10.22.1.74 read into input chan: 0xc0000781e0
ArpHosts worker: Processing IP: 10.22.1.72
ArpHosts worker: Processing IP: 10.22.1.73
ArpWatch worker: Processing IP: 10.22.1.105
ArpWatch worker: Processing IP: 10.22.1.108
ArpWatch worker: Processing IP: 10.22.1.109
IP: 10.22.1.75 read into input chan: 0xc0000781e0
ArpWatch worker: Processing IP: 10.22.1.107
ArpWatch worker: Processing IP: 10.22.1.110
IP: 10.22.1.76 read into input chan: 0xc0000781e0
IP: 10.22.1.110 read into input chan: 0xc0000783c0
IP: 10.22.1.111 read into input chan: 0xc0000783c0
IP: 10.22.1.112 read into input chan: 0xc0000783c0
ArpHosts worker: Processing IP: 10.22.1.74
ArpHosts worker: Processing IP: 10.22.1.75
ArpHosts worker: Processing IP: 10.22.1.76
ArpWatch worker: Processing IP: 10.22.1.112
ArpHosts worker: Processing IP: 10.22.1.77
ArpWatch worker: Processing IP: 10.22.1.111
ArpWatch worker: Processing IP: 10.22.1.113
IP: 10.22.1.77 read into input chan: 0xc0000781e0
IP: 10.22.1.78 read into input chan: 0xc0000781e0
ArpHosts worker: Processing IP: 10.22.1.78
ArpHosts worker: Processing IP: 10.22.1.79
IP: 10.22.1.113 read into input chan: 0xc0000783c0
IP: 10.22.1.114 read into input chan: 0xc0000783c0
IP: 10.22.1.115 read into input chan: 0xc0000783c0
IP: 10.22.1.79 read into input chan: 0xc0000781e0
IP: 10.22.1.80 read into input chan: 0xc0000781e0
ArpHosts worker: Processing IP: 10.22.1.80
ArpWatch worker: Processing IP: 10.22.1.115
ArpHosts worker: Processing IP: 10.22.1.81
ArpWatch worker: Processing IP: 10.22.1.114
ArpWatch worker: Processing IP: 10.22.1.116
IP: 10.22.1.81 read into input chan: 0xc0000781e0
IP: 10.22.1.82 read into input chan: 0xc0000781e0
IP: 10.22.1.83 read into input chan: 0xc0000781e0
IP: 10.22.1.116 read into input chan: 0xc0000783c0
IP: 10.22.1.117 read into input chan: 0xc0000783c0
IP: 10.22.1.118 read into input chan: 0xc0000783c0
IP: 10.22.1.84 read into input chan: 0xc0000781e0
ArpWatch worker: Processing IP: 10.22.1.118
ArpHosts worker: Processing IP: 10.22.1.82
ArpWatch worker: Processing IP: 10.22.1.117
IP: 10.22.1.119 read into input chan: 0xc0000783c0
IP: 10.22.1.120 read into input chan: 0xc0000783c0
ArpWatch worker: Processing IP: 10.22.1.119
ArpHosts worker: Processing IP: 10.22.1.83
ArpHosts worker: Processing IP: 10.22.1.84
ArpHosts worker: Processing IP: 10.22.1.85
IP: 10.22.1.85 read into input chan: 0xc0000781e0
IP: 10.22.1.121 read into input chan: 0xc0000783c0
ArpHosts worker: Processing IP: 10.22.1.86
ArpWatch worker: Processing IP: 10.22.1.121
IP: 10.22.1.86 read into input chan: 0xc0000781e0
IP: 10.22.1.87 read into input chan: 0xc0000781e0
IP: 10.22.1.88 read into input chan: 0xc0000781e0
ArpWatch worker: Processing IP: 10.22.1.120
ArpWatch worker: Processing IP: 10.22.1.122
IP: 10.22.1.89 read into input chan: 0xc0000781e0
IP: 10.22.1.122 read into input chan: 0xc0000783c0
IP: 10.22.1.123 read into input chan: 0xc0000783c0
IP: 10.22.1.124 read into input chan: 0xc0000783c0
ArpHosts worker: Processing IP: 10.22.1.87
ArpHosts worker: Processing IP: 10.22.1.88
IP: 10.22.1.90 read into input chan: 0xc0000781e0
IP: 10.22.1.91 read into input chan: 0xc0000781e0
ArpHosts worker: Processing IP: 10.22.1.89
ArpHosts worker: Processing IP: 10.22.1.90
ArpWatch worker: Processing IP: 10.22.1.124
ArpHosts worker: Processing IP: 10.22.1.91
ArpHosts worker: Processing IP: 10.22.1.92
ArpWatch worker: Processing IP: 10.22.1.125
ArpWatch worker: Processing IP: 10.22.1.123
IP: 10.22.1.92 read into input chan: 0xc0000781e0
IP: 10.22.1.93 read into input chan: 0xc0000781e0
IP: 10.22.1.125 read into input chan: 0xc0000783c0
IP: 10.22.1.126 read into input chan: 0xc0000783c0
IP: 10.22.1.127 read into input chan: 0xc0000783c0
ArpHosts worker: Processing IP: 10.22.1.93
ArpWatch worker: Processing IP: 10.22.1.127
ArpHosts worker: Processing IP: 10.22.1.94
ArpWatch worker: Processing IP: 10.22.1.126
ArpWatch worker: Processing IP: 10.22.1.128
IP: 10.22.1.94 read into input chan: 0xc0000781e0
IP: 10.22.1.95 read into input chan: 0xc0000781e0
IP: 10.22.1.128 read into input chan: 0xc0000783c0
IP: 10.22.1.96 read into input chan: 0xc0000781e0
IP: 10.22.1.97 read into input chan: 0xc0000781e0
ArpWatch worker: Processing IP: 10.22.1.129
ArpHosts worker: Processing IP: 10.22.1.95
ArpHosts worker: Processing IP: 10.22.1.96
ArpHosts worker: Processing IP: 10.22.1.97
IP: 10.22.1.129 read into input chan: 0xc0000783c0
IP: 10.22.1.130 read into input chan: 0xc0000783c0
IP: 10.22.1.131 read into input chan: 0xc0000783c0
ArpHosts worker: Processing IP: 10.22.1.98
ArpWatch worker: Processing IP: 10.22.1.131
IP: 10.22.1.98 read into input chan: 0xc0000781e0
IP: 10.22.1.99 read into input chan: 0xc0000781e0
IP: 10.22.1.100 read into input chan: 0xc0000781e0
ArpWatch worker: Processing IP: 10.22.1.130
ArpWatch worker: Processing IP: 10.22.1.132
IP: 10.22.1.101 read into input chan: 0xc0000781e0
IP: 10.22.1.132 read into input chan: 0xc0000783c0
IP: 10.22.1.133 read into input chan: 0xc0000783c0
IP: 10.22.1.134 read into input chan: 0xc0000783c0
ArpHosts worker: Processing IP: 10.22.1.99
ArpHosts worker: Processing IP: 10.22.1.100
ArpHosts worker: Processing IP: 10.22.1.101
ArpWatch worker: Processing IP: 10.22.1.134
ArpWatch worker: Processing IP: 10.22.1.133
ArpWatch worker: Processing IP: 10.22.1.135
ArpHosts worker: Processing IP: 10.22.1.102
IP: 10.22.1.135 read into input chan: 0xc0000783c0
IP: 10.22.1.136 read into input chan: 0xc0000783c0
IP: 10.22.1.137 read into input chan: 0xc0000783c0
IP: 10.22.1.102 read into input chan: 0xc0000781e0
IP: 10.22.1.103 read into input chan: 0xc0000781e0
IP: 10.22.1.104 read into input chan: 0xc0000781e0
ArpWatch worker: Processing IP: 10.22.1.137
IP: 10.22.1.105 read into input chan: 0xc0000781e0
ArpWatch worker: Processing IP: 10.22.1.136
ArpWatch worker: Processing IP: 10.22.1.138
ArpHosts worker: Processing IP: 10.22.1.103
ArpHosts worker: Processing IP: 10.22.1.104
ArpHosts worker: Processing IP: 10.22.1.105
IP: 10.22.1.138 read into input chan: 0xc0000783c0
IP: 10.22.1.139 read into input chan: 0xc0000783c0
IP: 10.22.1.140 read into input chan: 0xc0000783c0
ArpHosts worker: Processing IP: 10.22.1.106
ArpWatch worker: Processing IP: 10.22.1.140
IP: 10.22.1.106 read into input chan: 0xc0000781e0
ArpWatch worker: Processing IP: 10.22.1.139
IP: 10.22.1.141 read into input chan: 0xc0000783c0
IP: 10.22.1.142 read into input chan: 0xc0000783c0
ArpWatch worker: Processing IP: 10.22.1.142
ArpWatch worker: Processing IP: 10.22.1.143
ArpHosts worker: Processing IP: 10.22.1.107
IP: 10.22.1.143 read into input chan: 0xc0000783c0
IP: 10.22.1.144 read into input chan: 0xc0000783c0
IP: 10.22.1.107 read into input chan: 0xc0000781e0
IP: 10.22.1.108 read into input chan: 0xc0000781e0
IP: 10.22.1.109 read into input chan: 0xc0000781e0
ArpWatch worker: Processing IP: 10.22.1.144
ArpWatch worker: Processing IP: 10.22.1.141
IP: 10.22.1.110 read into input chan: 0xc0000781e0
ArpWatch worker: Processing IP: 10.22.1.145
ArpHosts worker: Processing IP: 10.22.1.108
ArpHosts worker: Processing IP: 10.22.1.109
ArpHosts worker: Processing IP: 10.22.1.110
IP: 10.22.1.145 read into input chan: 0xc0000783c0
IP: 10.22.1.146 read into input chan: 0xc0000783c0
ArpHosts worker: Processing IP: 10.22.1.111
IP: 10.22.1.147 read into input chan: 0xc0000783c0
IP: 10.22.1.148 read into input chan: 0xc0000783c0
IP: 10.22.1.111 read into input chan: 0xc0000781e0
IP: 10.22.1.112 read into input chan: 0xc0000781e0
ArpWatch worker: Processing IP: 10.22.1.147
ArpWatch worker: Processing IP: 10.22.1.148
ArpWatch worker: Processing IP: 10.22.1.149
ArpWatch worker: Processing IP: 10.22.1.146
IP: 10.22.1.113 read into input chan: 0xc0000781e0
IP: 10.22.1.149 read into input chan: 0xc0000783c0
ArpWatch worker: Processing IP: 10.22.1.150
IP: 10.22.1.114 read into input chan: 0xc0000781e0
IP: 10.22.1.150 read into input chan: 0xc0000783c0
IP: 10.22.1.151 read into input chan: 0xc0000783c0
IP: 10.22.1.152 read into input chan: 0xc0000783c0
ArpHosts worker: Processing IP: 10.22.1.112
ArpHosts worker: Processing IP: 10.22.1.113
ArpHosts worker: Processing IP: 10.22.1.114
ArpWatch worker: Processing IP: 10.22.1.152
ArpHosts worker: Processing IP: 10.22.1.115
ArpWatch worker: Processing IP: 10.22.1.151
ArpWatch worker: Processing IP: 10.22.1.153
IP: 10.22.1.153 read into input chan: 0xc0000783c0
IP: 10.22.1.154 read into input chan: 0xc0000783c0
IP: 10.22.1.155 read into input chan: 0xc0000783c0
IP: 10.22.1.115 read into input chan: 0xc0000781e0
IP: 10.22.1.116 read into input chan: 0xc0000781e0
IP: 10.22.1.117 read into input chan: 0xc0000781e0
ArpWatch worker: Processing IP: 10.22.1.155
IP: 10.22.1.118 read into input chan: 0xc0000781e0
ArpWatch worker: Processing IP: 10.22.1.154
ArpWatch worker: Processing IP: 10.22.1.156
ArpHosts worker: Processing IP: 10.22.1.116
ArpHosts worker: Processing IP: 10.22.1.117
ArpHosts worker: Processing IP: 10.22.1.118
IP: 10.22.1.156 read into input chan: 0xc0000783c0
IP: 10.22.1.157 read into input chan: 0xc0000783c0
IP: 10.22.1.158 read into input chan: 0xc0000783c0
ArpHosts worker: Processing IP: 10.22.1.119
ArpWatch worker: Processing IP: 10.22.1.158
IP: 10.22.1.119 read into input chan: 0xc0000781e0
IP: 10.22.1.120 read into input chan: 0xc0000781e0
IP: 10.22.1.121 read into input chan: 0xc0000781e0
IP: 10.22.1.122 read into input chan: 0xc0000781e0
ArpHosts worker: Processing IP: 10.22.1.120
ArpHosts worker: Processing IP: 10.22.1.121
IP: 10.22.1.159 read into input chan: 0xc0000783c0
ArpWatch worker: Processing IP: 10.22.1.159
ArpWatch worker: Processing IP: 10.22.1.160
ArpHosts worker: Processing IP: 10.22.1.122
ArpHosts worker: Processing IP: 10.22.1.123
IP: 10.22.1.160 read into input chan: 0xc0000783c0
IP: 10.22.1.161 read into input chan: 0xc0000783c0
ArpWatch worker: Processing IP: 10.22.1.157
ArpWatch worker: Processing IP: 10.22.1.161
IP: 10.22.1.123 read into input chan: 0xc0000781e0
IP: 10.22.1.124 read into input chan: 0xc0000781e0
ArpHosts worker: Processing IP: 10.22.1.124
ArpWatch worker: Processing IP: 10.22.1.162
ArpHosts worker: Processing IP: 10.22.1.125
IP: 10.22.1.162 read into input chan: 0xc0000783c0
IP: 10.22.1.163 read into input chan: 0xc0000783c0
IP: 10.22.1.164 read into input chan: 0xc0000783c0
IP: 10.22.1.125 read into input chan: 0xc0000781e0
IP: 10.22.1.126 read into input chan: 0xc0000781e0
IP: 10.22.1.127 read into input chan: 0xc0000781e0
ArpWatch worker: Processing IP: 10.22.1.164
ArpWatch worker: Processing IP: 10.22.1.163
ArpHosts worker: Processing IP: 10.22.1.126
ArpWatch worker: Processing IP: 10.22.1.165
IP: 10.22.1.128 read into input chan: 0xc0000781e0
IP: 10.22.1.129 read into input chan: 0xc0000781e0
IP: 10.22.1.165 read into input chan: 0xc0000783c0
IP: 10.22.1.166 read into input chan: 0xc0000783c0
IP: 10.22.1.167 read into input chan: 0xc0000783c0
ArpHosts worker: Processing IP: 10.22.1.127
ArpHosts worker: Processing IP: 10.22.1.128
IP: 10.22.1.130 read into input chan: 0xc0000781e0
ArpWatch worker: Processing IP: 10.22.1.167
IP: 10.22.1.131 read into input chan: 0xc0000781e0
ArpWatch worker: Processing IP: 10.22.1.166
ArpWatch worker: Processing IP: 10.22.1.168
ArpHosts worker: Processing IP: 10.22.1.129
ArpHosts worker: Processing IP: 10.22.1.130
ArpHosts worker: Processing IP: 10.22.1.131
IP: 10.22.1.168 read into input chan: 0xc0000783c0
IP: 10.22.1.169 read into input chan: 0xc0000783c0
IP: 10.22.1.132 read into input chan: 0xc0000781e0
ArpHosts worker: Processing IP: 10.22.1.132
ArpHosts worker: Processing IP: 10.22.1.133
IP: 10.22.1.170 read into input chan: 0xc0000783c0
IP: 10.22.1.171 read into input chan: 0xc0000783c0
IP: 10.22.1.133 read into input chan: 0xc0000781e0
IP: 10.22.1.134 read into input chan: 0xc0000781e0
ArpWatch worker: Processing IP: 10.22.1.170
ArpHosts worker: Processing IP: 10.22.1.134
ArpWatch worker: Processing IP: 10.22.1.169
IP: 10.22.1.172 read into input chan: 0xc0000783c0
ArpHosts worker: Processing IP: 10.22.1.135
ArpWatch worker: Processing IP: 10.22.1.172
IP: 10.22.1.135 read into input chan: 0xc0000781e0
IP: 10.22.1.136 read into input chan: 0xc0000781e0
IP: 10.22.1.137 read into input chan: 0xc0000781e0
ArpWatch worker: Processing IP: 10.22.1.171
ArpWatch worker: Processing IP: 10.22.1.173
IP: 10.22.1.138 read into input chan: 0xc0000781e0
IP: 10.22.1.173 read into input chan: 0xc0000783c0
IP: 10.22.1.174 read into input chan: 0xc0000783c0
IP: 10.22.1.175 read into input chan: 0xc0000783c0
ArpWatch worker: Processing IP: 10.22.1.175
ArpWatch worker: Processing IP: 10.22.1.176
ArpWatch worker: Processing IP: 10.22.1.174
IP: 10.22.1.176 read into input chan: 0xc0000783c0
IP: 10.22.1.177 read into input chan: 0xc0000783c0
ArpHosts worker: Processing IP: 10.22.1.136
ArpHosts worker: Processing IP: 10.22.1.137
ArpHosts worker: Processing IP: 10.22.1.138
ArpWatch worker: Processing IP: 10.22.1.177
ArpHosts worker: Processing IP: 10.22.1.139
ArpWatch worker: Processing IP: 10.22.1.178
IP: 10.22.1.139 read into input chan: 0xc0000781e0
IP: 10.22.1.140 read into input chan: 0xc0000781e0
IP: 10.22.1.141 read into input chan: 0xc0000781e0
IP: 10.22.1.178 read into input chan: 0xc0000783c0
IP: 10.22.1.179 read into input chan: 0xc0000783c0
IP: 10.22.1.180 read into input chan: 0xc0000783c0
IP: 10.22.1.142 read into input chan: 0xc0000781e0
ArpWatch worker: Processing IP: 10.22.1.180
ArpHosts worker: Processing IP: 10.22.1.140
ArpHosts worker: Processing IP: 10.22.1.141
ArpWatch worker: Processing IP: 10.22.1.179
IP: 10.22.1.143 read into input chan: 0xc0000781e0
IP: 10.22.1.144 read into input chan: 0xc0000781e0
IP: 10.22.1.181 read into input chan: 0xc0000783c0
IP: 10.22.1.182 read into input chan: 0xc0000783c0
IP: 10.22.1.183 read into input chan: 0xc0000783c0
ArpWatch worker: Processing IP: 10.22.1.181
ArpHosts worker: Processing IP: 10.22.1.142
ArpHosts worker: Processing IP: 10.22.1.143
ArpHosts worker: Processing IP: 10.22.1.144
ArpWatch worker: Processing IP: 10.22.1.183
ArpHosts worker: Processing IP: 10.22.1.145
ArpWatch worker: Processing IP: 10.22.1.182
ArpWatch worker: Processing IP: 10.22.1.184
IP: 10.22.1.145 read into input chan: 0xc0000781e0
IP: 10.22.1.146 read into input chan: 0xc0000781e0
IP: 10.22.1.147 read into input chan: 0xc0000781e0
IP: 10.22.1.184 read into input chan: 0xc0000783c0
IP: 10.22.1.185 read into input chan: 0xc0000783c0
IP: 10.22.1.186 read into input chan: 0xc0000783c0
IP: 10.22.1.148 read into input chan: 0xc0000781e0
ArpWatch worker: Processing IP: 10.22.1.186
ArpWatch worker: Processing IP: 10.22.1.187
IP: 10.22.1.187 read into input chan: 0xc0000783c0
IP: 10.22.1.188 read into input chan: 0xc0000783c0
ArpWatch worker: Processing IP: 10.22.1.185
ArpHosts worker: Processing IP: 10.22.1.146
ArpHosts worker: Processing IP: 10.22.1.147
ArpHosts worker: Processing IP: 10.22.1.148
IP: 10.22.1.189 read into input chan: 0xc0000783c0
ArpHosts worker: Processing IP: 10.22.1.149
ArpWatch worker: Processing IP: 10.22.1.189
IP: 10.22.1.149 read into input chan: 0xc0000781e0
IP: 10.22.1.150 read into input chan: 0xc0000781e0
IP: 10.22.1.151 read into input chan: 0xc0000781e0
ArpWatch worker: Processing IP: 10.22.1.188
ArpWatch worker: Processing IP: 10.22.1.190
IP: 10.22.1.152 read into input chan: 0xc0000781e0
IP: 10.22.1.190 read into input chan: 0xc0000783c0
IP: 10.22.1.191 read into input chan: 0xc0000783c0
IP: 10.22.1.192 read into input chan: 0xc0000783c0
ArpHosts worker: Processing IP: 10.22.1.150
ArpHosts worker: Processing IP: 10.22.1.151
ArpWatch worker: Processing IP: 10.22.1.192
ArpWatch worker: Processing IP: 10.22.1.193
IP: 10.22.1.153 read into input chan: 0xc0000781e0
IP: 10.22.1.154 read into input chan: 0xc0000781e0
IP: 10.22.1.193 read into input chan: 0xc0000783c0
IP: 10.22.1.194 read into input chan: 0xc0000783c0
ArpHosts worker: Processing IP: 10.22.1.152
ArpHosts worker: Processing IP: 10.22.1.153
ArpWatch worker: Processing IP: 10.22.1.194
ArpWatch worker: Processing IP: 10.22.1.191
IP: 10.22.1.155 read into input chan: 0xc0000781e0
ArpWatch worker: Processing IP: 10.22.1.195
IP: 10.22.1.156 read into input chan: 0xc0000781e0
IP: 10.22.1.195 read into input chan: 0xc0000783c0
IP: 10.22.1.196 read into input chan: 0xc0000783c0
IP: 10.22.1.197 read into input chan: 0xc0000783c0
ArpHosts worker: Processing IP: 10.22.1.154
ArpHosts worker: Processing IP: 10.22.1.155
ArpHosts worker: Processing IP: 10.22.1.156
ArpWatch worker: Processing IP: 10.22.1.197
ArpHosts worker: Processing IP: 10.22.1.157
ArpWatch worker: Processing IP: 10.22.1.196
ArpWatch worker: Processing IP: 10.22.1.198
IP: 10.22.1.157 read into input chan: 0xc0000781e0
IP: 10.22.1.158 read into input chan: 0xc0000781e0
IP: 10.22.1.159 read into input chan: 0xc0000781e0
IP: 10.22.1.198 read into input chan: 0xc0000783c0
IP: 10.22.1.199 read into input chan: 0xc0000783c0
IP: 10.22.1.200 read into input chan: 0xc0000783c0
IP: 10.22.1.160 read into input chan: 0xc0000781e0
ArpWatch worker: Processing IP: 10.22.1.200
ArpHosts worker: Processing IP: 10.22.1.158
ArpHosts worker: Processing IP: 10.22.1.159
ArpHosts worker: Processing IP: 10.22.1.160
ArpWatch worker: Processing IP: 10.22.1.199
ArpWatch worker: Processing IP: 10.22.1.201
ArpHosts worker: Processing IP: 10.22.1.161
IP: 10.22.1.201 read into input chan: 0xc0000783c0
IP: 10.22.1.202 read into input chan: 0xc0000783c0
IP: 10.22.1.203 read into input chan: 0xc0000783c0
IP: 10.22.1.161 read into input chan: 0xc0000781e0
IP: 10.22.1.162 read into input chan: 0xc0000781e0
IP: 10.22.1.163 read into input chan: 0xc0000781e0
ArpWatch worker: Processing IP: 10.22.1.203
ArpWatch worker: Processing IP: 10.22.1.204
IP: 10.22.1.164 read into input chan: 0xc0000781e0
ArpHosts worker: Processing IP: 10.22.1.162
ArpHosts worker: Processing IP: 10.22.1.163
ArpWatch worker: Processing IP: 10.22.1.202
IP: 10.22.1.204 read into input chan: 0xc0000783c0
IP: 10.22.1.205 read into input chan: 0xc0000783c0
IP: 10.22.1.165 read into input chan: 0xc0000781e0
IP: 10.22.1.166 read into input chan: 0xc0000781e0
ArpHosts worker: Processing IP: 10.22.1.164
ArpHosts worker: Processing IP: 10.22.1.165
ArpHosts worker: Processing IP: 10.22.1.166
IP: 10.22.1.206 read into input chan: 0xc0000783c0
ArpHosts worker: Processing IP: 10.22.1.167
ArpWatch worker: Processing IP: 10.22.1.206
IP: 10.22.1.167 read into input chan: 0xc0000781e0
IP: 10.22.1.168 read into input chan: 0xc0000781e0
IP: 10.22.1.169 read into input chan: 0xc0000781e0
ArpWatch worker: Processing IP: 10.22.1.205
ArpWatch worker: Processing IP: 10.22.1.207
IP: 10.22.1.170 read into input chan: 0xc0000781e0
IP: 10.22.1.207 read into input chan: 0xc0000783c0
IP: 10.22.1.208 read into input chan: 0xc0000783c0
IP: 10.22.1.209 read into input chan: 0xc0000783c0
ArpHosts worker: Processing IP: 10.22.1.168
ArpHosts worker: Processing IP: 10.22.1.169
ArpHosts worker: Processing IP: 10.22.1.170
ArpWatch worker: Processing IP: 10.22.1.209
IP: 10.22.1.171 read into input chan: 0xc0000781e0
ArpWatch worker: Processing IP: 10.22.1.210
IP: 10.22.1.210 read into input chan: 0xc0000783c0
IP: 10.22.1.211 read into input chan: 0xc0000783c0
ArpHosts worker: Processing IP: 10.22.1.171
ArpHosts worker: Processing IP: 10.22.1.172
IP: 10.22.1.172 read into input chan: 0xc0000781e0
IP: 10.22.1.173 read into input chan: 0xc0000781e0
IP: 10.22.1.174 read into input chan: 0xc0000781e0
IP: 10.22.1.212 read into input chan: 0xc0000783c0
ArpWatch worker: Processing IP: 10.22.1.208
IP: 10.22.1.175 read into input chan: 0xc0000781e0
ArpWatch worker: Processing IP: 10.22.1.212
ArpHosts worker: Processing IP: 10.22.1.173
ArpHosts worker: Processing IP: 10.22.1.174
ArpHosts worker: Processing IP: 10.22.1.175
ArpWatch worker: Processing IP: 10.22.1.211
ArpWatch worker: Processing IP: 10.22.1.213
ArpHosts worker: Processing IP: 10.22.1.176
IP: 10.22.1.213 read into input chan: 0xc0000783c0
IP: 10.22.1.214 read into input chan: 0xc0000783c0
IP: 10.22.1.215 read into input chan: 0xc0000783c0
IP: 10.22.1.176 read into input chan: 0xc0000781e0
IP: 10.22.1.177 read into input chan: 0xc0000781e0
IP: 10.22.1.178 read into input chan: 0xc0000781e0
ArpWatch worker: Processing IP: 10.22.1.215
IP: 10.22.1.179 read into input chan: 0xc0000781e0
ArpWatch worker: Processing IP: 10.22.1.214
ArpWatch worker: Processing IP: 10.22.1.216
ArpHosts worker: Processing IP: 10.22.1.177
ArpHosts worker: Processing IP: 10.22.1.178
ArpHosts worker: Processing IP: 10.22.1.179
IP: 10.22.1.216 read into input chan: 0xc0000783c0
IP: 10.22.1.217 read into input chan: 0xc0000783c0
IP: 10.22.1.218 read into input chan: 0xc0000783c0
ArpHosts worker: Processing IP: 10.22.1.180
ArpWatch worker: Processing IP: 10.22.1.218
IP: 10.22.1.180 read into input chan: 0xc0000781e0
IP: 10.22.1.181 read into input chan: 0xc0000781e0
IP: 10.22.1.182 read into input chan: 0xc0000781e0
ArpWatch worker: Processing IP: 10.22.1.217
ArpWatch worker: Processing IP: 10.22.1.219
IP: 10.22.1.183 read into input chan: 0xc0000781e0
IP: 10.22.1.219 read into input chan: 0xc0000783c0
IP: 10.22.1.220 read into input chan: 0xc0000783c0
IP: 10.22.1.221 read into input chan: 0xc0000783c0
ArpHosts worker: Processing IP: 10.22.1.181
ArpHosts worker: Processing IP: 10.22.1.182
ArpHosts worker: Processing IP: 10.22.1.183
ArpWatch worker: Processing IP: 10.22.1.221
ArpHosts worker: Processing IP: 10.22.1.184
ArpWatch worker: Processing IP: 10.22.1.220
ArpWatch worker: Processing IP: 10.22.1.222
IP: 10.22.1.184 read into input chan: 0xc0000781e0
IP: 10.22.1.185 read into input chan: 0xc0000781e0
IP: 10.22.1.186 read into input chan: 0xc0000781e0
IP: 10.22.1.222 read into input chan: 0xc0000783c0
IP: 10.22.1.223 read into input chan: 0xc0000783c0
IP: 10.22.1.224 read into input chan: 0xc0000783c0
IP: 10.22.1.187 read into input chan: 0xc0000781e0
ArpWatch worker: Processing IP: 10.22.1.224
ArpHosts worker: Processing IP: 10.22.1.185
ArpHosts worker: Processing IP: 10.22.1.186
ArpWatch worker: Processing IP: 10.22.1.223
IP: 10.22.1.225 read into input chan: 0xc0000783c0
IP: 10.22.1.188 read into input chan: 0xc0000781e0
ArpWatch worker: Processing IP: 10.22.1.226
IP: 10.22.1.226 read into input chan: 0xc0000783c0
IP: 10.22.1.227 read into input chan: 0xc0000783c0
ArpHosts worker: Processing IP: 10.22.1.187
ArpHosts worker: Processing IP: 10.22.1.188
ArpHosts worker: Processing IP: 10.22.1.189
IP: 10.22.1.189 read into input chan: 0xc0000781e0
IP: 10.22.1.228 read into input chan: 0xc0000783c0
ArpWatch worker: Processing IP: 10.22.1.225
ArpHosts worker: Processing IP: 10.22.1.190
ArpWatch worker: Processing IP: 10.22.1.228
IP: 10.22.1.190 read into input chan: 0xc0000781e0
IP: 10.22.1.191 read into input chan: 0xc0000781e0
IP: 10.22.1.192 read into input chan: 0xc0000781e0
ArpWatch worker: Processing IP: 10.22.1.227
ArpWatch worker: Processing IP: 10.22.1.229
IP: 10.22.1.193 read into input chan: 0xc0000781e0
IP: 10.22.1.229 read into input chan: 0xc0000783c0
IP: 10.22.1.230 read into input chan: 0xc0000783c0
IP: 10.22.1.231 read into input chan: 0xc0000783c0
ArpHosts worker: Processing IP: 10.22.1.191
ArpWatch worker: Processing IP: 10.22.1.230
IP: 10.22.1.194 read into input chan: 0xc0000781e0
ArpWatch worker: Processing IP: 10.22.1.232
ArpHosts worker: Processing IP: 10.22.1.192
ArpHosts worker: Processing IP: 10.22.1.193
IP: 10.22.1.232 read into input chan: 0xc0000783c0
IP: 10.22.1.233 read into input chan: 0xc0000783c0
IP: 10.22.1.234 read into input chan: 0xc0000783c0
ArpWatch worker: Processing IP: 10.22.1.231
ArpHosts worker: Processing IP: 10.22.1.194
ArpWatch worker: Processing IP: 10.22.1.234
ArpHosts worker: Processing IP: 10.22.1.195
ArpWatch worker: Processing IP: 10.22.1.233
ArpWatch worker: Processing IP: 10.22.1.235
IP: 10.22.1.195 read into input chan: 0xc0000781e0
IP: 10.22.1.196 read into input chan: 0xc0000781e0
IP: 10.22.1.197 read into input chan: 0xc0000781e0
IP: 10.22.1.235 read into input chan: 0xc0000783c0
IP: 10.22.1.198 read into input chan: 0xc0000781e0
ArpHosts worker: Processing IP: 10.22.1.196
ArpHosts worker: Processing IP: 10.22.1.197
IP: 10.22.1.236 read into input chan: 0xc0000783c0
IP: 10.22.1.237 read into input chan: 0xc0000783c0
ArpWatch worker: Processing IP: 10.22.1.237
ArpWatch worker: Processing IP: 10.22.1.238
IP: 10.22.1.199 read into input chan: 0xc0000781e0
IP: 10.22.1.200 read into input chan: 0xc0000781e0
ArpHosts worker: Processing IP: 10.22.1.198
ArpHosts worker: Processing IP: 10.22.1.199
ArpWatch worker: Processing IP: 10.22.1.236
IP: 10.22.1.238 read into input chan: 0xc0000783c0
IP: 10.22.1.239 read into input chan: 0xc0000783c0
IP: 10.22.1.240 read into input chan: 0xc0000783c0
IP: 10.22.1.201 read into input chan: 0xc0000781e0
ArpWatch worker: Processing IP: 10.22.1.240
IP: 10.22.1.202 read into input chan: 0xc0000781e0
ArpWatch worker: Processing IP: 10.22.1.239
ArpWatch worker: Processing IP: 10.22.1.241
ArpHosts worker: Processing IP: 10.22.1.200
ArpHosts worker: Processing IP: 10.22.1.201
ArpHosts worker: Processing IP: 10.22.1.202
IP: 10.22.1.241 read into input chan: 0xc0000783c0
IP: 10.22.1.242 read into input chan: 0xc0000783c0
IP: 10.22.1.243 read into input chan: 0xc0000783c0
ArpWatch worker: Processing IP: 10.22.1.243
ArpWatch worker: Processing IP: 10.22.1.244
IP: 10.22.1.203 read into input chan: 0xc0000781e0
IP: 10.22.1.204 read into input chan: 0xc0000781e0
ArpHosts worker: Processing IP: 10.22.1.203
ArpWatch worker: Processing IP: 10.22.1.242
IP: 10.22.1.244 read into input chan: 0xc0000783c0
IP: 10.22.1.245 read into input chan: 0xc0000783c0
IP: 10.22.1.246 read into input chan: 0xc0000783c0
IP: 10.22.1.205 read into input chan: 0xc0000781e0
ArpWatch worker: Processing IP: 10.22.1.246
IP: 10.22.1.206 read into input chan: 0xc0000781e0
ArpWatch worker: Processing IP: 10.22.1.245
ArpWatch worker: Processing IP: 10.22.1.247
ArpHosts worker: Processing IP: 10.22.1.204
ArpHosts worker: Processing IP: 10.22.1.205
ArpHosts worker: Processing IP: 10.22.1.206
IP: 10.22.1.247 read into input chan: 0xc0000783c0
IP: 10.22.1.248 read into input chan: 0xc0000783c0
ArpHosts worker: Processing IP: 10.22.1.207
ArpWatch worker: Processing IP: 10.22.1.248
ArpWatch worker: Processing IP: 10.22.1.249
IP: 10.22.1.207 read into input chan: 0xc0000781e0
IP: 10.22.1.208 read into input chan: 0xc0000781e0
IP: 10.22.1.209 read into input chan: 0xc0000781e0
IP: 10.22.1.249 read into input chan: 0xc0000783c0
IP: 10.22.1.250 read into input chan: 0xc0000783c0
IP: 10.22.1.251 read into input chan: 0xc0000783c0
IP: 10.22.1.210 read into input chan: 0xc0000781e0
ArpWatch worker: Processing IP: 10.22.1.251
ArpHosts worker: Processing IP: 10.22.1.208
ArpHosts worker: Processing IP: 10.22.1.209
ArpHosts worker: Processing IP: 10.22.1.210
ArpWatch worker: Processing IP: 10.22.1.250
ArpWatch worker: Processing IP: 10.22.1.252
ArpHosts worker: Processing IP: 10.22.1.211
IP: 10.22.1.252 read into input chan: 0xc0000783c0
IP: 10.22.1.253 read into input chan: 0xc0000783c0
IP: 10.22.1.254 read into input chan: 0xc0000783c0
IP: 10.22.1.211 read into input chan: 0xc0000781e0
IP: 10.22.1.212 read into input chan: 0xc0000781e0
IP: 10.22.1.213 read into input chan: 0xc0000781e0
IP: 10.22.1.214 read into input chan: 0xc0000781e0
ArpHosts worker: Processing IP: 10.22.1.212
ArpHosts worker: Processing IP: 10.22.1.213
ArpWatch worker: Processing IP: 10.22.1.254
IP: 10.22.1.215 read into input chan: 0xc0000781e0
IP: 10.22.1.216 read into input chan: 0xc0000781e0
ArpHosts worker: Processing IP: 10.22.1.214
ArpHosts worker: Processing IP: 10.22.1.215
IP: 10.22.1.255 read into input chan: 0xc0000783c0
IP: 10.22.2.0 read into input chan: 0xc0000783c0
IP: 10.22.2.1 read into input chan: 0xc0000783c0
ArpWatch worker: Processing IP: 10.22.1.253
ArpWatch worker: Processing IP: 10.22.1.255
ArpHosts worker: Processing IP: 10.22.1.216
ArpWatch worker: Processing IP: 10.22.2.1
ArpHosts worker: Processing IP: 10.22.1.217
ArpWatch worker: Processing IP: 10.22.2.0
ArpWatch worker: Processing IP: 10.22.2.2
IP: 10.22.1.217 read into input chan: 0xc0000781e0
IP: 10.22.1.218 read into input chan: 0xc0000781e0
ArpHosts worker: Processing IP: 10.22.1.218
IP: 10.22.1.219 read into input chan: 0xc0000781e0
IP: 10.22.1.220 read into input chan: 0xc0000781e0
ArpHosts worker: Processing IP: 10.22.1.219
IP: 10.22.2.2 read into input chan: 0xc0000783c0
IP: 10.22.2.3 read into input chan: 0xc0000783c0
IP: 10.22.2.4 read into input chan: 0xc0000783c0
IP: 10.22.1.221 read into input chan: 0xc0000781e0
ArpWatch worker: Processing IP: 10.22.2.4
IP: 10.22.1.222 read into input chan: 0xc0000781e0
ArpWatch worker: Processing IP: 10.22.2.3
ArpWatch worker: Processing IP: 10.22.2.5
ArpHosts worker: Processing IP: 10.22.1.220
ArpHosts worker: Processing IP: 10.22.1.221
ArpHosts worker: Processing IP: 10.22.1.222
IP: 10.22.2.5 read into input chan: 0xc0000783c0
IP: 10.22.2.6 read into input chan: 0xc0000783c0
IP: 10.22.2.7 read into input chan: 0xc0000783c0
ArpHosts worker: Processing IP: 10.22.1.223
ArpWatch worker: Processing IP: 10.22.2.7
ArpWatch worker: Processing IP: 10.22.2.6
IP: 10.22.2.8 read into input chan: 0xc0000783c0
IP: 10.22.1.223 read into input chan: 0xc0000781e0
ArpWatch worker: Processing IP: 10.22.2.9
IP: 10.22.1.224 read into input chan: 0xc0000781e0
IP: 10.22.1.225 read into input chan: 0xc0000781e0
IP: 10.22.2.9 read into input chan: 0xc0000783c0
IP: 10.22.2.10 read into input chan: 0xc0000783c0
IP: 10.22.2.11 read into input chan: 0xc0000783c0
ArpHosts worker: Processing IP: 10.22.1.224
IP: 10.22.1.226 read into input chan: 0xc0000781e0
ArpWatch worker: Processing IP: 10.22.2.8
ArpWatch worker: Processing IP: 10.22.2.11
IP: 10.22.1.227 read into input chan: 0xc0000781e0
ArpWatch worker: Processing IP: 10.22.2.10
ArpWatch worker: Processing IP: 10.22.2.12
ArpHosts worker: Processing IP: 10.22.1.225
ArpHosts worker: Processing IP: 10.22.1.226
ArpHosts worker: Processing IP: 10.22.1.227
IP: 10.22.2.12 read into input chan: 0xc0000783c0
IP: 10.22.2.13 read into input chan: 0xc0000783c0
IP: 10.22.2.14 read into input chan: 0xc0000783c0
ArpWatch worker: Processing IP: 10.22.2.14
IP: 10.22.2.15 read into input chan: 0xc0000783c0
ArpHosts worker: Processing IP: 10.22.1.228
ArpWatch worker: Processing IP: 10.22.2.13
ArpWatch worker: Processing IP: 10.22.2.16
IP: 10.22.2.16 read into input chan: 0xc0000783c0
IP: 10.22.2.17 read into input chan: 0xc0000783c0
ArpWatch worker: Processing IP: 10.22.2.15
ArpWatch worker: Processing IP: 10.22.2.17
IP: 10.22.1.228 read into input chan: 0xc0000781e0
IP: 10.22.1.229 read into input chan: 0xc0000781e0
IP: 10.22.1.230 read into input chan: 0xc0000781e0
ArpWatch worker: Processing IP: 10.22.2.18
IP: 10.22.1.231 read into input chan: 0xc0000781e0
IP: 10.22.2.18 read into input chan: 0xc0000783c0
IP: 10.22.2.19 read into input chan: 0xc0000783c0
IP: 10.22.2.20 read into input chan: 0xc0000783c0
ArpHosts worker: Processing IP: 10.22.1.229
ArpHosts worker: Processing IP: 10.22.1.230
ArpHosts worker: Processing IP: 10.22.1.231
ArpWatch worker: Processing IP: 10.22.2.20
ArpWatch worker: Processing IP: 10.22.2.19
ArpHosts worker: Processing IP: 10.22.1.232
IP: 10.22.1.232 read into input chan: 0xc0000781e0
IP: 10.22.1.233 read into input chan: 0xc0000781e0
IP: 10.22.2.21 read into input chan: 0xc0000783c0
IP: 10.22.2.22 read into input chan: 0xc0000783c0
IP: 10.22.2.23 read into input chan: 0xc0000783c0
ArpWatch worker: Processing IP: 10.22.2.21
IP: 10.22.1.234 read into input chan: 0xc0000781e0
ArpWatch worker: Processing IP: 10.22.2.23
IP: 10.22.1.235 read into input chan: 0xc0000781e0
ArpWatch worker: Processing IP: 10.22.2.22
ArpWatch worker: Processing IP: 10.22.2.24
ArpHosts worker: Processing IP: 10.22.1.233
ArpHosts worker: Processing IP: 10.22.1.234
ArpHosts worker: Processing IP: 10.22.1.235
IP: 10.22.2.24 read into input chan: 0xc0000783c0
IP: 10.22.2.25 read into input chan: 0xc0000783c0
IP: 10.22.2.26 read into input chan: 0xc0000783c0
ArpHosts worker: Processing IP: 10.22.1.236
IP: 10.22.1.236 read into input chan: 0xc0000781e0
IP: 10.22.1.237 read into input chan: 0xc0000781e0
IP: 10.22.2.27 read into input chan: 0xc0000783c0
IP: 10.22.1.238 read into input chan: 0xc0000781e0
IP: 10.22.1.239 read into input chan: 0xc0000781e0
IP: 10.22.2.28 read into input chan: 0xc0000783c0
ArpWatch worker: Processing IP: 10.22.2.26
ArpWatch worker: Processing IP: 10.22.2.27
ArpWatch worker: Processing IP: 10.22.2.25
ArpHosts worker: Processing IP: 10.22.1.237
ArpHosts worker: Processing IP: 10.22.1.238
ArpHosts worker: Processing IP: 10.22.1.239
ArpWatch worker: Processing IP: 10.22.2.28
ArpHosts worker: Processing IP: 10.22.1.240
ArpWatch worker: Processing IP: 10.22.2.29
IP: 10.22.1.240 read into input chan: 0xc0000781e0
IP: 10.22.1.241 read into input chan: 0xc0000781e0
IP: 10.22.1.242 read into input chan: 0xc0000781e0
IP: 10.22.2.29 read into input chan: 0xc0000783c0
IP: 10.22.2.30 read into input chan: 0xc0000783c0
IP: 10.22.2.31 read into input chan: 0xc0000783c0
IP: 10.22.1.243 read into input chan: 0xc0000781e0
ArpWatch worker: Processing IP: 10.22.2.31
ArpHosts worker: Processing IP: 10.22.1.241
ArpHosts worker: Processing IP: 10.22.1.242
ArpHosts worker: Processing IP: 10.22.1.243
ArpWatch worker: Processing IP: 10.22.2.30
ArpWatch worker: Processing IP: 10.22.2.32
ArpHosts worker: Processing IP: 10.22.1.244
IP: 10.22.2.32 read into input chan: 0xc0000783c0
IP: 10.22.2.33 read into input chan: 0xc0000783c0
IP: 10.22.2.34 read into input chan: 0xc0000783c0
IP: 10.22.1.244 read into input chan: 0xc0000781e0
IP: 10.22.1.245 read into input chan: 0xc0000781e0
IP: 10.22.1.246 read into input chan: 0xc0000781e0
ArpWatch worker: Processing IP: 10.22.2.34
IP: 10.22.1.247 read into input chan: 0xc0000781e0
ArpWatch worker: Processing IP: 10.22.2.33
ArpWatch worker: Processing IP: 10.22.2.35
ArpHosts worker: Processing IP: 10.22.1.245
ArpHosts worker: Processing IP: 10.22.1.246
ArpHosts worker: Processing IP: 10.22.1.247
IP: 10.22.2.35 read into input chan: 0xc0000783c0
IP: 10.22.2.36 read into input chan: 0xc0000783c0
IP: 10.22.2.37 read into input chan: 0xc0000783c0
ArpHosts worker: Processing IP: 10.22.1.248
ArpWatch worker: Processing IP: 10.22.2.37
IP: 10.22.1.248 read into input chan: 0xc0000781e0
IP: 10.22.1.249 read into input chan: 0xc0000781e0
ArpWatch worker: Processing IP: 10.22.2.36
IP: 10.22.1.250 read into input chan: 0xc0000781e0
ArpWatch worker: Processing IP: 10.22.2.38
ArpHosts worker: Processing IP: 10.22.1.249
ArpHosts worker: Processing IP: 10.22.1.250
IP: 10.22.2.38 read into input chan: 0xc0000783c0
IP: 10.22.2.39 read into input chan: 0xc0000783c0
IP: 10.22.2.40 read into input chan: 0xc0000783c0
IP: 10.22.1.251 read into input chan: 0xc0000781e0
ArpHosts worker: Processing IP: 10.22.1.251
ArpWatch worker: Processing IP: 10.22.2.40
ArpHosts worker: Processing IP: 10.22.1.252
ArpWatch worker: Processing IP: 10.22.2.39
ArpWatch worker: Processing IP: 10.22.2.41
IP: 10.22.1.252 read into input chan: 0xc0000781e0
IP: 10.22.1.253 read into input chan: 0xc0000781e0
IP: 10.22.1.254 read into input chan: 0xc0000781e0
IP: 10.22.2.41 read into input chan: 0xc0000783c0
IP: 10.22.2.42 read into input chan: 0xc0000783c0
IP: 10.22.2.43 read into input chan: 0xc0000783c0
IP: 10.22.1.255 read into input chan: 0xc0000781e0
ArpWatch worker: Processing IP: 10.22.2.43
ArpWatch worker: Processing IP: 10.22.2.42
ArpWatch worker: Processing IP: 10.22.2.44
ArpHosts worker: Processing IP: 10.22.1.253
ArpHosts worker: Processing IP: 10.22.1.254
ArpHosts worker: Processing IP: 10.22.1.255
IP: 10.22.2.44 read into input chan: 0xc0000783c0
IP: 10.22.2.45 read into input chan: 0xc0000783c0
IP: 10.22.2.46 read into input chan: 0xc0000783c0
ArpHosts worker: Processing IP: 10.22.2.0
ArpWatch worker: Processing IP: 10.22.2.46
IP: 10.22.2.0 read into input chan: 0xc0000781e0
IP: 10.22.2.1 read into input chan: 0xc0000781e0
IP: 10.22.2.2 read into input chan: 0xc0000781e0
ArpWatch worker: Processing IP: 10.22.2.45
ArpWatch worker: Processing IP: 10.22.2.47
IP: 10.22.2.3 read into input chan: 0xc0000781e0
IP: 10.22.2.47 read into input chan: 0xc0000783c0
IP: 10.22.2.48 read into input chan: 0xc0000783c0
IP: 10.22.2.49 read into input chan: 0xc0000783c0
ArpHosts worker: Processing IP: 10.22.2.1
ArpHosts worker: Processing IP: 10.22.2.2
ArpHosts worker: Processing IP: 10.22.2.3
ArpWatch worker: Processing IP: 10.22.2.48
ArpHosts worker: Processing IP: 10.22.2.4
IP: 10.22.2.50 read into input chan: 0xc0000783c0
ArpWatch worker: Processing IP: 10.22.2.50
IP: 10.22.2.51 read into input chan: 0xc0000783c0
IP: 10.22.2.4 read into input chan: 0xc0000781e0
IP: 10.22.2.5 read into input chan: 0xc0000781e0
IP: 10.22.2.6 read into input chan: 0xc0000781e0
ArpWatch worker: Processing IP: 10.22.2.51
ArpWatch worker: Processing IP: 10.22.2.49
IP: 10.22.2.7 read into input chan: 0xc0000781e0
ArpWatch worker: Processing IP: 10.22.2.52
ArpHosts worker: Processing IP: 10.22.2.5
ArpHosts worker: Processing IP: 10.22.2.6
ArpHosts worker: Processing IP: 10.22.2.7
IP: 10.22.2.52 read into input chan: 0xc0000783c0
IP: 10.22.2.53 read into input chan: 0xc0000783c0
IP: 10.22.2.54 read into input chan: 0xc0000783c0
ArpHosts worker: Processing IP: 10.22.2.8
ArpWatch worker: Processing IP: 10.22.2.54
IP: 10.22.2.8 read into input chan: 0xc0000781e0
IP: 10.22.2.9 read into input chan: 0xc0000781e0
IP: 10.22.2.10 read into input chan: 0xc0000781e0
ArpWatch worker: Processing IP: 10.22.2.55
IP: 10.22.2.55 read into input chan: 0xc0000783c0
IP: 10.22.2.11 read into input chan: 0xc0000781e0
ArpWatch worker: Processing IP: 10.22.2.53
IP: 10.22.2.56 read into input chan: 0xc0000783c0
IP: 10.22.2.57 read into input chan: 0xc0000783c0
ArpHosts worker: Processing IP: 10.22.2.9
ArpHosts worker: Processing IP: 10.22.2.10
ArpHosts worker: Processing IP: 10.22.2.11
ArpWatch worker: Processing IP: 10.22.2.56
IP: 10.22.2.58 read into input chan: 0xc0000783c0
ArpHosts worker: Processing IP: 10.22.2.12
ArpWatch worker: Processing IP: 10.22.2.58
IP: 10.22.2.12 read into input chan: 0xc0000781e0
IP: 10.22.2.13 read into input chan: 0xc0000781e0
IP: 10.22.2.14 read into input chan: 0xc0000781e0
ArpWatch worker: Processing IP: 10.22.2.57
ArpWatch worker: Processing IP: 10.22.2.59
IP: 10.22.2.15 read into input chan: 0xc0000781e0
IP: 10.22.2.59 read into input chan: 0xc0000783c0
IP: 10.22.2.60 read into input chan: 0xc0000783c0
IP: 10.22.2.61 read into input chan: 0xc0000783c0
ArpWatch worker: Processing IP: 10.22.2.61
ArpWatch worker: Processing IP: 10.22.2.60
ArpWatch worker: Processing IP: 10.22.2.62
IP: 10.22.2.62 read into input chan: 0xc0000783c0
IP: 10.22.2.63 read into input chan: 0xc0000783c0
IP: 10.22.2.64 read into input chan: 0xc0000783c0
ArpHosts worker: Processing IP: 10.22.2.13
ArpHosts worker: Processing IP: 10.22.2.14
ArpHosts worker: Processing IP: 10.22.2.15
ArpWatch worker: Processing IP: 10.22.2.64
ArpHosts worker: Processing IP: 10.22.2.16
ArpWatch worker: Processing IP: 10.22.2.63
ArpWatch worker: Processing IP: 10.22.2.65
IP: 10.22.2.16 read into input chan: 0xc0000781e0
IP: 10.22.2.17 read into input chan: 0xc0000781e0
IP: 10.22.2.18 read into input chan: 0xc0000781e0
IP: 10.22.2.65 read into input chan: 0xc0000783c0
IP: 10.22.2.66 read into input chan: 0xc0000783c0
IP: 10.22.2.67 read into input chan: 0xc0000783c0
IP: 10.22.2.19 read into input chan: 0xc0000781e0
ArpWatch worker: Processing IP: 10.22.2.67
ArpHosts worker: Processing IP: 10.22.2.17
ArpHosts worker: Processing IP: 10.22.2.18
IP: 10.22.2.20 read into input chan: 0xc0000781e0
IP: 10.22.2.68 read into input chan: 0xc0000783c0
IP: 10.22.2.69 read into input chan: 0xc0000783c0
ArpHosts worker: Processing IP: 10.22.2.19
ArpHosts worker: Processing IP: 10.22.2.20
ArpWatch worker: Processing IP: 10.22.2.68
ArpWatch worker: Processing IP: 10.22.2.66
IP: 10.22.2.70 read into input chan: 0xc0000783c0
IP: 10.22.2.21 read into input chan: 0xc0000781e0
ArpHosts worker: Processing IP: 10.22.2.21
ArpWatch worker: Processing IP: 10.22.2.70
ArpHosts worker: Processing IP: 10.22.2.22
ArpWatch worker: Processing IP: 10.22.2.69
ArpWatch worker: Processing IP: 10.22.2.71
IP: 10.22.2.22 read into input chan: 0xc0000781e0
IP: 10.22.2.23 read into input chan: 0xc0000781e0
IP: 10.22.2.24 read into input chan: 0xc0000781e0
IP: 10.22.2.71 read into input chan: 0xc0000783c0
IP: 10.22.2.72 read into input chan: 0xc0000783c0
IP: 10.22.2.73 read into input chan: 0xc0000783c0
ArpWatch worker: Processing IP: 10.22.2.73
ArpHosts worker: Processing IP: 10.22.2.23
ArpHosts worker: Processing IP: 10.22.2.24
ArpWatch worker: Processing IP: 10.22.2.74
IP: 10.22.2.25 read into input chan: 0xc0000781e0
IP: 10.22.2.74 read into input chan: 0xc0000783c0
IP: 10.22.2.75 read into input chan: 0xc0000783c0
IP: 10.22.2.76 read into input chan: 0xc0000783c0
ArpWatch worker: Processing IP: 10.22.2.72
ArpHosts worker: Processing IP: 10.22.2.25
ArpWatch worker: Processing IP: 10.22.2.76
ArpHosts worker: Processing IP: 10.22.2.26
ArpWatch worker: Processing IP: 10.22.2.75
ArpWatch worker: Processing IP: 10.22.2.77
IP: 10.22.2.26 read into input chan: 0xc0000781e0
IP: 10.22.2.27 read into input chan: 0xc0000781e0
IP: 10.22.2.28 read into input chan: 0xc0000781e0
IP: 10.22.2.77 read into input chan: 0xc0000783c0
IP: 10.22.2.78 read into input chan: 0xc0000783c0
IP: 10.22.2.79 read into input chan: 0xc0000783c0
IP: 10.22.2.29 read into input chan: 0xc0000781e0
ArpWatch worker: Processing IP: 10.22.2.79
IP: 10.22.2.80 read into input chan: 0xc0000783c0
IP: 10.22.2.81 read into input chan: 0xc0000783c0
ArpWatch worker: Processing IP: 10.22.2.80
ArpWatch worker: Processing IP: 10.22.2.78
ArpHosts worker: Processing IP: 10.22.2.27
ArpHosts worker: Processing IP: 10.22.2.28
ArpHosts worker: Processing IP: 10.22.2.29
IP: 10.22.2.82 read into input chan: 0xc0000783c0
ArpHosts worker: Processing IP: 10.22.2.30
ArpWatch worker: Processing IP: 10.22.2.82
IP: 10.22.2.30 read into input chan: 0xc0000781e0
IP: 10.22.2.31 read into input chan: 0xc0000781e0
IP: 10.22.2.32 read into input chan: 0xc0000781e0
ArpWatch worker: Processing IP: 10.22.2.81
ArpWatch worker: Processing IP: 10.22.2.83
IP: 10.22.2.33 read into input chan: 0xc0000781e0
IP: 10.22.2.83 read into input chan: 0xc0000783c0
IP: 10.22.2.84 read into input chan: 0xc0000783c0
ArpHosts worker: Processing IP: 10.22.2.31
ArpWatch worker: Processing IP: 10.22.2.84
IP: 10.22.2.85 read into input chan: 0xc0000783c0
IP: 10.22.2.86 read into input chan: 0xc0000783c0
IP: 10.22.2.87 read into input chan: 0xc0000783c0
IP: 10.22.2.88 read into input chan: 0xc0000783c0
ArpWatch worker: Processing IP: 10.22.2.85
ArpWatch worker: Processing IP: 10.22.2.87
IP: 10.22.2.34 read into input chan: 0xc0000781e0
ArpHosts worker: Processing IP: 10.22.2.32
ArpHosts worker: Processing IP: 10.22.2.33
ArpHosts worker: Processing IP: 10.22.2.34
ArpWatch worker: Processing IP: 10.22.2.86
ArpWatch worker: Processing IP: 10.22.2.88
ArpHosts worker: Processing IP: 10.22.2.35
ArpWatch worker: Processing IP: 10.22.2.89
IP: 10.22.2.35 read into input chan: 0xc0000781e0
IP: 10.22.2.36 read into input chan: 0xc0000781e0
IP: 10.22.2.37 read into input chan: 0xc0000781e0
IP: 10.22.2.89 read into input chan: 0xc0000783c0
IP: 10.22.2.90 read into input chan: 0xc0000783c0
IP: 10.22.2.91 read into input chan: 0xc0000783c0
IP: 10.22.2.38 read into input chan: 0xc0000781e0
ArpWatch worker: Processing IP: 10.22.2.91
ArpHosts worker: Processing IP: 10.22.2.36
ArpWatch worker: Processing IP: 10.22.2.90
ArpHosts worker: Processing IP: 10.22.2.37
ArpHosts worker: Processing IP: 10.22.2.38
ArpWatch worker: Processing IP: 10.22.2.92
IP: 10.22.2.92 read into input chan: 0xc0000783c0
IP: 10.22.2.93 read into input chan: 0xc0000783c0
IP: 10.22.2.94 read into input chan: 0xc0000783c0
IP: 10.22.2.39 read into input chan: 0xc0000781e0
ArpHosts worker: Processing IP: 10.22.2.39
ArpWatch worker: Processing IP: 10.22.2.94
ArpHosts worker: Processing IP: 10.22.2.40
ArpWatch worker: Processing IP: 10.22.2.93
ArpWatch worker: Processing IP: 10.22.2.95
IP: 10.22.2.40 read into input chan: 0xc0000781e0
IP: 10.22.2.41 read into input chan: 0xc0000781e0
IP: 10.22.2.42 read into input chan: 0xc0000781e0
IP: 10.22.2.95 read into input chan: 0xc0000783c0
IP: 10.22.2.96 read into input chan: 0xc0000783c0
IP: 10.22.2.97 read into input chan: 0xc0000783c0
IP: 10.22.2.43 read into input chan: 0xc0000781e0
ArpWatch worker: Processing IP: 10.22.2.96
ArpWatch worker: Processing IP: 10.22.2.98
ArpHosts worker: Processing IP: 10.22.2.41
ArpHosts worker: Processing IP: 10.22.2.42
ArpHosts worker: Processing IP: 10.22.2.43
ArpWatch worker: Processing IP: 10.22.2.97
ArpHosts worker: Processing IP: 10.22.2.44
IP: 10.22.2.44 read into input chan: 0xc0000781e0
IP: 10.22.2.45 read into input chan: 0xc0000781e0
IP: 10.22.2.46 read into input chan: 0xc0000781e0
IP: 10.22.2.98 read into input chan: 0xc0000783c0
IP: 10.22.2.99 read into input chan: 0xc0000783c0
IP: 10.22.2.100 read into input chan: 0xc0000783c0
IP: 10.22.2.47 read into input chan: 0xc0000781e0
ArpWatch worker: Processing IP: 10.22.2.100
ArpHosts worker: Processing IP: 10.22.2.45
ArpHosts worker: Processing IP: 10.22.2.46
ArpWatch worker: Processing IP: 10.22.2.99
ArpHosts worker: Processing IP: 10.22.2.47
ArpHosts worker: Processing IP: 10.22.2.48
ArpWatch worker: Processing IP: 10.22.2.101
IP: 10.22.2.48 read into input chan: 0xc0000781e0
IP: 10.22.2.49 read into input chan: 0xc0000781e0
IP: 10.22.2.50 read into input chan: 0xc0000781e0
IP: 10.22.2.101 read into input chan: 0xc0000783c0
IP: 10.22.2.102 read into input chan: 0xc0000783c0
IP: 10.22.2.103 read into input chan: 0xc0000783c0
IP: 10.22.2.51 read into input chan: 0xc0000781e0
ArpWatch worker: Processing IP: 10.22.2.103
ArpHosts worker: Processing IP: 10.22.2.49
ArpHosts worker: Processing IP: 10.22.2.50
ArpHosts worker: Processing IP: 10.22.2.51
ArpWatch worker: Processing IP: 10.22.2.102
ArpWatch worker: Processing IP: 10.22.2.104
ArpHosts worker: Processing IP: 10.22.2.52
IP: 10.22.2.104 read into input chan: 0xc0000783c0
IP: 10.22.2.105 read into input chan: 0xc0000783c0
IP: 10.22.2.52 read into input chan: 0xc0000781e0
IP: 10.22.2.53 read into input chan: 0xc0000781e0
ArpWatch worker: Processing IP: 10.22.2.106
ArpWatch worker: Processing IP: 10.22.2.105
IP: 10.22.2.106 read into input chan: 0xc0000783c0
IP: 10.22.2.107 read into input chan: 0xc0000783c0
IP: 10.22.2.108 read into input chan: 0xc0000783c0
IP: 10.22.2.54 read into input chan: 0xc0000781e0
ArpWatch worker: Processing IP: 10.22.2.108
IP: 10.22.2.55 read into input chan: 0xc0000781e0
ArpWatch worker: Processing IP: 10.22.2.107
ArpWatch worker: Processing IP: 10.22.2.109
ArpHosts worker: Processing IP: 10.22.2.53
ArpHosts worker: Processing IP: 10.22.2.54
IP: 10.22.2.109 read into input chan: 0xc0000783c0
IP: 10.22.2.110 read into input chan: 0xc0000783c0
ArpWatch worker: Processing IP: 10.22.2.110
ArpHosts worker: Processing IP: 10.22.2.55
ArpHosts worker: Processing IP: 10.22.2.56
IP: 10.22.2.56 read into input chan: 0xc0000781e0
IP: 10.22.2.57 read into input chan: 0xc0000781e0
IP: 10.22.2.111 read into input chan: 0xc0000783c0
IP: 10.22.2.112 read into input chan: 0xc0000783c0
IP: 10.22.2.113 read into input chan: 0xc0000783c0
ArpHosts worker: Processing IP: 10.22.2.57
ArpWatch worker: Processing IP: 10.22.2.111
ArpWatch worker: Processing IP: 10.22.2.113
ArpHosts worker: Processing IP: 10.22.2.58
ArpWatch worker: Processing IP: 10.22.2.112
ArpWatch worker: Processing IP: 10.22.2.114
IP: 10.22.2.58 read into input chan: 0xc0000781e0
IP: 10.22.2.59 read into input chan: 0xc0000781e0
IP: 10.22.2.60 read into input chan: 0xc0000781e0
IP: 10.22.2.114 read into input chan: 0xc0000783c0
IP: 10.22.2.115 read into input chan: 0xc0000783c0
IP: 10.22.2.116 read into input chan: 0xc0000783c0
IP: 10.22.2.61 read into input chan: 0xc0000781e0
ArpWatch worker: Processing IP: 10.22.2.116
ArpWatch worker: Processing IP: 10.22.2.117
ArpHosts worker: Processing IP: 10.22.2.59
ArpHosts worker: Processing IP: 10.22.2.60
ArpHosts worker: Processing IP: 10.22.2.61
ArpWatch worker: Processing IP: 10.22.2.115
IP: 10.22.2.117 read into input chan: 0xc0000783c0
IP: 10.22.2.118 read into input chan: 0xc0000783c0
IP: 10.22.2.119 read into input chan: 0xc0000783c0
ArpHosts worker: Processing IP: 10.22.2.62
ArpWatch worker: Processing IP: 10.22.2.119
IP: 10.22.2.62 read into input chan: 0xc0000781e0
IP: 10.22.2.63 read into input chan: 0xc0000781e0
IP: 10.22.2.64 read into input chan: 0xc0000781e0
ArpWatch worker: Processing IP: 10.22.2.118
ArpWatch worker: Processing IP: 10.22.2.120
IP: 10.22.2.65 read into input chan: 0xc0000781e0
IP: 10.22.2.120 read into input chan: 0xc0000783c0
IP: 10.22.2.121 read into input chan: 0xc0000783c0
IP: 10.22.2.122 read into input chan: 0xc0000783c0
ArpWatch worker: Processing IP: 10.22.2.122
ArpWatch worker: Processing IP: 10.22.2.121
IP: 10.22.2.123 read into input chan: 0xc0000783c0
IP: 10.22.2.124 read into input chan: 0xc0000783c0
ArpHosts worker: Processing IP: 10.22.2.63
ArpHosts worker: Processing IP: 10.22.2.64
ArpHosts worker: Processing IP: 10.22.2.65
ArpWatch worker: Processing IP: 10.22.2.123
IP: 10.22.2.125 read into input chan: 0xc0000783c0
ArpHosts worker: Processing IP: 10.22.2.66
ArpWatch worker: Processing IP: 10.22.2.125
IP: 10.22.2.66 read into input chan: 0xc0000781e0
IP: 10.22.2.67 read into input chan: 0xc0000781e0
IP: 10.22.2.68 read into input chan: 0xc0000781e0
ArpWatch worker: Processing IP: 10.22.2.126
ArpHosts worker: Processing IP: 10.22.2.67
ArpHosts worker: Processing IP: 10.22.2.68
ArpWatch worker: Processing IP: 10.22.2.124
IP: 10.22.2.126 read into input chan: 0xc0000783c0
IP: 10.22.2.127 read into input chan: 0xc0000783c0
IP: 10.22.2.128 read into input chan: 0xc0000783c0
IP: 10.22.2.69 read into input chan: 0xc0000781e0
ArpHosts worker: Processing IP: 10.22.2.69
ArpWatch worker: Processing IP: 10.22.2.128
ArpHosts worker: Processing IP: 10.22.2.70
ArpWatch worker: Processing IP: 10.22.2.127
ArpWatch worker: Processing IP: 10.22.2.129
IP: 10.22.2.70 read into input chan: 0xc0000781e0
IP: 10.22.2.71 read into input chan: 0xc0000781e0
IP: 10.22.2.72 read into input chan: 0xc0000781e0
IP: 10.22.2.129 read into input chan: 0xc0000783c0
IP: 10.22.2.130 read into input chan: 0xc0000783c0
IP: 10.22.2.131 read into input chan: 0xc0000783c0
ArpWatch worker: Processing IP: 10.22.2.131
ArpHosts worker: Processing IP: 10.22.2.71
IP: 10.22.2.73 read into input chan: 0xc0000781e0
IP: 10.22.2.74 read into input chan: 0xc0000781e0
IP: 10.22.2.132 read into input chan: 0xc0000783c0
IP: 10.22.2.133 read into input chan: 0xc0000783c0
ArpHosts worker: Processing IP: 10.22.2.72
ArpHosts worker: Processing IP: 10.22.2.73
ArpWatch worker: Processing IP: 10.22.2.132
IP: 10.22.2.75 read into input chan: 0xc0000781e0
ArpWatch worker: Processing IP: 10.22.2.130
IP: 10.22.2.134 read into input chan: 0xc0000783c0
IP: 10.22.2.76 read into input chan: 0xc0000781e0
ArpWatch worker: Processing IP: 10.22.2.134
ArpHosts worker: Processing IP: 10.22.2.74
ArpHosts worker: Processing IP: 10.22.2.75
ArpHosts worker: Processing IP: 10.22.2.76
ArpWatch worker: Processing IP: 10.22.2.133
ArpWatch worker: Processing IP: 10.22.2.135
ArpHosts worker: Processing IP: 10.22.2.77
IP: 10.22.2.135 read into input chan: 0xc0000783c0
IP: 10.22.2.136 read into input chan: 0xc0000783c0
IP: 10.22.2.137 read into input chan: 0xc0000783c0
IP: 10.22.2.77 read into input chan: 0xc0000781e0
IP: 10.22.2.78 read into input chan: 0xc0000781e0
ArpWatch worker: Processing IP: 10.22.2.137
ArpWatch worker: Processing IP: 10.22.2.138
ArpWatch worker: Processing IP: 10.22.2.136
IP: 10.22.2.79 read into input chan: 0xc0000781e0
IP: 10.22.2.80 read into input chan: 0xc0000781e0
IP: 10.22.2.138 read into input chan: 0xc0000783c0
IP: 10.22.2.139 read into input chan: 0xc0000783c0
ArpWatch worker: Processing IP: 10.22.2.139
ArpHosts worker: Processing IP: 10.22.2.78
ArpHosts worker: Processing IP: 10.22.2.79
ArpHosts worker: Processing IP: 10.22.2.80
ArpWatch worker: Processing IP: 10.22.2.140
ArpHosts worker: Processing IP: 10.22.2.81
IP: 10.22.2.140 read into input chan: 0xc0000783c0
IP: 10.22.2.141 read into input chan: 0xc0000783c0
IP: 10.22.2.142 read into input chan: 0xc0000783c0
IP: 10.22.2.81 read into input chan: 0xc0000781e0
IP: 10.22.2.82 read into input chan: 0xc0000781e0
IP: 10.22.2.83 read into input chan: 0xc0000781e0
IP: 10.22.2.84 read into input chan: 0xc0000781e0
ArpWatch worker: Processing IP: 10.22.2.142
ArpWatch worker: Processing IP: 10.22.2.143
IP: 10.22.2.143 read into input chan: 0xc0000783c0
IP: 10.22.2.144 read into input chan: 0xc0000783c0
ArpWatch worker: Processing IP: 10.22.2.141
ArpWatch worker: Processing IP: 10.22.2.144
ArpHosts worker: Processing IP: 10.22.2.82
ArpHosts worker: Processing IP: 10.22.2.83
ArpHosts worker: Processing IP: 10.22.2.84
ArpWatch worker: Processing IP: 10.22.2.145
ArpHosts worker: Processing IP: 10.22.2.85
IP: 10.22.2.145 read into input chan: 0xc0000783c0
IP: 10.22.2.146 read into input chan: 0xc0000783c0
IP: 10.22.2.147 read into input chan: 0xc0000783c0
ArpWatch worker: Processing IP: 10.22.2.147
IP: 10.22.2.85 read into input chan: 0xc0000781e0
IP: 10.22.2.86 read into input chan: 0xc0000781e0
ArpWatch worker: Processing IP: 10.22.2.148
ArpWatch worker: Processing IP: 10.22.2.146
ArpHosts worker: Processing IP: 10.22.2.86
ArpHosts worker: Processing IP: 10.22.2.87
IP: 10.22.2.148 read into input chan: 0xc0000783c0
IP: 10.22.2.149 read into input chan: 0xc0000783c0
IP: 10.22.2.150 read into input chan: 0xc0000783c0
IP: 10.22.2.87 read into input chan: 0xc0000781e0
IP: 10.22.2.88 read into input chan: 0xc0000781e0
IP: 10.22.2.89 read into input chan: 0xc0000781e0
ArpWatch worker: Processing IP: 10.22.2.150
IP: 10.22.2.90 read into input chan: 0xc0000781e0
ArpWatch worker: Processing IP: 10.22.2.149
ArpWatch worker: Processing IP: 10.22.2.151
ArpHosts worker: Processing IP: 10.22.2.88
ArpHosts worker: Processing IP: 10.22.2.89
ArpHosts worker: Processing IP: 10.22.2.90
IP: 10.22.2.151 read into input chan: 0xc0000783c0
IP: 10.22.2.152 read into input chan: 0xc0000783c0
IP: 10.22.2.153 read into input chan: 0xc0000783c0
ArpHosts worker: Processing IP: 10.22.2.91
ArpWatch worker: Processing IP: 10.22.2.153
IP: 10.22.2.91 read into input chan: 0xc0000781e0
IP: 10.22.2.92 read into input chan: 0xc0000781e0
IP: 10.22.2.93 read into input chan: 0xc0000781e0
IP: 10.22.2.94 read into input chan: 0xc0000781e0
ArpWatch worker: Processing IP: 10.22.2.154
ArpWatch worker: Processing IP: 10.22.2.152
IP: 10.22.2.154 read into input chan: 0xc0000783c0
IP: 10.22.2.155 read into input chan: 0xc0000783c0
IP: 10.22.2.156 read into input chan: 0xc0000783c0
ArpHosts worker: Processing IP: 10.22.2.92
ArpHosts worker: Processing IP: 10.22.2.93
ArpHosts worker: Processing IP: 10.22.2.94
ArpWatch worker: Processing IP: 10.22.2.156
ArpHosts worker: Processing IP: 10.22.2.95
ArpWatch worker: Processing IP: 10.22.2.155
IP: 10.22.2.95 read into input chan: 0xc0000781e0
IP: 10.22.2.96 read into input chan: 0xc0000781e0
ArpHosts worker: Processing IP: 10.22.2.96
ArpHosts worker: Processing IP: 10.22.2.97
IP: 10.22.2.97 read into input chan: 0xc0000781e0
IP: 10.22.2.98 read into input chan: 0xc0000781e0
IP: 10.22.2.157 read into input chan: 0xc0000783c0
IP: 10.22.2.158 read into input chan: 0xc0000783c0
IP: 10.22.2.159 read into input chan: 0xc0000783c0
ArpWatch worker: Processing IP: 10.22.2.157
IP: 10.22.2.99 read into input chan: 0xc0000781e0
ArpWatch worker: Processing IP: 10.22.2.159
IP: 10.22.2.100 read into input chan: 0xc0000781e0
ArpWatch worker: Processing IP: 10.22.2.158
ArpWatch worker: Processing IP: 10.22.2.160
ArpHosts worker: Processing IP: 10.22.2.98
ArpHosts worker: Processing IP: 10.22.2.99
ArpHosts worker: Processing IP: 10.22.2.100
IP: 10.22.2.160 read into input chan: 0xc0000783c0
IP: 10.22.2.161 read into input chan: 0xc0000783c0
IP: 10.22.2.162 read into input chan: 0xc0000783c0
ArpHosts worker: Processing IP: 10.22.2.101
ArpWatch worker: Processing IP: 10.22.2.162
ArpWatch worker: Processing IP: 10.22.2.161
IP: 10.22.2.101 read into input chan: 0xc0000781e0
IP: 10.22.2.102 read into input chan: 0xc0000781e0
IP: 10.22.2.163 read into input chan: 0xc0000783c0
IP: 10.22.2.164 read into input chan: 0xc0000783c0
IP: 10.22.2.165 read into input chan: 0xc0000783c0
ArpWatch worker: Processing IP: 10.22.2.163
IP: 10.22.2.103 read into input chan: 0xc0000781e0
ArpWatch worker: Processing IP: 10.22.2.165
IP: 10.22.2.104 read into input chan: 0xc0000781e0
ArpWatch worker: Processing IP: 10.22.2.164
ArpWatch worker: Processing IP: 10.22.2.166
ArpHosts worker: Processing IP: 10.22.2.102
ArpHosts worker: Processing IP: 10.22.2.103
ArpHosts worker: Processing IP: 10.22.2.104
IP: 10.22.2.166 read into input chan: 0xc0000783c0
IP: 10.22.2.167 read into input chan: 0xc0000783c0
IP: 10.22.2.168 read into input chan: 0xc0000783c0
ArpHosts worker: Processing IP: 10.22.2.105
ArpWatch worker: Processing IP: 10.22.2.168
ArpWatch worker: Processing IP: 10.22.2.169
IP: 10.22.2.105 read into input chan: 0xc0000781e0
IP: 10.22.2.106 read into input chan: 0xc0000781e0
IP: 10.22.2.107 read into input chan: 0xc0000781e0
ArpWatch worker: Processing IP: 10.22.2.167
IP: 10.22.2.108 read into input chan: 0xc0000781e0
IP: 10.22.2.169 read into input chan: 0xc0000783c0
IP: 10.22.2.170 read into input chan: 0xc0000783c0
IP: 10.22.2.171 read into input chan: 0xc0000783c0
ArpHosts worker: Processing IP: 10.22.2.106
ArpHosts worker: Processing IP: 10.22.2.107
ArpHosts worker: Processing IP: 10.22.2.108
ArpWatch worker: Processing IP: 10.22.2.171
ArpHosts worker: Processing IP: 10.22.2.109
ArpWatch worker: Processing IP: 10.22.2.170
ArpWatch worker: Processing IP: 10.22.2.172
IP: 10.22.2.109 read into input chan: 0xc0000781e0
IP: 10.22.2.110 read into input chan: 0xc0000781e0
IP: 10.22.2.111 read into input chan: 0xc0000781e0
IP: 10.22.2.172 read into input chan: 0xc0000783c0
IP: 10.22.2.173 read into input chan: 0xc0000783c0
IP: 10.22.2.174 read into input chan: 0xc0000783c0
ArpWatch worker: Processing IP: 10.22.2.174
ArpHosts worker: Processing IP: 10.22.2.110
ArpWatch worker: Processing IP: 10.22.2.175
IP: 10.22.2.175 read into input chan: 0xc0000783c0
ArpWatch worker: Processing IP: 10.22.2.173
IP: 10.22.2.112 read into input chan: 0xc0000781e0
IP: 10.22.2.113 read into input chan: 0xc0000781e0
ArpWatch worker: Processing IP: 10.22.2.176
ArpHosts worker: Processing IP: 10.22.2.111
ArpHosts worker: Processing IP: 10.22.2.112
IP: 10.22.2.176 read into input chan: 0xc0000783c0
IP: 10.22.2.177 read into input chan: 0xc0000783c0
IP: 10.22.2.178 read into input chan: 0xc0000783c0
IP: 10.22.2.114 read into input chan: 0xc0000781e0
ArpWatch worker: Processing IP: 10.22.2.178
IP: 10.22.2.115 read into input chan: 0xc0000781e0
ArpWatch worker: Processing IP: 10.22.2.177
ArpWatch worker: Processing IP: 10.22.2.179
ArpHosts worker: Processing IP: 10.22.2.113
ArpHosts worker: Processing IP: 10.22.2.114
ArpHosts worker: Processing IP: 10.22.2.115
IP: 10.22.2.179 read into input chan: 0xc0000783c0
IP: 10.22.2.180 read into input chan: 0xc0000783c0
IP: 10.22.2.181 read into input chan: 0xc0000783c0
ArpHosts worker: Processing IP: 10.22.2.116
IP: 10.22.2.116 read into input chan: 0xc0000781e0
ArpWatch worker: Processing IP: 10.22.2.181
ArpWatch worker: Processing IP: 10.22.2.180
ArpHosts worker: Processing IP: 10.22.2.117
IP: 10.22.2.182 read into input chan: 0xc0000783c0
IP: 10.22.2.183 read into input chan: 0xc0000783c0
ArpWatch worker: Processing IP: 10.22.2.182
IP: 10.22.2.117 read into input chan: 0xc0000781e0
IP: 10.22.2.118 read into input chan: 0xc0000781e0
IP: 10.22.2.119 read into input chan: 0xc0000781e0
IP: 10.22.2.184 read into input chan: 0xc0000783c0
IP: 10.22.2.120 read into input chan: 0xc0000781e0
ArpWatch worker: Processing IP: 10.22.2.184
ArpHosts worker: Processing IP: 10.22.2.118
ArpHosts worker: Processing IP: 10.22.2.119
ArpHosts worker: Processing IP: 10.22.2.120
ArpWatch worker: Processing IP: 10.22.2.183
ArpWatch worker: Processing IP: 10.22.2.185
ArpHosts worker: Processing IP: 10.22.2.121
IP: 10.22.2.185 read into input chan: 0xc0000783c0
IP: 10.22.2.186 read into input chan: 0xc0000783c0
IP: 10.22.2.187 read into input chan: 0xc0000783c0
ArpWatch worker: Processing IP: 10.22.2.187
ArpWatch worker: Processing IP: 10.22.2.188
IP: 10.22.2.188 read into input chan: 0xc0000783c0
IP: 10.22.2.189 read into input chan: 0xc0000783c0
IP: 10.22.2.121 read into input chan: 0xc0000781e0
IP: 10.22.2.122 read into input chan: 0xc0000781e0
IP: 10.22.2.123 read into input chan: 0xc0000781e0
ArpWatch worker: Processing IP: 10.22.2.189
ArpWatch worker: Processing IP: 10.22.2.186
IP: 10.22.2.124 read into input chan: 0xc0000781e0
ArpWatch worker: Processing IP: 10.22.2.190
ArpHosts worker: Processing IP: 10.22.2.122
ArpHosts worker: Processing IP: 10.22.2.123
ArpHosts worker: Processing IP: 10.22.2.124
IP: 10.22.2.190 read into input chan: 0xc0000783c0
IP: 10.22.2.191 read into input chan: 0xc0000783c0
IP: 10.22.2.192 read into input chan: 0xc0000783c0
ArpHosts worker: Processing IP: 10.22.2.125
ArpWatch worker: Processing IP: 10.22.2.192
ArpWatch worker: Processing IP: 10.22.2.193
IP: 10.22.2.125 read into input chan: 0xc0000781e0
IP: 10.22.2.126 read into input chan: 0xc0000781e0
ArpHosts worker: Processing IP: 10.22.2.126
ArpHosts worker: Processing IP: 10.22.2.127
IP: 10.22.2.127 read into input chan: 0xc0000781e0
IP: 10.22.2.128 read into input chan: 0xc0000781e0
ArpWatch worker: Processing IP: 10.22.2.191
ArpHosts worker: Processing IP: 10.22.2.128
IP: 10.22.2.193 read into input chan: 0xc0000783c0
IP: 10.22.2.194 read into input chan: 0xc0000783c0
IP: 10.22.2.195 read into input chan: 0xc0000783c0
ArpHosts worker: Processing IP: 10.22.2.129
ArpWatch worker: Processing IP: 10.22.2.195
IP: 10.22.2.129 read into input chan: 0xc0000781e0
IP: 10.22.2.130 read into input chan: 0xc0000781e0
IP: 10.22.2.131 read into input chan: 0xc0000781e0
ArpWatch worker: Processing IP: 10.22.2.194
ArpWatch worker: Processing IP: 10.22.2.196
IP: 10.22.2.132 read into input chan: 0xc0000781e0
IP: 10.22.2.196 read into input chan: 0xc0000783c0
IP: 10.22.2.197 read into input chan: 0xc0000783c0
IP: 10.22.2.198 read into input chan: 0xc0000783c0
ArpHosts worker: Processing IP: 10.22.2.130
ArpHosts worker: Processing IP: 10.22.2.131
ArpHosts worker: Processing IP: 10.22.2.132
IP: 10.22.2.199 read into input chan: 0xc0000783c0
ArpWatch worker: Processing IP: 10.22.2.198
ArpWatch worker: Processing IP: 10.22.2.199
IP: 10.22.2.133 read into input chan: 0xc0000781e0
IP: 10.22.2.134 read into input chan: 0xc0000781e0
IP: 10.22.2.200 read into input chan: 0xc0000783c0
ArpWatch worker: Processing IP: 10.22.2.197
ArpWatch worker: Processing IP: 10.22.2.200
ArpHosts worker: Processing IP: 10.22.2.133
IP: 10.22.2.135 read into input chan: 0xc0000781e0
ArpWatch worker: Processing IP: 10.22.2.201
IP: 10.22.2.136 read into input chan: 0xc0000781e0
IP: 10.22.2.201 read into input chan: 0xc0000783c0
IP: 10.22.2.202 read into input chan: 0xc0000783c0
IP: 10.22.2.203 read into input chan: 0xc0000783c0
ArpHosts worker: Processing IP: 10.22.2.134
ArpHosts worker: Processing IP: 10.22.2.135
ArpHosts worker: Processing IP: 10.22.2.136
ArpWatch worker: Processing IP: 10.22.2.203
ArpHosts worker: Processing IP: 10.22.2.137
ArpWatch worker: Processing IP: 10.22.2.202
IP: 10.22.2.137 read into input chan: 0xc0000781e0
ArpWatch worker: Processing IP: 10.22.2.204
IP: 10.22.2.138 read into input chan: 0xc0000781e0
IP: 10.22.2.139 read into input chan: 0xc0000781e0
ArpHosts worker: Processing IP: 10.22.2.138
IP: 10.22.2.204 read into input chan: 0xc0000783c0
IP: 10.22.2.205 read into input chan: 0xc0000783c0
IP: 10.22.2.206 read into input chan: 0xc0000783c0
IP: 10.22.2.140 read into input chan: 0xc0000781e0
ArpWatch worker: Processing IP: 10.22.2.206
IP: 10.22.2.141 read into input chan: 0xc0000781e0
ArpWatch worker: Processing IP: 10.22.2.205
ArpWatch worker: Processing IP: 10.22.2.207
ArpHosts worker: Processing IP: 10.22.2.139
ArpHosts worker: Processing IP: 10.22.2.140
ArpHosts worker: Processing IP: 10.22.2.141
IP: 10.22.2.207 read into input chan: 0xc0000783c0
IP: 10.22.2.208 read into input chan: 0xc0000783c0
IP: 10.22.2.209 read into input chan: 0xc0000783c0
ArpHosts worker: Processing IP: 10.22.2.142
IP: 10.22.2.142 read into input chan: 0xc0000781e0
IP: 10.22.2.143 read into input chan: 0xc0000781e0
ArpHosts worker: Processing IP: 10.22.2.143
ArpHosts worker: Processing IP: 10.22.2.144
ArpWatch worker: Processing IP: 10.22.2.208
ArpWatch worker: Processing IP: 10.22.2.210
IP: 10.22.2.210 read into input chan: 0xc0000783c0
IP: 10.22.2.211 read into input chan: 0xc0000783c0
ArpWatch worker: Processing IP: 10.22.2.209
IP: 10.22.2.144 read into input chan: 0xc0000781e0
IP: 10.22.2.145 read into input chan: 0xc0000781e0
IP: 10.22.2.146 read into input chan: 0xc0000781e0
ArpWatch worker: Processing IP: 10.22.2.211
IP: 10.22.2.147 read into input chan: 0xc0000781e0
ArpWatch worker: Processing IP: 10.22.2.212
ArpHosts worker: Processing IP: 10.22.2.145
ArpHosts worker: Processing IP: 10.22.2.146
ArpHosts worker: Processing IP: 10.22.2.147
IP: 10.22.2.212 read into input chan: 0xc0000783c0
IP: 10.22.2.213 read into input chan: 0xc0000783c0
IP: 10.22.2.214 read into input chan: 0xc0000783c0
ArpHosts worker: Processing IP: 10.22.2.148
ArpWatch worker: Processing IP: 10.22.2.214
ArpWatch worker: Processing IP: 10.22.2.213
IP: 10.22.2.148 read into input chan: 0xc0000781e0
IP: 10.22.2.149 read into input chan: 0xc0000781e0
ArpWatch worker: Processing IP: 10.22.2.215
IP: 10.22.2.215 read into input chan: 0xc0000783c0
IP: 10.22.2.216 read into input chan: 0xc0000783c0
IP: 10.22.2.217 read into input chan: 0xc0000783c0
IP: 10.22.2.150 read into input chan: 0xc0000781e0
ArpWatch worker: Processing IP: 10.22.2.217
IP: 10.22.2.151 read into input chan: 0xc0000781e0
ArpWatch worker: Processing IP: 10.22.2.216
ArpWatch worker: Processing IP: 10.22.2.218
ArpHosts worker: Processing IP: 10.22.2.149
ArpHosts worker: Processing IP: 10.22.2.150
ArpHosts worker: Processing IP: 10.22.2.151
IP: 10.22.2.218 read into input chan: 0xc0000783c0
IP: 10.22.2.219 read into input chan: 0xc0000783c0
IP: 10.22.2.220 read into input chan: 0xc0000783c0
ArpWatch worker: Processing IP: 10.22.2.220
IP: 10.22.2.221 read into input chan: 0xc0000783c0
ArpWatch worker: Processing IP: 10.22.2.221
ArpWatch worker: Processing IP: 10.22.2.219
IP: 10.22.2.222 read into input chan: 0xc0000783c0
IP: 10.22.2.152 read into input chan: 0xc0000781e0
IP: 10.22.2.153 read into input chan: 0xc0000781e0
IP: 10.22.2.154 read into input chan: 0xc0000781e0
ArpHosts worker: Processing IP: 10.22.2.152
ArpWatch worker: Processing IP: 10.22.2.222
IP: 10.22.2.155 read into input chan: 0xc0000781e0
ArpWatch worker: Processing IP: 10.22.2.223
ArpHosts worker: Processing IP: 10.22.2.153
ArpHosts worker: Processing IP: 10.22.2.154
ArpHosts worker: Processing IP: 10.22.2.155
IP: 10.22.2.223 read into input chan: 0xc0000783c0
IP: 10.22.2.224 read into input chan: 0xc0000783c0
IP: 10.22.2.225 read into input chan: 0xc0000783c0
ArpHosts worker: Processing IP: 10.22.2.156
ArpWatch worker: Processing IP: 10.22.2.225
IP: 10.22.2.156 read into input chan: 0xc0000781e0
ArpWatch worker: Processing IP: 10.22.2.226
ArpHosts worker: Processing IP: 10.22.2.157
ArpWatch worker: Processing IP: 10.22.2.224
IP: 10.22.2.157 read into input chan: 0xc0000781e0
IP: 10.22.2.158 read into input chan: 0xc0000781e0
IP: 10.22.2.159 read into input chan: 0xc0000781e0
IP: 10.22.2.226 read into input chan: 0xc0000783c0
IP: 10.22.2.227 read into input chan: 0xc0000783c0
IP: 10.22.2.228 read into input chan: 0xc0000783c0
IP: 10.22.2.160 read into input chan: 0xc0000781e0
ArpWatch worker: Processing IP: 10.22.2.228
ArpHosts worker: Processing IP: 10.22.2.158
ArpHosts worker: Processing IP: 10.22.2.159
ArpHosts worker: Processing IP: 10.22.2.160
ArpWatch worker: Processing IP: 10.22.2.227
ArpWatch worker: Processing IP: 10.22.2.229
ArpHosts worker: Processing IP: 10.22.2.161
IP: 10.22.2.229 read into input chan: 0xc0000783c0
IP: 10.22.2.230 read into input chan: 0xc0000783c0
IP: 10.22.2.231 read into input chan: 0xc0000783c0
IP: 10.22.2.161 read into input chan: 0xc0000781e0
IP: 10.22.2.162 read into input chan: 0xc0000781e0
IP: 10.22.2.232 read into input chan: 0xc0000783c0
IP: 10.22.2.233 read into input chan: 0xc0000783c0
ArpWatch worker: Processing IP: 10.22.2.231
ArpWatch worker: Processing IP: 10.22.2.232
IP: 10.22.2.234 read into input chan: 0xc0000783c0
ArpWatch worker: Processing IP: 10.22.2.233
ArpWatch worker: Processing IP: 10.22.2.234
ArpHosts worker: Processing IP: 10.22.2.162
ArpHosts worker: Processing IP: 10.22.2.163
IP: 10.22.2.235 read into input chan: 0xc0000783c0
IP: 10.22.2.163 read into input chan: 0xc0000781e0
IP: 10.22.2.164 read into input chan: 0xc0000781e0
ArpWatch worker: Processing IP: 10.22.2.235
ArpWatch worker: Processing IP: 10.22.2.230
ArpHosts worker: Processing IP: 10.22.2.164
ArpWatch worker: Processing IP: 10.22.2.236
ArpHosts worker: Processing IP: 10.22.2.165
IP: 10.22.2.236 read into input chan: 0xc0000783c0
IP: 10.22.2.237 read into input chan: 0xc0000783c0
IP: 10.22.2.238 read into input chan: 0xc0000783c0
IP: 10.22.2.165 read into input chan: 0xc0000781e0
IP: 10.22.2.166 read into input chan: 0xc0000781e0
IP: 10.22.2.167 read into input chan: 0xc0000781e0
ArpWatch worker: Processing IP: 10.22.2.238
IP: 10.22.2.168 read into input chan: 0xc0000781e0
ArpHosts worker: Processing IP: 10.22.2.166
ArpWatch worker: Processing IP: 10.22.2.239
IP: 10.22.2.239 read into input chan: 0xc0000783c0
ArpWatch worker: Processing IP: 10.22.2.237
IP: 10.22.2.169 read into input chan: 0xc0000781e0
ArpHosts worker: Processing IP: 10.22.2.167
ArpHosts worker: Processing IP: 10.22.2.168
ArpWatch worker: Processing IP: 10.22.2.240
IP: 10.22.2.240 read into input chan: 0xc0000783c0
IP: 10.22.2.241 read into input chan: 0xc0000783c0
IP: 10.22.2.242 read into input chan: 0xc0000783c0
ArpHosts worker: Processing IP: 10.22.2.169
ArpWatch worker: Processing IP: 10.22.2.242
ArpHosts worker: Processing IP: 10.22.2.170
ArpWatch worker: Processing IP: 10.22.2.241
ArpWatch worker: Processing IP: 10.22.2.243
IP: 10.22.2.170 read into input chan: 0xc0000781e0
IP: 10.22.2.171 read into input chan: 0xc0000781e0
IP: 10.22.2.172 read into input chan: 0xc0000781e0
IP: 10.22.2.243 read into input chan: 0xc0000783c0
IP: 10.22.2.244 read into input chan: 0xc0000783c0
IP: 10.22.2.245 read into input chan: 0xc0000783c0
IP: 10.22.2.173 read into input chan: 0xc0000781e0
ArpWatch worker: Processing IP: 10.22.2.245
ArpWatch worker: Processing IP: 10.22.2.246
ArpWatch worker: Processing IP: 10.22.2.244
IP: 10.22.2.246 read into input chan: 0xc0000783c0
IP: 10.22.2.247 read into input chan: 0xc0000783c0
ArpHosts worker: Processing IP: 10.22.2.171
ArpHosts worker: Processing IP: 10.22.2.172
ArpHosts worker: Processing IP: 10.22.2.173
ArpWatch worker: Processing IP: 10.22.2.247
ArpHosts worker: Processing IP: 10.22.2.174
ArpWatch worker: Processing IP: 10.22.2.248
IP: 10.22.2.174 read into input chan: 0xc0000781e0
IP: 10.22.2.175 read into input chan: 0xc0000781e0
IP: 10.22.2.176 read into input chan: 0xc0000781e0
IP: 10.22.2.248 read into input chan: 0xc0000783c0
IP: 10.22.2.249 read into input chan: 0xc0000783c0
IP: 10.22.2.250 read into input chan: 0xc0000783c0
IP: 10.22.2.177 read into input chan: 0xc0000781e0
ArpWatch worker: Processing IP: 10.22.2.250
ArpHosts worker: Processing IP: 10.22.2.175
ArpHosts worker: Processing IP: 10.22.2.176
ArpWatch worker: Processing IP: 10.22.2.249
IP: 10.22.2.251 read into input chan: 0xc0000783c0
ArpWatch worker: Processing IP: 10.22.2.251
IP: 10.22.2.178 read into input chan: 0xc0000781e0
IP: 10.22.2.179 read into input chan: 0xc0000781e0
ArpHosts worker: Processing IP: 10.22.2.177
ArpHosts worker: Processing IP: 10.22.2.178
IP: 10.22.2.252 read into input chan: 0xc0000783c0
IP: 10.22.2.253 read into input chan: 0xc0000783c0
IP: 10.22.2.254 read into input chan: 0xc0000783c0
IP: 10.22.2.180 read into input chan: 0xc0000781e0
ArpWatch worker: Processing IP: 10.22.2.252
ArpWatch worker: Processing IP: 10.22.2.254
IP: 10.22.2.181 read into input chan: 0xc0000781e0
ArpWatch worker: Processing IP: 10.22.2.253
ArpWatch worker: Processing IP: 10.22.2.255
ArpHosts worker: Processing IP: 10.22.2.179
ArpHosts worker: Processing IP: 10.22.2.180
ArpHosts worker: Processing IP: 10.22.2.181
IP: 10.22.2.255 read into input chan: 0xc0000783c0
IP: 10.22.3.0 read into input chan: 0xc0000783c0
IP: 10.22.3.1 read into input chan: 0xc0000783c0
ArpHosts worker: Processing IP: 10.22.2.182
IP: 10.22.2.182 read into input chan: 0xc0000781e0
IP: 10.22.2.183 read into input chan: 0xc0000781e0
ArpWatch worker: Processing IP: 10.22.3.0
ArpHosts worker: Processing IP: 10.22.2.183
ArpHosts worker: Processing IP: 10.22.2.184
IP: 10.22.2.184 read into input chan: 0xc0000781e0
IP: 10.22.2.185 read into input chan: 0xc0000781e0
IP: 10.22.3.2 read into input chan: 0xc0000783c0
IP: 10.22.2.186 read into input chan: 0xc0000781e0
IP: 10.22.2.187 read into input chan: 0xc0000781e0
IP: 10.22.3.3 read into input chan: 0xc0000783c0
IP: 10.22.3.4 read into input chan: 0xc0000783c0
ArpHosts worker: Processing IP: 10.22.2.185
ArpHosts worker: Processing IP: 10.22.2.186
ArpHosts worker: Processing IP: 10.22.2.187
ArpWatch worker: Processing IP: 10.22.3.1
ArpWatch worker: Processing IP: 10.22.3.3
IP: 10.22.3.5 read into input chan: 0xc0000783c0
ArpWatch worker: Processing IP: 10.22.3.2
ArpHosts worker: Processing IP: 10.22.2.188
ArpWatch worker: Processing IP: 10.22.3.5
IP: 10.22.2.188 read into input chan: 0xc0000781e0
IP: 10.22.2.189 read into input chan: 0xc0000781e0
IP: 10.22.2.190 read into input chan: 0xc0000781e0
ArpWatch worker: Processing IP: 10.22.3.4
ArpWatch worker: Processing IP: 10.22.3.6
IP: 10.22.2.191 read into input chan: 0xc0000781e0
IP: 10.22.3.6 read into input chan: 0xc0000783c0
IP: 10.22.3.7 read into input chan: 0xc0000783c0
IP: 10.22.3.8 read into input chan: 0xc0000783c0
ArpHosts worker: Processing IP: 10.22.2.189
ArpHosts worker: Processing IP: 10.22.2.190
IP: 10.22.3.9 read into input chan: 0xc0000783c0
IP: 10.22.3.10 read into input chan: 0xc0000783c0
ArpWatch worker: Processing IP: 10.22.3.8
ArpWatch worker: Processing IP: 10.22.3.9
ArpWatch worker: Processing IP: 10.22.3.10
ArpHosts worker: Processing IP: 10.22.2.191
ArpWatch worker: Processing IP: 10.22.3.7
ArpWatch worker: Processing IP: 10.22.3.11
ArpHosts worker: Processing IP: 10.22.2.192
IP: 10.22.3.11 read into input chan: 0xc0000783c0
IP: 10.22.3.12 read into input chan: 0xc0000783c0
IP: 10.22.3.13 read into input chan: 0xc0000783c0
IP: 10.22.2.192 read into input chan: 0xc0000781e0
IP: 10.22.2.193 read into input chan: 0xc0000781e0
IP: 10.22.2.194 read into input chan: 0xc0000781e0
ArpWatch worker: Processing IP: 10.22.3.13
IP: 10.22.2.195 read into input chan: 0xc0000781e0
ArpWatch worker: Processing IP: 10.22.3.12
ArpWatch worker: Processing IP: 10.22.3.14
ArpHosts worker: Processing IP: 10.22.2.193
ArpHosts worker: Processing IP: 10.22.2.194
ArpHosts worker: Processing IP: 10.22.2.195
IP: 10.22.3.14 read into input chan: 0xc0000783c0
IP: 10.22.3.15 read into input chan: 0xc0000783c0
IP: 10.22.3.16 read into input chan: 0xc0000783c0
ArpHosts worker: Processing IP: 10.22.2.196
ArpWatch worker: Processing IP: 10.22.3.16
IP: 10.22.2.196 read into input chan: 0xc0000781e0
IP: 10.22.2.197 read into input chan: 0xc0000781e0
IP: 10.22.2.198 read into input chan: 0xc0000781e0
ArpWatch worker: Processing IP: 10.22.3.15
ArpWatch worker: Processing IP: 10.22.3.17
IP: 10.22.2.199 read into input chan: 0xc0000781e0
IP: 10.22.3.17 read into input chan: 0xc0000783c0
IP: 10.22.3.18 read into input chan: 0xc0000783c0
IP: 10.22.3.19 read into input chan: 0xc0000783c0
ArpHosts worker: Processing IP: 10.22.2.197
ArpHosts worker: Processing IP: 10.22.2.198
ArpHosts worker: Processing IP: 10.22.2.199
ArpWatch worker: Processing IP: 10.22.3.19
ArpWatch worker: Processing IP: 10.22.3.20
ArpHosts worker: Processing IP: 10.22.2.200
IP: 10.22.2.200 read into input chan: 0xc0000781e0
IP: 10.22.2.201 read into input chan: 0xc0000781e0
IP: 10.22.3.20 read into input chan: 0xc0000783c0
IP: 10.22.2.202 read into input chan: 0xc0000781e0
ArpHosts worker: Processing IP: 10.22.2.201
ArpHosts worker: Processing IP: 10.22.2.202
ArpWatch worker: Processing IP: 10.22.3.21
IP: 10.22.2.203 read into input chan: 0xc0000781e0
IP: 10.22.2.204 read into input chan: 0xc0000781e0
ArpWatch worker: Processing IP: 10.22.3.18
ArpHosts worker: Processing IP: 10.22.2.203
IP: 10.22.3.21 read into input chan: 0xc0000783c0
IP: 10.22.3.22 read into input chan: 0xc0000783c0
IP: 10.22.3.23 read into input chan: 0xc0000783c0
IP: 10.22.2.205 read into input chan: 0xc0000781e0
ArpWatch worker: Processing IP: 10.22.3.23
IP: 10.22.2.206 read into input chan: 0xc0000781e0
ArpWatch worker: Processing IP: 10.22.3.22
ArpWatch worker: Processing IP: 10.22.3.24
ArpHosts worker: Processing IP: 10.22.2.204
ArpHosts worker: Processing IP: 10.22.2.205
ArpHosts worker: Processing IP: 10.22.2.206
IP: 10.22.3.24 read into input chan: 0xc0000783c0
IP: 10.22.3.25 read into input chan: 0xc0000783c0
IP: 10.22.3.26 read into input chan: 0xc0000783c0
ArpHosts worker: Processing IP: 10.22.2.207
IP: 10.22.2.207 read into input chan: 0xc0000781e0
ArpWatch worker: Processing IP: 10.22.3.25
ArpWatch worker: Processing IP: 10.22.3.27
ArpWatch worker: Processing IP: 10.22.3.26
IP: 10.22.2.208 read into input chan: 0xc0000781e0
IP: 10.22.2.209 read into input chan: 0xc0000781e0
IP: 10.22.2.210 read into input chan: 0xc0000781e0
IP: 10.22.3.27 read into input chan: 0xc0000783c0
IP: 10.22.3.28 read into input chan: 0xc0000783c0
ArpWatch worker: Processing IP: 10.22.3.28
ArpHosts worker: Processing IP: 10.22.2.208
IP: 10.22.2.211 read into input chan: 0xc0000781e0
ArpWatch worker: Processing IP: 10.22.3.29
ArpHosts worker: Processing IP: 10.22.2.209
ArpHosts worker: Processing IP: 10.22.2.210
ArpHosts worker: Processing IP: 10.22.2.211
IP: 10.22.3.29 read into input chan: 0xc0000783c0
IP: 10.22.3.30 read into input chan: 0xc0000783c0
IP: 10.22.3.31 read into input chan: 0xc0000783c0
ArpHosts worker: Processing IP: 10.22.2.212
ArpWatch worker: Processing IP: 10.22.3.31
ArpWatch worker: Processing IP: 10.22.3.30
IP: 10.22.2.212 read into input chan: 0xc0000781e0
IP: 10.22.2.213 read into input chan: 0xc0000781e0
ArpWatch worker: Processing IP: 10.22.3.32
IP: 10.22.3.32 read into input chan: 0xc0000783c0
IP: 10.22.3.33 read into input chan: 0xc0000783c0
IP: 10.22.3.34 read into input chan: 0xc0000783c0
IP: 10.22.2.214 read into input chan: 0xc0000781e0
ArpWatch worker: Processing IP: 10.22.3.34
IP: 10.22.2.215 read into input chan: 0xc0000781e0
ArpWatch worker: Processing IP: 10.22.3.33
ArpWatch worker: Processing IP: 10.22.3.35
ArpHosts worker: Processing IP: 10.22.2.213
ArpHosts worker: Processing IP: 10.22.2.214
ArpHosts worker: Processing IP: 10.22.2.215
IP: 10.22.3.35 read into input chan: 0xc0000783c0
IP: 10.22.3.36 read into input chan: 0xc0000783c0
IP: 10.22.3.37 read into input chan: 0xc0000783c0
ArpHosts worker: Processing IP: 10.22.2.216
ArpWatch worker: Processing IP: 10.22.3.37
IP: 10.22.2.216 read into input chan: 0xc0000781e0
IP: 10.22.2.217 read into input chan: 0xc0000781e0
ArpWatch worker: Processing IP: 10.22.3.36
ArpHosts worker: Processing IP: 10.22.2.217
ArpHosts worker: Processing IP: 10.22.2.218
IP: 10.22.2.218 read into input chan: 0xc0000781e0
IP: 10.22.2.219 read into input chan: 0xc0000781e0
ArpWatch worker: Processing IP: 10.22.3.38
IP: 10.22.3.38 read into input chan: 0xc0000783c0
IP: 10.22.3.39 read into input chan: 0xc0000783c0
IP: 10.22.3.40 read into input chan: 0xc0000783c0
IP: 10.22.2.220 read into input chan: 0xc0000781e0
ArpWatch worker: Processing IP: 10.22.3.40
IP: 10.22.2.221 read into input chan: 0xc0000781e0
ArpWatch worker: Processing IP: 10.22.3.39
ArpWatch worker: Processing IP: 10.22.3.41
ArpHosts worker: Processing IP: 10.22.2.219
ArpHosts worker: Processing IP: 10.22.2.220
ArpHosts worker: Processing IP: 10.22.2.221
IP: 10.22.3.41 read into input chan: 0xc0000783c0
IP: 10.22.3.42 read into input chan: 0xc0000783c0
IP: 10.22.3.43 read into input chan: 0xc0000783c0
ArpHosts worker: Processing IP: 10.22.2.222
ArpWatch worker: Processing IP: 10.22.3.43
ArpWatch worker: Processing IP: 10.22.3.42
ArpWatch worker: Processing IP: 10.22.3.44
IP: 10.22.3.44 read into input chan: 0xc0000783c0
IP: 10.22.3.45 read into input chan: 0xc0000783c0
IP: 10.22.3.46 read into input chan: 0xc0000783c0
IP: 10.22.2.222 read into input chan: 0xc0000781e0
IP: 10.22.2.223 read into input chan: 0xc0000781e0
IP: 10.22.2.224 read into input chan: 0xc0000781e0
ArpWatch worker: Processing IP: 10.22.3.46
IP: 10.22.2.225 read into input chan: 0xc0000781e0
ArpWatch worker: Processing IP: 10.22.3.45
ArpWatch worker: Processing IP: 10.22.3.47
ArpHosts worker: Processing IP: 10.22.2.223
ArpHosts worker: Processing IP: 10.22.2.224
ArpHosts worker: Processing IP: 10.22.2.225
IP: 10.22.3.47 read into input chan: 0xc0000783c0
IP: 10.22.3.48 read into input chan: 0xc0000783c0
IP: 10.22.3.49 read into input chan: 0xc0000783c0
ArpHosts worker: Processing IP: 10.22.2.226
ArpWatch worker: Processing IP: 10.22.3.49
ArpWatch worker: Processing IP: 10.22.3.50
IP: 10.22.2.226 read into input chan: 0xc0000781e0
IP: 10.22.2.227 read into input chan: 0xc0000781e0
ArpWatch worker: Processing IP: 10.22.3.48
IP: 10.22.3.50 read into input chan: 0xc0000783c0
IP: 10.22.3.51 read into input chan: 0xc0000783c0
IP: 10.22.3.52 read into input chan: 0xc0000783c0
IP: 10.22.2.228 read into input chan: 0xc0000781e0
ArpWatch worker: Processing IP: 10.22.3.52
IP: 10.22.2.229 read into input chan: 0xc0000781e0
ArpWatch worker: Processing IP: 10.22.3.51
ArpWatch worker: Processing IP: 10.22.3.53
ArpHosts worker: Processing IP: 10.22.2.227
ArpHosts worker: Processing IP: 10.22.2.228
ArpHosts worker: Processing IP: 10.22.2.229
IP: 10.22.3.53 read into input chan: 0xc0000783c0
IP: 10.22.3.54 read into input chan: 0xc0000783c0
IP: 10.22.3.55 read into input chan: 0xc0000783c0
ArpHosts worker: Processing IP: 10.22.2.230
IP: 10.22.2.230 read into input chan: 0xc0000781e0
IP: 10.22.2.231 read into input chan: 0xc0000781e0
ArpHosts worker: Processing IP: 10.22.2.231
ArpHosts worker: Processing IP: 10.22.2.232
ArpWatch worker: Processing IP: 10.22.3.55
ArpWatch worker: Processing IP: 10.22.3.56
IP: 10.22.2.232 read into input chan: 0xc0000781e0
IP: 10.22.2.233 read into input chan: 0xc0000781e0
IP: 10.22.3.56 read into input chan: 0xc0000783c0
IP: 10.22.3.57 read into input chan: 0xc0000783c0
ArpHosts worker: Processing IP: 10.22.2.233
ArpWatch worker: Processing IP: 10.22.3.54
ArpWatch worker: Processing IP: 10.22.3.57
ArpHosts worker: Processing IP: 10.22.2.234
ArpWatch worker: Processing IP: 10.22.3.58
IP: 10.22.2.234 read into input chan: 0xc0000781e0
IP: 10.22.2.235 read into input chan: 0xc0000781e0
IP: 10.22.2.236 read into input chan: 0xc0000781e0
IP: 10.22.3.58 read into input chan: 0xc0000783c0
IP: 10.22.3.59 read into input chan: 0xc0000783c0
IP: 10.22.3.60 read into input chan: 0xc0000783c0
IP: 10.22.2.237 read into input chan: 0xc0000781e0
ArpHosts worker: Processing IP: 10.22.2.235
ArpWatch worker: Processing IP: 10.22.3.59
IP: 10.22.3.61 read into input chan: 0xc0000783c0
IP: 10.22.3.62 read into input chan: 0xc0000783c0
ArpWatch worker: Processing IP: 10.22.3.60
ArpWatch worker: Processing IP: 10.22.3.61
ArpHosts worker: Processing IP: 10.22.2.236
ArpHosts worker: Processing IP: 10.22.2.237
ArpHosts worker: Processing IP: 10.22.2.238
IP: 10.22.2.238 read into input chan: 0xc0000781e0
IP: 10.22.3.63 read into input chan: 0xc0000783c0
ArpHosts worker: Processing IP: 10.22.2.239
ArpWatch worker: Processing IP: 10.22.3.63
IP: 10.22.2.239 read into input chan: 0xc0000781e0
IP: 10.22.2.240 read into input chan: 0xc0000781e0
IP: 10.22.2.241 read into input chan: 0xc0000781e0
ArpWatch worker: Processing IP: 10.22.3.62
ArpWatch worker: Processing IP: 10.22.3.64
IP: 10.22.2.242 read into input chan: 0xc0000781e0
IP: 10.22.3.64 read into input chan: 0xc0000783c0
IP: 10.22.3.65 read into input chan: 0xc0000783c0
IP: 10.22.3.66 read into input chan: 0xc0000783c0
ArpHosts worker: Processing IP: 10.22.2.240
ArpHosts worker: Processing IP: 10.22.2.241
ArpWatch worker: Processing IP: 10.22.3.66
ArpWatch worker: Processing IP: 10.22.3.65
ArpHosts worker: Processing IP: 10.22.2.242
ArpWatch worker: Processing IP: 10.22.3.67
IP: 10.22.3.67 read into input chan: 0xc0000783c0
IP: 10.22.3.68 read into input chan: 0xc0000783c0
IP: 10.22.3.69 read into input chan: 0xc0000783c0
ArpWatch worker: Processing IP: 10.22.3.69
ArpWatch worker: Processing IP: 10.22.3.68
IP: 10.22.2.243 read into input chan: 0xc0000781e0
IP: 10.22.2.244 read into input chan: 0xc0000781e0
ArpWatch worker: Processing IP: 10.22.3.70
IP: 10.22.3.70 read into input chan: 0xc0000783c0
IP: 10.22.2.245 read into input chan: 0xc0000781e0
IP: 10.22.3.71 read into input chan: 0xc0000783c0
IP: 10.22.3.72 read into input chan: 0xc0000783c0
ArpHosts worker: Processing IP: 10.22.2.243
ArpHosts worker: Processing IP: 10.22.2.244
ArpHosts worker: Processing IP: 10.22.2.245
ArpWatch worker: Processing IP: 10.22.3.71
IP: 10.22.3.73 read into input chan: 0xc0000783c0
ArpHosts worker: Processing IP: 10.22.2.246
ArpWatch worker: Processing IP: 10.22.3.73
IP: 10.22.2.246 read into input chan: 0xc0000781e0
IP: 10.22.2.247 read into input chan: 0xc0000781e0
IP: 10.22.2.248 read into input chan: 0xc0000781e0
ArpWatch worker: Processing IP: 10.22.3.72
ArpWatch worker: Processing IP: 10.22.3.74
IP: 10.22.2.249 read into input chan: 0xc0000781e0
ArpHosts worker: Processing IP: 10.22.2.247
ArpHosts worker: Processing IP: 10.22.2.248
ArpHosts worker: Processing IP: 10.22.2.249
IP: 10.22.3.74 read into input chan: 0xc0000783c0
IP: 10.22.3.75 read into input chan: 0xc0000783c0
IP: 10.22.3.76 read into input chan: 0xc0000783c0
ArpHosts worker: Processing IP: 10.22.2.250
ArpWatch worker: Processing IP: 10.22.3.76
IP: 10.22.2.250 read into input chan: 0xc0000781e0
IP: 10.22.2.251 read into input chan: 0xc0000781e0
IP: 10.22.2.252 read into input chan: 0xc0000781e0
ArpWatch worker: Processing IP: 10.22.3.75
ArpWatch worker: Processing IP: 10.22.3.77
IP: 10.22.2.253 read into input chan: 0xc0000781e0
IP: 10.22.3.77 read into input chan: 0xc0000783c0
IP: 10.22.3.78 read into input chan: 0xc0000783c0
IP: 10.22.3.79 read into input chan: 0xc0000783c0
ArpHosts worker: Processing IP: 10.22.2.251
ArpHosts worker: Processing IP: 10.22.2.252
ArpHosts worker: Processing IP: 10.22.2.253
ArpHosts worker: Processing IP: 10.22.2.254
ArpWatch worker: Processing IP: 10.22.3.78
ArpWatch worker: Processing IP: 10.22.3.80
IP: 10.22.3.80 read into input chan: 0xc0000783c0
IP: 10.22.3.81 read into input chan: 0xc0000783c0
ArpWatch worker: Processing IP: 10.22.3.79
IP: 10.22.2.254 read into input chan: 0xc0000781e0
IP: 10.22.2.255 read into input chan: 0xc0000781e0
IP: 10.22.3.0 read into input chan: 0xc0000781e0
IP: 10.22.3.82 read into input chan: 0xc0000783c0
IP: 10.22.3.1 read into input chan: 0xc0000781e0
ArpWatch worker: Processing IP: 10.22.3.82
ArpHosts worker: Processing IP: 10.22.2.255
ArpHosts worker: Processing IP: 10.22.3.0
ArpHosts worker: Processing IP: 10.22.3.1
ArpWatch worker: Processing IP: 10.22.3.81
ArpWatch worker: Processing IP: 10.22.3.83
ArpHosts worker: Processing IP: 10.22.3.2
IP: 10.22.3.83 read into input chan: 0xc0000783c0
IP: 10.22.3.84 read into input chan: 0xc0000783c0
IP: 10.22.3.85 read into input chan: 0xc0000783c0
IP: 10.22.3.2 read into input chan: 0xc0000781e0
ArpWatch worker: Processing IP: 10.22.3.84
ArpHosts worker: Processing IP: 10.22.3.3
ArpWatch worker: Processing IP: 10.22.3.86
ArpWatch worker: Processing IP: 10.22.3.85
IP: 10.22.3.3 read into input chan: 0xc0000781e0
IP: 10.22.3.4 read into input chan: 0xc0000781e0
IP: 10.22.3.5 read into input chan: 0xc0000781e0
IP: 10.22.3.86 read into input chan: 0xc0000783c0
IP: 10.22.3.87 read into input chan: 0xc0000783c0
IP: 10.22.3.88 read into input chan: 0xc0000783c0
IP: 10.22.3.6 read into input chan: 0xc0000781e0
ArpWatch worker: Processing IP: 10.22.3.88
ArpHosts worker: Processing IP: 10.22.3.4
ArpHosts worker: Processing IP: 10.22.3.5
ArpHosts worker: Processing IP: 10.22.3.6
ArpWatch worker: Processing IP: 10.22.3.87
ArpWatch worker: Processing IP: 10.22.3.89
ArpHosts worker: Processing IP: 10.22.3.7
IP: 10.22.3.89 read into input chan: 0xc0000783c0
IP: 10.22.3.90 read into input chan: 0xc0000783c0
IP: 10.22.3.91 read into input chan: 0xc0000783c0
IP: 10.22.3.7 read into input chan: 0xc0000781e0
IP: 10.22.3.8 read into input chan: 0xc0000781e0
ArpWatch worker: Processing IP: 10.22.3.90
ArpWatch worker: Processing IP: 10.22.3.92
ArpWatch worker: Processing IP: 10.22.3.91
IP: 10.22.3.9 read into input chan: 0xc0000781e0
IP: 10.22.3.92 read into input chan: 0xc0000783c0
IP: 10.22.3.93 read into input chan: 0xc0000783c0
IP: 10.22.3.94 read into input chan: 0xc0000783c0
IP: 10.22.3.10 read into input chan: 0xc0000781e0
ArpWatch worker: Processing IP: 10.22.3.94
ArpHosts worker: Processing IP: 10.22.3.8
ArpHosts worker: Processing IP: 10.22.3.9
ArpHosts worker: Processing IP: 10.22.3.10
ArpWatch worker: Processing IP: 10.22.3.93
ArpWatch worker: Processing IP: 10.22.3.95
ArpHosts worker: Processing IP: 10.22.3.11
IP: 10.22.3.95 read into input chan: 0xc0000783c0
IP: 10.22.3.96 read into input chan: 0xc0000783c0
IP: 10.22.3.11 read into input chan: 0xc0000781e0
IP: 10.22.3.97 read into input chan: 0xc0000783c0
IP: 10.22.3.98 read into input chan: 0xc0000783c0
IP: 10.22.3.99 read into input chan: 0xc0000783c0
ArpHosts worker: Processing IP: 10.22.3.12
ArpWatch worker: Processing IP: 10.22.3.96
ArpWatch worker: Processing IP: 10.22.3.98
IP: 10.22.3.12 read into input chan: 0xc0000781e0
IP: 10.22.3.13 read into input chan: 0xc0000781e0
IP: 10.22.3.14 read into input chan: 0xc0000781e0
ArpWatch worker: Processing IP: 10.22.3.97
ArpWatch worker: Processing IP: 10.22.3.99
IP: 10.22.3.15 read into input chan: 0xc0000781e0
ArpWatch worker: Processing IP: 10.22.3.100
ArpHosts worker: Processing IP: 10.22.3.13
ArpHosts worker: Processing IP: 10.22.3.14
ArpHosts worker: Processing IP: 10.22.3.15
IP: 10.22.3.100 read into input chan: 0xc0000783c0
IP: 10.22.3.101 read into input chan: 0xc0000783c0
IP: 10.22.3.102 read into input chan: 0xc0000783c0
ArpHosts worker: Processing IP: 10.22.3.16
ArpWatch worker: Processing IP: 10.22.3.102
IP: 10.22.3.16 read into input chan: 0xc0000781e0
IP: 10.22.3.17 read into input chan: 0xc0000781e0
IP: 10.22.3.103 read into input chan: 0xc0000783c0
IP: 10.22.3.104 read into input chan: 0xc0000783c0
ArpHosts worker: Processing IP: 10.22.3.17
ArpHosts worker: Processing IP: 10.22.3.18
ArpWatch worker: Processing IP: 10.22.3.101
ArpWatch worker: Processing IP: 10.22.3.103
IP: 10.22.3.105 read into input chan: 0xc0000783c0
IP: 10.22.3.18 read into input chan: 0xc0000781e0
IP: 10.22.3.19 read into input chan: 0xc0000781e0
ArpHosts worker: Processing IP: 10.22.3.19
ArpWatch worker: Processing IP: 10.22.3.105
ArpHosts worker: Processing IP: 10.22.3.20
ArpWatch worker: Processing IP: 10.22.3.104
ArpWatch worker: Processing IP: 10.22.3.106
IP: 10.22.3.20 read into input chan: 0xc0000781e0
IP: 10.22.3.21 read into input chan: 0xc0000781e0
IP: 10.22.3.22 read into input chan: 0xc0000781e0
IP: 10.22.3.106 read into input chan: 0xc0000783c0
IP: 10.22.3.107 read into input chan: 0xc0000783c0
IP: 10.22.3.23 read into input chan: 0xc0000781e0
IP: 10.22.3.108 read into input chan: 0xc0000783c0
IP: 10.22.3.109 read into input chan: 0xc0000783c0
IP: 10.22.3.110 read into input chan: 0xc0000783c0
ArpHosts worker: Processing IP: 10.22.3.21
ArpHosts worker: Processing IP: 10.22.3.22
ArpHosts worker: Processing IP: 10.22.3.23
ArpHosts worker: Processing IP: 10.22.3.24
IP: 10.22.3.24 read into input chan: 0xc0000781e0
IP: 10.22.3.25 read into input chan: 0xc0000781e0
ArpWatch worker: Processing IP: 10.22.3.108
ArpWatch worker: Processing IP: 10.22.3.109
ArpWatch worker: Processing IP: 10.22.3.110
ArpHosts worker: Processing IP: 10.22.3.25
ArpWatch worker: Processing IP: 10.22.3.107
ArpWatch worker: Processing IP: 10.22.3.111
ArpHosts worker: Processing IP: 10.22.3.26
IP: 10.22.3.111 read into input chan: 0xc0000783c0
IP: 10.22.3.112 read into input chan: 0xc0000783c0
IP: 10.22.3.113 read into input chan: 0xc0000783c0
IP: 10.22.3.26 read into input chan: 0xc0000781e0
IP: 10.22.3.27 read into input chan: 0xc0000781e0
ArpWatch worker: Processing IP: 10.22.3.113
ArpWatch worker: Processing IP: 10.22.3.112
ArpWatch worker: Processing IP: 10.22.3.114
IP: 10.22.3.28 read into input chan: 0xc0000781e0
IP: 10.22.3.29 read into input chan: 0xc0000781e0
IP: 10.22.3.114 read into input chan: 0xc0000783c0
IP: 10.22.3.115 read into input chan: 0xc0000783c0
IP: 10.22.3.116 read into input chan: 0xc0000783c0
ArpHosts worker: Processing IP: 10.22.3.27
ArpHosts worker: Processing IP: 10.22.3.28
IP: 10.22.3.30 read into input chan: 0xc0000781e0
ArpWatch worker: Processing IP: 10.22.3.116
IP: 10.22.3.31 read into input chan: 0xc0000781e0
ArpWatch worker: Processing IP: 10.22.3.115
ArpWatch worker: Processing IP: 10.22.3.117
ArpHosts worker: Processing IP: 10.22.3.29
ArpHosts worker: Processing IP: 10.22.3.30
ArpHosts worker: Processing IP: 10.22.3.31
IP: 10.22.3.117 read into input chan: 0xc0000783c0
IP: 10.22.3.118 read into input chan: 0xc0000783c0
IP: 10.22.3.119 read into input chan: 0xc0000783c0
ArpHosts worker: Processing IP: 10.22.3.32
IP: 10.22.3.32 read into input chan: 0xc0000781e0
IP: 10.22.3.33 read into input chan: 0xc0000781e0
ArpHosts worker: Processing IP: 10.22.3.33
IP: 10.22.3.120 read into input chan: 0xc0000783c0
IP: 10.22.3.121 read into input chan: 0xc0000783c0
IP: 10.22.3.34 read into input chan: 0xc0000781e0
IP: 10.22.3.35 read into input chan: 0xc0000781e0
ArpWatch worker: Processing IP: 10.22.3.119
ArpWatch worker: Processing IP: 10.22.3.120
ArpWatch worker: Processing IP: 10.22.3.118
IP: 10.22.3.122 read into input chan: 0xc0000783c0
ArpHosts worker: Processing IP: 10.22.3.34
IP: 10.22.3.36 read into input chan: 0xc0000781e0
ArpWatch worker: Processing IP: 10.22.3.122
IP: 10.22.3.37 read into input chan: 0xc0000781e0
ArpWatch worker: Processing IP: 10.22.3.121
ArpWatch worker: Processing IP: 10.22.3.123
ArpHosts worker: Processing IP: 10.22.3.35
ArpHosts worker: Processing IP: 10.22.3.36
ArpHosts worker: Processing IP: 10.22.3.37
IP: 10.22.3.123 read into input chan: 0xc0000783c0
ArpHosts worker: Processing IP: 10.22.3.38
IP: 10.22.3.38 read into input chan: 0xc0000781e0
IP: 10.22.3.39 read into input chan: 0xc0000781e0
IP: 10.22.3.124 read into input chan: 0xc0000783c0
IP: 10.22.3.125 read into input chan: 0xc0000783c0
IP: 10.22.3.126 read into input chan: 0xc0000783c0
ArpWatch worker: Processing IP: 10.22.3.124
IP: 10.22.3.40 read into input chan: 0xc0000781e0
ArpWatch worker: Processing IP: 10.22.3.126
IP: 10.22.3.41 read into input chan: 0xc0000781e0
ArpWatch worker: Processing IP: 10.22.3.125
ArpWatch worker: Processing IP: 10.22.3.127
ArpHosts worker: Processing IP: 10.22.3.39
ArpHosts worker: Processing IP: 10.22.3.40
ArpHosts worker: Processing IP: 10.22.3.41
IP: 10.22.3.127 read into input chan: 0xc0000783c0
IP: 10.22.3.128 read into input chan: 0xc0000783c0
IP: 10.22.3.129 read into input chan: 0xc0000783c0
ArpHosts worker: Processing IP: 10.22.3.42
ArpWatch worker: Processing IP: 10.22.3.129
IP: 10.22.3.42 read into input chan: 0xc0000781e0
ArpWatch worker: Processing IP: 10.22.3.128
IP: 10.22.3.130 read into input chan: 0xc0000783c0
IP: 10.22.3.131 read into input chan: 0xc0000783c0
ArpWatch worker: Processing IP: 10.22.3.130
IP: 10.22.3.43 read into input chan: 0xc0000781e0
IP: 10.22.3.44 read into input chan: 0xc0000781e0
IP: 10.22.3.45 read into input chan: 0xc0000781e0
ArpHosts worker: Processing IP: 10.22.3.43
IP: 10.22.3.132 read into input chan: 0xc0000783c0
IP: 10.22.3.46 read into input chan: 0xc0000781e0
ArpWatch worker: Processing IP: 10.22.3.132
ArpHosts worker: Processing IP: 10.22.3.44
ArpHosts worker: Processing IP: 10.22.3.45
ArpHosts worker: Processing IP: 10.22.3.46
ArpWatch worker: Processing IP: 10.22.3.131
ArpWatch worker: Processing IP: 10.22.3.133
ArpHosts worker: Processing IP: 10.22.3.47
IP: 10.22.3.133 read into input chan: 0xc0000783c0
IP: 10.22.3.134 read into input chan: 0xc0000783c0
IP: 10.22.3.135 read into input chan: 0xc0000783c0
IP: 10.22.3.47 read into input chan: 0xc0000781e0
IP: 10.22.3.48 read into input chan: 0xc0000781e0
IP: 10.22.3.49 read into input chan: 0xc0000781e0
IP: 10.22.3.50 read into input chan: 0xc0000781e0
ArpWatch worker: Processing IP: 10.22.3.135
IP: 10.22.3.136 read into input chan: 0xc0000783c0
IP: 10.22.3.137 read into input chan: 0xc0000783c0
ArpWatch worker: Processing IP: 10.22.3.134
ArpWatch worker: Processing IP: 10.22.3.136
ArpHosts worker: Processing IP: 10.22.3.48
ArpHosts worker: Processing IP: 10.22.3.49
ArpHosts worker: Processing IP: 10.22.3.50
IP: 10.22.3.138 read into input chan: 0xc0000783c0
ArpHosts worker: Processing IP: 10.22.3.51
ArpWatch worker: Processing IP: 10.22.3.138
IP: 10.22.3.51 read into input chan: 0xc0000781e0
IP: 10.22.3.52 read into input chan: 0xc0000781e0
IP: 10.22.3.53 read into input chan: 0xc0000781e0
ArpWatch worker: Processing IP: 10.22.3.137
ArpWatch worker: Processing IP: 10.22.3.139
IP: 10.22.3.54 read into input chan: 0xc0000781e0
IP: 10.22.3.139 read into input chan: 0xc0000783c0
IP: 10.22.3.140 read into input chan: 0xc0000783c0
ArpHosts worker: Processing IP: 10.22.3.52
ArpWatch worker: Processing IP: 10.22.3.141
IP: 10.22.3.55 read into input chan: 0xc0000781e0
ArpWatch worker: Processing IP: 10.22.3.140
IP: 10.22.3.141 read into input chan: 0xc0000783c0
IP: 10.22.3.142 read into input chan: 0xc0000783c0
IP: 10.22.3.143 read into input chan: 0xc0000783c0
ArpHosts worker: Processing IP: 10.22.3.53
ArpHosts worker: Processing IP: 10.22.3.54
ArpHosts worker: Processing IP: 10.22.3.55
ArpWatch worker: Processing IP: 10.22.3.143
ArpHosts worker: Processing IP: 10.22.3.56
ArpWatch worker: Processing IP: 10.22.3.142
ArpWatch worker: Processing IP: 10.22.3.144
IP: 10.22.3.56 read into input chan: 0xc0000781e0
IP: 10.22.3.57 read into input chan: 0xc0000781e0
IP: 10.22.3.58 read into input chan: 0xc0000781e0
IP: 10.22.3.144 read into input chan: 0xc0000783c0
IP: 10.22.3.145 read into input chan: 0xc0000783c0
ArpWatch worker: Processing IP: 10.22.3.145
ArpHosts worker: Processing IP: 10.22.3.57
ArpHosts worker: Processing IP: 10.22.3.58
IP: 10.22.3.59 read into input chan: 0xc0000781e0
ArpWatch worker: Processing IP: 10.22.3.146
IP: 10.22.3.146 read into input chan: 0xc0000783c0
IP: 10.22.3.147 read into input chan: 0xc0000783c0
IP: 10.22.3.148 read into input chan: 0xc0000783c0
ArpHosts worker: Processing IP: 10.22.3.59
ArpWatch worker: Processing IP: 10.22.3.148
ArpHosts worker: Processing IP: 10.22.3.60
ArpWatch worker: Processing IP: 10.22.3.147
ArpWatch worker: Processing IP: 10.22.3.149
IP: 10.22.3.60 read into input chan: 0xc0000781e0
IP: 10.22.3.61 read into input chan: 0xc0000781e0
IP: 10.22.3.62 read into input chan: 0xc0000781e0
IP: 10.22.3.149 read into input chan: 0xc0000783c0
IP: 10.22.3.150 read into input chan: 0xc0000783c0
IP: 10.22.3.151 read into input chan: 0xc0000783c0
IP: 10.22.3.63 read into input chan: 0xc0000781e0
ArpWatch worker: Processing IP: 10.22.3.151
ArpWatch worker: Processing IP: 10.22.3.150
ArpHosts worker: Processing IP: 10.22.3.61
ArpHosts worker: Processing IP: 10.22.3.62
ArpWatch worker: Processing IP: 10.22.3.152
IP: 10.22.3.64 read into input chan: 0xc0000781e0
IP: 10.22.3.65 read into input chan: 0xc0000781e0
IP: 10.22.3.152 read into input chan: 0xc0000783c0
IP: 10.22.3.153 read into input chan: 0xc0000783c0
IP: 10.22.3.154 read into input chan: 0xc0000783c0
ArpHosts worker: Processing IP: 10.22.3.63
ArpHosts worker: Processing IP: 10.22.3.64
IP: 10.22.3.66 read into input chan: 0xc0000781e0
ArpWatch worker: Processing IP: 10.22.3.154
IP: 10.22.3.67 read into input chan: 0xc0000781e0
ArpWatch worker: Processing IP: 10.22.3.153
ArpWatch worker: Processing IP: 10.22.3.155
ArpHosts worker: Processing IP: 10.22.3.65
ArpHosts worker: Processing IP: 10.22.3.66
ArpHosts worker: Processing IP: 10.22.3.67
IP: 10.22.3.155 read into input chan: 0xc0000783c0
IP: 10.22.3.156 read into input chan: 0xc0000783c0
IP: 10.22.3.157 read into input chan: 0xc0000783c0
ArpHosts worker: Processing IP: 10.22.3.68
ArpWatch worker: Processing IP: 10.22.3.157
IP: 10.22.3.68 read into input chan: 0xc0000781e0
IP: 10.22.3.69 read into input chan: 0xc0000781e0
IP: 10.22.3.70 read into input chan: 0xc0000781e0
ArpWatch worker: Processing IP: 10.22.3.158
ArpWatch worker: Processing IP: 10.22.3.156
IP: 10.22.3.158 read into input chan: 0xc0000783c0
IP: 10.22.3.159 read into input chan: 0xc0000783c0
IP: 10.22.3.71 read into input chan: 0xc0000781e0
ArpHosts worker: Processing IP: 10.22.3.69
ArpHosts worker: Processing IP: 10.22.3.70
ArpHosts worker: Processing IP: 10.22.3.71
IP: 10.22.3.160 read into input chan: 0xc0000783c0
ArpHosts worker: Processing IP: 10.22.3.72
ArpWatch worker: Processing IP: 10.22.3.160
IP: 10.22.3.72 read into input chan: 0xc0000781e0
IP: 10.22.3.73 read into input chan: 0xc0000781e0
IP: 10.22.3.74 read into input chan: 0xc0000781e0
ArpWatch worker: Processing IP: 10.22.3.159
ArpWatch worker: Processing IP: 10.22.3.161
IP: 10.22.3.75 read into input chan: 0xc0000781e0
IP: 10.22.3.161 read into input chan: 0xc0000783c0
IP: 10.22.3.162 read into input chan: 0xc0000783c0
IP: 10.22.3.163 read into input chan: 0xc0000783c0
ArpWatch worker: Processing IP: 10.22.3.163
ArpWatch worker: Processing IP: 10.22.3.162
ArpWatch worker: Processing IP: 10.22.3.164
IP: 10.22.3.164 read into input chan: 0xc0000783c0
IP: 10.22.3.165 read into input chan: 0xc0000783c0
IP: 10.22.3.166 read into input chan: 0xc0000783c0
ArpHosts worker: Processing IP: 10.22.3.73
ArpHosts worker: Processing IP: 10.22.3.74
ArpHosts worker: Processing IP: 10.22.3.75
ArpWatch worker: Processing IP: 10.22.3.166
ArpHosts worker: Processing IP: 10.22.3.76
ArpWatch worker: Processing IP: 10.22.3.165
ArpWatch worker: Processing IP: 10.22.3.167
IP: 10.22.3.76 read into input chan: 0xc0000781e0
IP: 10.22.3.77 read into input chan: 0xc0000781e0
IP: 10.22.3.78 read into input chan: 0xc0000781e0
IP: 10.22.3.167 read into input chan: 0xc0000783c0
IP: 10.22.3.168 read into input chan: 0xc0000783c0
IP: 10.22.3.169 read into input chan: 0xc0000783c0
IP: 10.22.3.79 read into input chan: 0xc0000781e0
ArpWatch worker: Processing IP: 10.22.3.169
ArpHosts worker: Processing IP: 10.22.3.77
ArpHosts worker: Processing IP: 10.22.3.78
ArpHosts worker: Processing IP: 10.22.3.79
ArpWatch worker: Processing IP: 10.22.3.168
ArpHosts worker: Processing IP: 10.22.3.80
IP: 10.22.3.80 read into input chan: 0xc0000781e0
IP: 10.22.3.81 read into input chan: 0xc0000781e0
ArpWatch worker: Processing IP: 10.22.3.170
IP: 10.22.3.170 read into input chan: 0xc0000783c0
IP: 10.22.3.171 read into input chan: 0xc0000783c0
IP: 10.22.3.172 read into input chan: 0xc0000783c0
IP: 10.22.3.82 read into input chan: 0xc0000781e0
ArpWatch worker: Processing IP: 10.22.3.172
IP: 10.22.3.83 read into input chan: 0xc0000781e0
ArpWatch worker: Processing IP: 10.22.3.171
ArpWatch worker: Processing IP: 10.22.3.173
ArpHosts worker: Processing IP: 10.22.3.81
ArpHosts worker: Processing IP: 10.22.3.82
IP: 10.22.3.173 read into input chan: 0xc0000783c0
ArpHosts worker: Processing IP: 10.22.3.83
ArpWatch worker: Processing IP: 10.22.3.174
IP: 10.22.3.84 read into input chan: 0xc0000781e0
IP: 10.22.3.85 read into input chan: 0xc0000781e0
IP: 10.22.3.174 read into input chan: 0xc0000783c0
IP: 10.22.3.175 read into input chan: 0xc0000783c0
IP: 10.22.3.176 read into input chan: 0xc0000783c0
ArpHosts worker: Processing IP: 10.22.3.84
IP: 10.22.3.86 read into input chan: 0xc0000781e0
ArpWatch worker: Processing IP: 10.22.3.176
IP: 10.22.3.87 read into input chan: 0xc0000781e0
ArpWatch worker: Processing IP: 10.22.3.175
ArpWatch worker: Processing IP: 10.22.3.177
ArpHosts worker: Processing IP: 10.22.3.85
ArpHosts worker: Processing IP: 10.22.3.86
ArpHosts worker: Processing IP: 10.22.3.87
IP: 10.22.3.177 read into input chan: 0xc0000783c0
IP: 10.22.3.178 read into input chan: 0xc0000783c0
IP: 10.22.3.179 read into input chan: 0xc0000783c0
ArpHosts worker: Processing IP: 10.22.3.88
ArpWatch worker: Processing IP: 10.22.3.179
ArpWatch worker: Processing IP: 10.22.3.178
IP: 10.22.3.180 read into input chan: 0xc0000783c0
IP: 10.22.3.181 read into input chan: 0xc0000783c0
IP: 10.22.3.88 read into input chan: 0xc0000781e0
IP: 10.22.3.89 read into input chan: 0xc0000781e0
IP: 10.22.3.90 read into input chan: 0xc0000781e0
ArpWatch worker: Processing IP: 10.22.3.181
ArpWatch worker: Processing IP: 10.22.3.182
ArpHosts worker: Processing IP: 10.22.3.89
IP: 10.22.3.182 read into input chan: 0xc0000783c0
IP: 10.22.3.183 read into input chan: 0xc0000783c0
IP: 10.22.3.91 read into input chan: 0xc0000781e0
ArpWatch worker: Processing IP: 10.22.3.180
ArpWatch worker: Processing IP: 10.22.3.183
IP: 10.22.3.92 read into input chan: 0xc0000781e0
IP: 10.22.3.184 read into input chan: 0xc0000783c0
IP: 10.22.3.185 read into input chan: 0xc0000783c0
ArpHosts worker: Processing IP: 10.22.3.90
ArpHosts worker: Processing IP: 10.22.3.91
ArpHosts worker: Processing IP: 10.22.3.92
ArpWatch worker: Processing IP: 10.22.3.184
IP: 10.22.3.186 read into input chan: 0xc0000783c0
ArpHosts worker: Processing IP: 10.22.3.93
ArpWatch worker: Processing IP: 10.22.3.186
IP: 10.22.3.93 read into input chan: 0xc0000781e0
IP: 10.22.3.94 read into input chan: 0xc0000781e0
IP: 10.22.3.95 read into input chan: 0xc0000781e0
ArpWatch worker: Processing IP: 10.22.3.185
ArpWatch worker: Processing IP: 10.22.3.187
IP: 10.22.3.96 read into input chan: 0xc0000781e0
IP: 10.22.3.187 read into input chan: 0xc0000783c0
IP: 10.22.3.188 read into input chan: 0xc0000783c0
IP: 10.22.3.189 read into input chan: 0xc0000783c0
ArpHosts worker: Processing IP: 10.22.3.94
ArpHosts worker: Processing IP: 10.22.3.95
ArpHosts worker: Processing IP: 10.22.3.96
ArpWatch worker: Processing IP: 10.22.3.189
ArpWatch worker: Processing IP: 10.22.3.188
ArpWatch worker: Processing IP: 10.22.3.190
IP: 10.22.3.190 read into input chan: 0xc0000783c0
IP: 10.22.3.191 read into input chan: 0xc0000783c0
ArpHosts worker: Processing IP: 10.22.3.97
IP: 10.22.3.97 read into input chan: 0xc0000781e0
IP: 10.22.3.98 read into input chan: 0xc0000781e0
IP: 10.22.3.99 read into input chan: 0xc0000781e0
IP: 10.22.3.192 read into input chan: 0xc0000783c0
IP: 10.22.3.100 read into input chan: 0xc0000781e0
ArpWatch worker: Processing IP: 10.22.3.192
ArpHosts worker: Processing IP: 10.22.3.98
ArpHosts worker: Processing IP: 10.22.3.99
ArpHosts worker: Processing IP: 10.22.3.100
ArpWatch worker: Processing IP: 10.22.3.191
ArpWatch worker: Processing IP: 10.22.3.193
IP: 10.22.3.193 read into input chan: 0xc0000783c0
IP: 10.22.3.194 read into input chan: 0xc0000783c0
IP: 10.22.3.101 read into input chan: 0xc0000781e0
ArpWatch worker: Processing IP: 10.22.3.195
ArpWatch worker: Processing IP: 10.22.3.194
IP: 10.22.3.102 read into input chan: 0xc0000781e0
IP: 10.22.3.103 read into input chan: 0xc0000781e0
IP: 10.22.3.195 read into input chan: 0xc0000783c0
IP: 10.22.3.196 read into input chan: 0xc0000783c0
IP: 10.22.3.197 read into input chan: 0xc0000783c0
ArpHosts worker: Processing IP: 10.22.3.101
ArpHosts worker: Processing IP: 10.22.3.102
IP: 10.22.3.104 read into input chan: 0xc0000781e0
ArpWatch worker: Processing IP: 10.22.3.197
IP: 10.22.3.105 read into input chan: 0xc0000781e0
ArpWatch worker: Processing IP: 10.22.3.196
ArpHosts worker: Processing IP: 10.22.3.103
IP: 10.22.3.198 read into input chan: 0xc0000783c0
ArpHosts worker: Processing IP: 10.22.3.104
ArpHosts worker: Processing IP: 10.22.3.105
ArpWatch worker: Processing IP: 10.22.3.198
IP: 10.22.3.199 read into input chan: 0xc0000783c0
IP: 10.22.3.200 read into input chan: 0xc0000783c0
IP: 10.22.3.201 read into input chan: 0xc0000783c0
IP: 10.22.3.106 read into input chan: 0xc0000781e0
ArpHosts worker: Processing IP: 10.22.3.106
ArpWatch worker: Processing IP: 10.22.3.199
ArpWatch worker: Processing IP: 10.22.3.201
ArpHosts worker: Processing IP: 10.22.3.107
ArpWatch worker: Processing IP: 10.22.3.200
ArpWatch worker: Processing IP: 10.22.3.202
IP: 10.22.3.107 read into input chan: 0xc0000781e0
IP: 10.22.3.108 read into input chan: 0xc0000781e0
IP: 10.22.3.202 read into input chan: 0xc0000783c0
IP: 10.22.3.109 read into input chan: 0xc0000781e0
ArpHosts worker: Processing IP: 10.22.3.108
IP: 10.22.3.110 read into input chan: 0xc0000781e0
ArpHosts worker: Processing IP: 10.22.3.109
ArpWatch worker: Processing IP: 10.22.3.203
IP: 10.22.3.203 read into input chan: 0xc0000783c0
IP: 10.22.3.204 read into input chan: 0xc0000783c0
ArpHosts worker: Processing IP: 10.22.3.110
ArpHosts worker: Processing IP: 10.22.3.111
IP: 10.22.3.111 read into input chan: 0xc0000781e0
IP: 10.22.3.112 read into input chan: 0xc0000781e0
IP: 10.22.3.113 read into input chan: 0xc0000781e0
IP: 10.22.3.205 read into input chan: 0xc0000783c0
ArpWatch worker: Processing IP: 10.22.3.205
IP: 10.22.3.206 read into input chan: 0xc0000783c0
IP: 10.22.3.207 read into input chan: 0xc0000783c0
ArpWatch worker: Processing IP: 10.22.3.204
ArpWatch worker: Processing IP: 10.22.3.206
IP: 10.22.3.114 read into input chan: 0xc0000781e0
ArpHosts worker: Processing IP: 10.22.3.112
ArpHosts worker: Processing IP: 10.22.3.113
ArpHosts worker: Processing IP: 10.22.3.114
IP: 10.22.3.208 read into input chan: 0xc0000783c0
ArpHosts worker: Processing IP: 10.22.3.115
ArpWatch worker: Processing IP: 10.22.3.208
IP: 10.22.3.115 read into input chan: 0xc0000781e0
IP: 10.22.3.116 read into input chan: 0xc0000781e0
IP: 10.22.3.117 read into input chan: 0xc0000781e0
ArpWatch worker: Processing IP: 10.22.3.207
ArpWatch worker: Processing IP: 10.22.3.209
IP: 10.22.3.118 read into input chan: 0xc0000781e0
IP: 10.22.3.209 read into input chan: 0xc0000783c0
IP: 10.22.3.210 read into input chan: 0xc0000783c0
IP: 10.22.3.211 read into input chan: 0xc0000783c0
ArpWatch worker: Processing IP: 10.22.3.210
IP: 10.22.3.212 read into input chan: 0xc0000783c0
IP: 10.22.3.213 read into input chan: 0xc0000783c0
ArpWatch worker: Processing IP: 10.22.3.212
ArpWatch worker: Processing IP: 10.22.3.211
ArpHosts worker: Processing IP: 10.22.3.116
ArpHosts worker: Processing IP: 10.22.3.117
ArpHosts worker: Processing IP: 10.22.3.118
IP: 10.22.3.214 read into input chan: 0xc0000783c0
ArpHosts worker: Processing IP: 10.22.3.119
ArpWatch worker: Processing IP: 10.22.3.214
IP: 10.22.3.119 read into input chan: 0xc0000781e0
IP: 10.22.3.120 read into input chan: 0xc0000781e0
IP: 10.22.3.121 read into input chan: 0xc0000781e0
ArpWatch worker: Processing IP: 10.22.3.213
ArpWatch worker: Processing IP: 10.22.3.215
IP: 10.22.3.122 read into input chan: 0xc0000781e0
IP: 10.22.3.215 read into input chan: 0xc0000783c0
IP: 10.22.3.216 read into input chan: 0xc0000783c0
IP: 10.22.3.217 read into input chan: 0xc0000783c0
ArpWatch worker: Processing IP: 10.22.3.216
ArpWatch worker: Processing IP: 10.22.3.218
ArpHosts worker: Processing IP: 10.22.3.120
ArpHosts worker: Processing IP: 10.22.3.121
ArpHosts worker: Processing IP: 10.22.3.122
ArpWatch worker: Processing IP: 10.22.3.217
IP: 10.22.3.218 read into input chan: 0xc0000783c0
IP: 10.22.3.219 read into input chan: 0xc0000783c0
IP: 10.22.3.220 read into input chan: 0xc0000783c0
ArpHosts worker: Processing IP: 10.22.3.123
ArpWatch worker: Processing IP: 10.22.3.220
IP: 10.22.3.123 read into input chan: 0xc0000781e0
IP: 10.22.3.124 read into input chan: 0xc0000781e0
IP: 10.22.3.125 read into input chan: 0xc0000781e0
ArpWatch worker: Processing IP: 10.22.3.219
ArpWatch worker: Processing IP: 10.22.3.221
IP: 10.22.3.126 read into input chan: 0xc0000781e0
IP: 10.22.3.221 read into input chan: 0xc0000783c0
IP: 10.22.3.222 read into input chan: 0xc0000783c0
IP: 10.22.3.223 read into input chan: 0xc0000783c0
ArpHosts worker: Processing IP: 10.22.3.124
ArpHosts worker: Processing IP: 10.22.3.125
IP: 10.22.3.127 read into input chan: 0xc0000781e0
IP: 10.22.3.128 read into input chan: 0xc0000781e0
ArpWatch worker: Processing IP: 10.22.3.222
ArpWatch worker: Processing IP: 10.22.3.224
IP: 10.22.3.224 read into input chan: 0xc0000783c0
IP: 10.22.3.225 read into input chan: 0xc0000783c0
ArpWatch worker: Processing IP: 10.22.3.223
ArpWatch worker: Processing IP: 10.22.3.225
ArpHosts worker: Processing IP: 10.22.3.126
ArpHosts worker: Processing IP: 10.22.3.127
ArpHosts worker: Processing IP: 10.22.3.128
ArpWatch worker: Processing IP: 10.22.3.226
ArpHosts worker: Processing IP: 10.22.3.129
IP: 10.22.3.226 read into input chan: 0xc0000783c0
IP: 10.22.3.227 read into input chan: 0xc0000783c0
IP: 10.22.3.228 read into input chan: 0xc0000783c0
ArpWatch worker: Processing IP: 10.22.3.228
ArpWatch worker: Processing IP: 10.22.3.229
ArpWatch worker: Processing IP: 10.22.3.227
IP: 10.22.3.229 read into input chan: 0xc0000783c0
IP: 10.22.3.230 read into input chan: 0xc0000783c0
IP: 10.22.3.129 read into input chan: 0xc0000781e0
IP: 10.22.3.130 read into input chan: 0xc0000781e0
IP: 10.22.3.131 read into input chan: 0xc0000781e0
ArpWatch worker: Processing IP: 10.22.3.230
IP: 10.22.3.132 read into input chan: 0xc0000781e0
ArpWatch worker: Processing IP: 10.22.3.231
ArpHosts worker: Processing IP: 10.22.3.130
ArpHosts worker: Processing IP: 10.22.3.131
ArpHosts worker: Processing IP: 10.22.3.132
IP: 10.22.3.231 read into input chan: 0xc0000783c0
IP: 10.22.3.232 read into input chan: 0xc0000783c0
IP: 10.22.3.233 read into input chan: 0xc0000783c0
ArpHosts worker: Processing IP: 10.22.3.133
ArpWatch worker: Processing IP: 10.22.3.233
IP: 10.22.3.133 read into input chan: 0xc0000781e0
IP: 10.22.3.134 read into input chan: 0xc0000781e0
ArpWatch worker: Processing IP: 10.22.3.234
ArpHosts worker: Processing IP: 10.22.3.134
ArpWatch worker: Processing IP: 10.22.3.232
IP: 10.22.3.135 read into input chan: 0xc0000781e0
IP: 10.22.3.136 read into input chan: 0xc0000781e0
IP: 10.22.3.234 read into input chan: 0xc0000783c0
IP: 10.22.3.235 read into input chan: 0xc0000783c0
IP: 10.22.3.236 read into input chan: 0xc0000783c0
ArpHosts worker: Processing IP: 10.22.3.135
IP: 10.22.3.137 read into input chan: 0xc0000781e0
ArpWatch worker: Processing IP: 10.22.3.236
IP: 10.22.3.138 read into input chan: 0xc0000781e0
ArpWatch worker: Processing IP: 10.22.3.235
ArpWatch worker: Processing IP: 10.22.3.237
ArpHosts worker: Processing IP: 10.22.3.136
ArpHosts worker: Processing IP: 10.22.3.137
ArpHosts worker: Processing IP: 10.22.3.138
IP: 10.22.3.237 read into input chan: 0xc0000783c0
IP: 10.22.3.238 read into input chan: 0xc0000783c0
IP: 10.22.3.239 read into input chan: 0xc0000783c0
ArpHosts worker: Processing IP: 10.22.3.139
ArpWatch worker: Processing IP: 10.22.3.239
IP: 10.22.3.139 read into input chan: 0xc0000781e0
IP: 10.22.3.140 read into input chan: 0xc0000781e0
IP: 10.22.3.141 read into input chan: 0xc0000781e0
ArpWatch worker: Processing IP: 10.22.3.238
ArpWatch worker: Processing IP: 10.22.3.240
IP: 10.22.3.142 read into input chan: 0xc0000781e0
IP: 10.22.3.240 read into input chan: 0xc0000783c0
IP: 10.22.3.241 read into input chan: 0xc0000783c0
IP: 10.22.3.242 read into input chan: 0xc0000783c0
ArpHosts worker: Processing IP: 10.22.3.140
ArpHosts worker: Processing IP: 10.22.3.141
ArpHosts worker: Processing IP: 10.22.3.142
ArpWatch worker: Processing IP: 10.22.3.242
ArpHosts worker: Processing IP: 10.22.3.143
IP: 10.22.3.143 read into input chan: 0xc0000781e0
IP: 10.22.3.144 read into input chan: 0xc0000781e0
ArpWatch worker: Processing IP: 10.22.3.243
IP: 10.22.3.243 read into input chan: 0xc0000783c0
IP: 10.22.3.244 read into input chan: 0xc0000783c0
IP: 10.22.3.145 read into input chan: 0xc0000781e0
IP: 10.22.3.146 read into input chan: 0xc0000781e0
ArpWatch worker: Processing IP: 10.22.3.241
IP: 10.22.3.245 read into input chan: 0xc0000783c0
ArpHosts worker: Processing IP: 10.22.3.144
ArpHosts worker: Processing IP: 10.22.3.145
ArpHosts worker: Processing IP: 10.22.3.146
ArpWatch worker: Processing IP: 10.22.3.245
ArpHosts worker: Processing IP: 10.22.3.147
ArpWatch worker: Processing IP: 10.22.3.244
IP: 10.22.3.147 read into input chan: 0xc0000781e0
IP: 10.22.3.246 read into input chan: 0xc0000783c0
IP: 10.22.3.247 read into input chan: 0xc0000783c0
ArpWatch worker: Processing IP: 10.22.3.246
IP: 10.22.3.248 read into input chan: 0xc0000783c0
ArpWatch worker: Processing IP: 10.22.3.248
ArpHosts worker: Processing IP: 10.22.3.148
ArpWatch worker: Processing IP: 10.22.3.247
IP: 10.22.3.148 read into input chan: 0xc0000781e0
IP: 10.22.3.149 read into input chan: 0xc0000781e0
IP: 10.22.3.249 read into input chan: 0xc0000783c0
IP: 10.22.3.250 read into input chan: 0xc0000783c0
IP: 10.22.3.251 read into input chan: 0xc0000783c0
ArpWatch worker: Processing IP: 10.22.3.249
IP: 10.22.3.150 read into input chan: 0xc0000781e0
ArpWatch worker: Processing IP: 10.22.3.251
IP: 10.22.3.151 read into input chan: 0xc0000781e0
ArpHosts worker: Processing IP: 10.22.3.149
ArpWatch worker: Processing IP: 10.22.3.250
IP: 10.22.3.252 read into input chan: 0xc0000783c0
IP: 10.22.3.253 read into input chan: 0xc0000783c0
ArpHosts worker: Processing IP: 10.22.3.150
IP: 10.22.3.254 read into input chan: 0xc0000783c0
IP: 10.22.3.255 read into input chan: 0xc0000783c0
ArpHosts worker: Processing IP: 10.22.3.151
ArpHosts worker: Processing IP: 10.22.3.152
ArpWatch worker: Processing IP: 10.22.3.253
ArpWatch worker: Processing IP: 10.22.3.254
IP: 10.22.3.152 read into input chan: 0xc0000781e0
IP: 10.22.3.153 read into input chan: 0xc0000781e0
IP: 10.22.3.154 read into input chan: 0xc0000781e0
ArpWatch worker: Processing IP: 10.22.3.252
ArpWatch worker: Processing IP: 10.22.3.255
IP: 10.22.3.155 read into input chan: 0xc0000781e0
ArpWatch worker: Processing IP: 10.22.4.0
ArpHosts worker: Processing IP: 10.22.3.153
ArpHosts worker: Processing IP: 10.22.3.154
ArpHosts worker: Processing IP: 10.22.3.155
IP: 10.22.4.0 read into input chan: 0xc0000783c0
IP: 10.22.4.1 read into input chan: 0xc0000783c0
IP: 10.22.3.156 read into input chan: 0xc0000781e0
IP: 10.22.3.157 read into input chan: 0xc0000781e0
IP: 10.22.4.2 read into input chan: 0xc0000783c0
IP: 10.22.3.158 read into input chan: 0xc0000781e0
ArpWatch worker: Processing IP: 10.22.4.2
ArpWatch worker: Processing IP: 10.22.4.3
IP: 10.22.4.3 read into input chan: 0xc0000783c0
IP: 10.22.4.4 read into input chan: 0xc0000783c0
ArpWatch worker: Processing IP: 10.22.4.1
ArpWatch worker: Processing IP: 10.22.4.4
ArpHosts worker: Processing IP: 10.22.3.156
ArpHosts worker: Processing IP: 10.22.3.157
ArpHosts worker: Processing IP: 10.22.3.158
ArpWatch worker: Processing IP: 10.22.4.5
ArpHosts worker: Processing IP: 10.22.3.159
IP: 10.22.4.5 read into input chan: 0xc0000783c0
IP: 10.22.4.6 read into input chan: 0xc0000783c0
IP: 10.22.4.7 read into input chan: 0xc0000783c0
ArpWatch worker: Processing IP: 10.22.4.7
IP: 10.22.4.8 read into input chan: 0xc0000783c0
IP: 10.22.4.9 read into input chan: 0xc0000783c0
ArpWatch worker: Processing IP: 10.22.4.8
IP: 10.22.3.159 read into input chan: 0xc0000781e0
IP: 10.22.3.160 read into input chan: 0xc0000781e0
IP: 10.22.3.161 read into input chan: 0xc0000781e0
ArpWatch worker: Processing IP: 10.22.4.6
IP: 10.22.4.10 read into input chan: 0xc0000783c0
IP: 10.22.3.162 read into input chan: 0xc0000781e0
ArpWatch worker: Processing IP: 10.22.4.10
ArpHosts worker: Processing IP: 10.22.3.160
ArpHosts worker: Processing IP: 10.22.3.161
ArpHosts worker: Processing IP: 10.22.3.162
ArpWatch worker: Processing IP: 10.22.4.9
ArpWatch worker: Processing IP: 10.22.4.11
ArpHosts worker: Processing IP: 10.22.3.163
IP: 10.22.4.11 read into input chan: 0xc0000783c0
IP: 10.22.4.12 read into input chan: 0xc0000783c0
IP: 10.22.4.13 read into input chan: 0xc0000783c0
IP: 10.22.3.163 read into input chan: 0xc0000781e0
IP: 10.22.3.164 read into input chan: 0xc0000781e0
ArpWatch worker: Processing IP: 10.22.4.13
IP: 10.22.4.14 read into input chan: 0xc0000783c0
IP: 10.22.4.15 read into input chan: 0xc0000783c0
ArpWatch worker: Processing IP: 10.22.4.12
IP: 10.22.3.165 read into input chan: 0xc0000781e0
IP: 10.22.3.166 read into input chan: 0xc0000781e0
ArpHosts worker: Processing IP: 10.22.3.164
ArpHosts worker: Processing IP: 10.22.3.165
ArpHosts worker: Processing IP: 10.22.3.166
IP: 10.22.4.16 read into input chan: 0xc0000783c0
ArpWatch worker: Processing IP: 10.22.4.14
ArpHosts worker: Processing IP: 10.22.3.167
ArpWatch worker: Processing IP: 10.22.4.16
IP: 10.22.3.167 read into input chan: 0xc0000781e0
IP: 10.22.3.168 read into input chan: 0xc0000781e0
IP: 10.22.3.169 read into input chan: 0xc0000781e0
ArpWatch worker: Processing IP: 10.22.4.15
ArpWatch worker: Processing IP: 10.22.4.17
IP: 10.22.3.170 read into input chan: 0xc0000781e0
IP: 10.22.4.17 read into input chan: 0xc0000783c0
IP: 10.22.4.18 read into input chan: 0xc0000783c0
IP: 10.22.4.19 read into input chan: 0xc0000783c0
ArpHosts worker: Processing IP: 10.22.3.168
ArpHosts worker: Processing IP: 10.22.3.169
ArpWatch worker: Processing IP: 10.22.4.19
ArpHosts worker: Processing IP: 10.22.3.170
IP: 10.22.4.20 read into input chan: 0xc0000783c0
IP: 10.22.4.21 read into input chan: 0xc0000783c0
IP: 10.22.3.171 read into input chan: 0xc0000781e0
IP: 10.22.3.172 read into input chan: 0xc0000781e0
ArpWatch worker: Processing IP: 10.22.4.18
ArpWatch worker: Processing IP: 10.22.4.20
IP: 10.22.4.22 read into input chan: 0xc0000783c0
ArpHosts worker: Processing IP: 10.22.3.171
IP: 10.22.3.173 read into input chan: 0xc0000781e0
ArpWatch worker: Processing IP: 10.22.4.22
IP: 10.22.3.174 read into input chan: 0xc0000781e0
ArpWatch worker: Processing IP: 10.22.4.21
ArpWatch worker: Processing IP: 10.22.4.23
ArpHosts worker: Processing IP: 10.22.3.172
ArpHosts worker: Processing IP: 10.22.3.173
ArpHosts worker: Processing IP: 10.22.3.174
IP: 10.22.4.23 read into input chan: 0xc0000783c0
IP: 10.22.4.24 read into input chan: 0xc0000783c0
IP: 10.22.4.25 read into input chan: 0xc0000783c0
ArpHosts worker: Processing IP: 10.22.3.175
IP: 10.22.3.175 read into input chan: 0xc0000781e0
IP: 10.22.3.176 read into input chan: 0xc0000781e0
ArpHosts worker: Processing IP: 10.22.3.176
ArpHosts worker: Processing IP: 10.22.3.177
ArpWatch worker: Processing IP: 10.22.4.25
ArpWatch worker: Processing IP: 10.22.4.26
ArpWatch worker: Processing IP: 10.22.4.24
IP: 10.22.4.26 read into input chan: 0xc0000783c0
IP: 10.22.4.27 read into input chan: 0xc0000783c0
IP: 10.22.3.177 read into input chan: 0xc0000781e0
IP: 10.22.3.178 read into input chan: 0xc0000781e0
IP: 10.22.3.179 read into input chan: 0xc0000781e0
ArpWatch worker: Processing IP: 10.22.4.27
IP: 10.22.3.180 read into input chan: 0xc0000781e0
ArpWatch worker: Processing IP: 10.22.4.28
ArpHosts worker: Processing IP: 10.22.3.178
ArpHosts worker: Processing IP: 10.22.3.179
ArpHosts worker: Processing IP: 10.22.3.180
IP: 10.22.4.28 read into input chan: 0xc0000783c0
IP: 10.22.4.29 read into input chan: 0xc0000783c0
IP: 10.22.4.30 read into input chan: 0xc0000783c0
ArpHosts worker: Processing IP: 10.22.3.181
ArpWatch worker: Processing IP: 10.22.4.30
ArpWatch worker: Processing IP: 10.22.4.29
IP: 10.22.3.181 read into input chan: 0xc0000781e0
IP: 10.22.4.31 read into input chan: 0xc0000783c0
IP: 10.22.3.182 read into input chan: 0xc0000781e0
IP: 10.22.3.183 read into input chan: 0xc0000781e0
ArpWatch worker: Processing IP: 10.22.4.31
IP: 10.22.4.32 read into input chan: 0xc0000783c0
IP: 10.22.4.33 read into input chan: 0xc0000783c0
IP: 10.22.4.34 read into input chan: 0xc0000783c0
ArpHosts worker: Processing IP: 10.22.3.182
IP: 10.22.3.184 read into input chan: 0xc0000781e0
ArpWatch worker: Processing IP: 10.22.4.32
ArpWatch worker: Processing IP: 10.22.4.34
IP: 10.22.3.185 read into input chan: 0xc0000781e0
ArpWatch worker: Processing IP: 10.22.4.33
ArpWatch worker: Processing IP: 10.22.4.35
ArpHosts worker: Processing IP: 10.22.3.183
IP: 10.22.4.35 read into input chan: 0xc0000783c0
IP: 10.22.3.186 read into input chan: 0xc0000781e0
IP: 10.22.4.36 read into input chan: 0xc0000783c0
IP: 10.22.4.37 read into input chan: 0xc0000783c0
ArpHosts worker: Processing IP: 10.22.3.184
ArpHosts worker: Processing IP: 10.22.3.185
ArpHosts worker: Processing IP: 10.22.3.186
ArpWatch worker: Processing IP: 10.22.4.36
IP: 10.22.4.38 read into input chan: 0xc0000783c0
ArpHosts worker: Processing IP: 10.22.3.187
ArpWatch worker: Processing IP: 10.22.4.38
IP: 10.22.3.187 read into input chan: 0xc0000781e0
IP: 10.22.3.188 read into input chan: 0xc0000781e0
IP: 10.22.3.189 read into input chan: 0xc0000781e0
ArpWatch worker: Processing IP: 10.22.4.37
ArpWatch worker: Processing IP: 10.22.4.39
IP: 10.22.3.190 read into input chan: 0xc0000781e0
IP: 10.22.4.39 read into input chan: 0xc0000783c0
IP: 10.22.4.40 read into input chan: 0xc0000783c0
IP: 10.22.4.41 read into input chan: 0xc0000783c0
ArpHosts worker: Processing IP: 10.22.3.188
ArpHosts worker: Processing IP: 10.22.3.189
ArpHosts worker: Processing IP: 10.22.3.190
ArpHosts worker: Processing IP: 10.22.3.191
ArpWatch worker: Processing IP: 10.22.4.40
ArpWatch worker: Processing IP: 10.22.4.42
IP: 10.22.3.191 read into input chan: 0xc0000781e0
IP: 10.22.3.192 read into input chan: 0xc0000781e0
IP: 10.22.3.193 read into input chan: 0xc0000781e0
ArpWatch worker: Processing IP: 10.22.4.41
IP: 10.22.4.42 read into input chan: 0xc0000783c0
IP: 10.22.4.43 read into input chan: 0xc0000783c0
IP: 10.22.4.44 read into input chan: 0xc0000783c0
IP: 10.22.3.194 read into input chan: 0xc0000781e0
ArpWatch worker: Processing IP: 10.22.4.44
ArpHosts worker: Processing IP: 10.22.3.192
ArpHosts worker: Processing IP: 10.22.3.193
ArpHosts worker: Processing IP: 10.22.3.194
ArpWatch worker: Processing IP: 10.22.4.43
ArpWatch worker: Processing IP: 10.22.4.45
ArpHosts worker: Processing IP: 10.22.3.195
IP: 10.22.4.45 read into input chan: 0xc0000783c0
IP: 10.22.4.46 read into input chan: 0xc0000783c0
IP: 10.22.4.47 read into input chan: 0xc0000783c0
IP: 10.22.3.195 read into input chan: 0xc0000781e0
IP: 10.22.3.196 read into input chan: 0xc0000781e0
ArpWatch worker: Processing IP: 10.22.4.46
IP: 10.22.3.197 read into input chan: 0xc0000781e0
ArpHosts worker: Processing IP: 10.22.3.196
ArpHosts worker: Processing IP: 10.22.3.197
IP: 10.22.4.48 read into input chan: 0xc0000783c0
IP: 10.22.4.49 read into input chan: 0xc0000783c0
ArpWatch worker: Processing IP: 10.22.4.47
ArpWatch worker: Processing IP: 10.22.4.48
ArpHosts worker: Processing IP: 10.22.3.198
IP: 10.22.3.198 read into input chan: 0xc0000781e0
IP: 10.22.4.50 read into input chan: 0xc0000783c0
ArpHosts worker: Processing IP: 10.22.3.199
ArpWatch worker: Processing IP: 10.22.4.50
IP: 10.22.3.199 read into input chan: 0xc0000781e0
IP: 10.22.3.200 read into input chan: 0xc0000781e0
IP: 10.22.3.201 read into input chan: 0xc0000781e0
ArpWatch worker: Processing IP: 10.22.4.49
ArpWatch worker: Processing IP: 10.22.4.51
IP: 10.22.3.202 read into input chan: 0xc0000781e0
IP: 10.22.4.51 read into input chan: 0xc0000783c0
IP: 10.22.4.52 read into input chan: 0xc0000783c0
IP: 10.22.4.53 read into input chan: 0xc0000783c0
ArpHosts worker: Processing IP: 10.22.3.200
ArpHosts worker: Processing IP: 10.22.3.201
ArpWatch worker: Processing IP: 10.22.4.53
ArpWatch worker: Processing IP: 10.22.4.52
ArpWatch worker: Processing IP: 10.22.4.54
IP: 10.22.4.54 read into input chan: 0xc0000783c0
IP: 10.22.4.55 read into input chan: 0xc0000783c0
ArpHosts worker: Processing IP: 10.22.3.202
ArpHosts worker: Processing IP: 10.22.3.203
ArpWatch worker: Processing IP: 10.22.4.55
IP: 10.22.3.203 read into input chan: 0xc0000781e0
IP: 10.22.3.204 read into input chan: 0xc0000781e0
IP: 10.22.3.205 read into input chan: 0xc0000781e0
ArpWatch worker: Processing IP: 10.22.4.56
IP: 10.22.3.206 read into input chan: 0xc0000781e0
IP: 10.22.4.56 read into input chan: 0xc0000783c0
IP: 10.22.4.57 read into input chan: 0xc0000783c0
IP: 10.22.4.58 read into input chan: 0xc0000783c0
ArpHosts worker: Processing IP: 10.22.3.204
ArpHosts worker: Processing IP: 10.22.3.205
ArpHosts worker: Processing IP: 10.22.3.206
ArpWatch worker: Processing IP: 10.22.4.58
ArpHosts worker: Processing IP: 10.22.3.207
IP: 10.22.3.207 read into input chan: 0xc0000781e0
IP: 10.22.4.59 read into input chan: 0xc0000783c0
ArpWatch worker: Processing IP: 10.22.4.59
ArpWatch worker: Processing IP: 10.22.4.60
ArpHosts worker: Processing IP: 10.22.3.208
IP: 10.22.4.60 read into input chan: 0xc0000783c0
IP: 10.22.4.61 read into input chan: 0xc0000783c0
IP: 10.22.3.208 read into input chan: 0xc0000781e0
IP: 10.22.3.209 read into input chan: 0xc0000781e0
IP: 10.22.3.210 read into input chan: 0xc0000781e0
ArpWatch worker: Processing IP: 10.22.4.61
ArpWatch worker: Processing IP: 10.22.4.57
IP: 10.22.3.211 read into input chan: 0xc0000781e0
ArpWatch worker: Processing IP: 10.22.4.62
ArpHosts worker: Processing IP: 10.22.3.209
ArpHosts worker: Processing IP: 10.22.3.210
ArpHosts worker: Processing IP: 10.22.3.211
IP: 10.22.4.62 read into input chan: 0xc0000783c0
IP: 10.22.4.63 read into input chan: 0xc0000783c0
IP: 10.22.4.64 read into input chan: 0xc0000783c0
ArpWatch worker: Processing IP: 10.22.4.64
ArpWatch worker: Processing IP: 10.22.4.63
ArpWatch worker: Processing IP: 10.22.4.65
ArpHosts worker: Processing IP: 10.22.3.212
IP: 10.22.3.212 read into input chan: 0xc0000781e0
IP: 10.22.3.213 read into input chan: 0xc0000781e0
IP: 10.22.3.214 read into input chan: 0xc0000781e0
IP: 10.22.4.65 read into input chan: 0xc0000783c0
IP: 10.22.4.66 read into input chan: 0xc0000783c0
IP: 10.22.4.67 read into input chan: 0xc0000783c0
IP: 10.22.3.215 read into input chan: 0xc0000781e0
ArpWatch worker: Processing IP: 10.22.4.67
ArpHosts worker: Processing IP: 10.22.3.213
ArpHosts worker: Processing IP: 10.22.3.214
ArpHosts worker: Processing IP: 10.22.3.215
ArpWatch worker: Processing IP: 10.22.4.66
ArpWatch worker: Processing IP: 10.22.4.68
IP: 10.22.4.68 read into input chan: 0xc0000783c0
IP: 10.22.4.69 read into input chan: 0xc0000783c0
IP: 10.22.3.216 read into input chan: 0xc0000781e0
IP: 10.22.3.217 read into input chan: 0xc0000781e0
IP: 10.22.3.218 read into input chan: 0xc0000781e0
ArpHosts worker: Processing IP: 10.22.3.216
IP: 10.22.4.70 read into input chan: 0xc0000783c0
IP: 10.22.3.219 read into input chan: 0xc0000781e0
ArpWatch worker: Processing IP: 10.22.4.70
ArpHosts worker: Processing IP: 10.22.3.217
ArpHosts worker: Processing IP: 10.22.3.218
ArpHosts worker: Processing IP: 10.22.3.219
ArpWatch worker: Processing IP: 10.22.4.69
ArpWatch worker: Processing IP: 10.22.4.71
ArpHosts worker: Processing IP: 10.22.3.220
IP: 10.22.4.71 read into input chan: 0xc0000783c0
IP: 10.22.4.72 read into input chan: 0xc0000783c0
IP: 10.22.3.220 read into input chan: 0xc0000781e0
ArpWatch worker: Processing IP: 10.22.4.72
ArpHosts worker: Processing IP: 10.22.3.221
IP: 10.22.4.73 read into input chan: 0xc0000783c0
IP: 10.22.4.74 read into input chan: 0xc0000783c0
ArpWatch worker: Processing IP: 10.22.4.73
IP: 10.22.3.221 read into input chan: 0xc0000781e0
IP: 10.22.3.222 read into input chan: 0xc0000781e0
IP: 10.22.3.223 read into input chan: 0xc0000781e0
IP: 10.22.4.75 read into input chan: 0xc0000783c0
IP: 10.22.3.224 read into input chan: 0xc0000781e0
ArpWatch worker: Processing IP: 10.22.4.75
ArpHosts worker: Processing IP: 10.22.3.222
ArpHosts worker: Processing IP: 10.22.3.223
ArpHosts worker: Processing IP: 10.22.3.224
ArpWatch worker: Processing IP: 10.22.4.74
ArpWatch worker: Processing IP: 10.22.4.76
IP: 10.22.3.225 read into input chan: 0xc0000781e0
IP: 10.22.3.226 read into input chan: 0xc0000781e0
ArpHosts worker: Processing IP: 10.22.3.225
IP: 10.22.4.76 read into input chan: 0xc0000783c0
IP: 10.22.4.77 read into input chan: 0xc0000783c0
IP: 10.22.4.78 read into input chan: 0xc0000783c0
IP: 10.22.3.227 read into input chan: 0xc0000781e0
ArpWatch worker: Processing IP: 10.22.4.78
IP: 10.22.3.228 read into input chan: 0xc0000781e0
ArpWatch worker: Processing IP: 10.22.4.77
ArpWatch worker: Processing IP: 10.22.4.79
ArpHosts worker: Processing IP: 10.22.3.226
ArpHosts worker: Processing IP: 10.22.3.227
ArpHosts worker: Processing IP: 10.22.3.228
IP: 10.22.4.79 read into input chan: 0xc0000783c0
IP: 10.22.4.80 read into input chan: 0xc0000783c0
IP: 10.22.4.81 read into input chan: 0xc0000783c0
ArpHosts worker: Processing IP: 10.22.3.229
ArpWatch worker: Processing IP: 10.22.4.81
IP: 10.22.3.229 read into input chan: 0xc0000781e0
IP: 10.22.3.230 read into input chan: 0xc0000781e0
ArpWatch worker: Processing IP: 10.22.4.80
IP: 10.22.4.82 read into input chan: 0xc0000783c0
IP: 10.22.3.231 read into input chan: 0xc0000781e0
ArpWatch worker: Processing IP: 10.22.4.83
ArpWatch worker: Processing IP: 10.22.4.82
IP: 10.22.4.83 read into input chan: 0xc0000783c0
IP: 10.22.4.84 read into input chan: 0xc0000783c0
ArpHosts worker: Processing IP: 10.22.3.230
ArpHosts worker: Processing IP: 10.22.3.231
ArpHosts worker: Processing IP: 10.22.3.232
IP: 10.22.3.232 read into input chan: 0xc0000781e0
IP: 10.22.4.85 read into input chan: 0xc0000783c0
ArpHosts worker: Processing IP: 10.22.3.233
ArpWatch worker: Processing IP: 10.22.4.85
IP: 10.22.3.233 read into input chan: 0xc0000781e0
IP: 10.22.3.234 read into input chan: 0xc0000781e0
IP: 10.22.3.235 read into input chan: 0xc0000781e0
ArpWatch worker: Processing IP: 10.22.4.84
ArpWatch worker: Processing IP: 10.22.4.86
IP: 10.22.3.236 read into input chan: 0xc0000781e0
IP: 10.22.4.86 read into input chan: 0xc0000783c0
IP: 10.22.4.87 read into input chan: 0xc0000783c0
ArpHosts worker: Processing IP: 10.22.3.234
IP: 10.22.4.88 read into input chan: 0xc0000783c0
ArpHosts worker: Processing IP: 10.22.3.235
ArpHosts worker: Processing IP: 10.22.3.236
ArpWatch worker: Processing IP: 10.22.4.87
ArpWatch worker: Processing IP: 10.22.4.89
IP: 10.22.4.89 read into input chan: 0xc0000783c0
IP: 10.22.4.90 read into input chan: 0xc0000783c0
ArpWatch worker: Processing IP: 10.22.4.88
ArpHosts worker: Processing IP: 10.22.3.237
IP: 10.22.3.237 read into input chan: 0xc0000781e0
ArpWatch worker: Processing IP: 10.22.4.90
ArpHosts worker: Processing IP: 10.22.3.238
ArpWatch worker: Processing IP: 10.22.4.91
IP: 10.22.3.238 read into input chan: 0xc0000781e0
IP: 10.22.3.239 read into input chan: 0xc0000781e0
IP: 10.22.3.240 read into input chan: 0xc0000781e0
IP: 10.22.4.91 read into input chan: 0xc0000783c0
IP: 10.22.4.92 read into input chan: 0xc0000783c0
IP: 10.22.4.93 read into input chan: 0xc0000783c0
IP: 10.22.3.241 read into input chan: 0xc0000781e0
ArpWatch worker: Processing IP: 10.22.4.93
ArpWatch worker: Processing IP: 10.22.4.94
ArpWatch worker: Processing IP: 10.22.4.92
ArpHosts worker: Processing IP: 10.22.3.239
ArpHosts worker: Processing IP: 10.22.3.240
ArpHosts worker: Processing IP: 10.22.3.241
IP: 10.22.4.94 read into input chan: 0xc0000783c0
IP: 10.22.4.95 read into input chan: 0xc0000783c0
IP: 10.22.4.96 read into input chan: 0xc0000783c0
ArpHosts worker: Processing IP: 10.22.3.242
ArpWatch worker: Processing IP: 10.22.4.96
IP: 10.22.3.242 read into input chan: 0xc0000781e0
IP: 10.22.3.243 read into input chan: 0xc0000781e0
IP: 10.22.3.244 read into input chan: 0xc0000781e0
ArpWatch worker: Processing IP: 10.22.4.95
ArpWatch worker: Processing IP: 10.22.4.97
IP: 10.22.4.97 read into input chan: 0xc0000783c0
IP: 10.22.4.98 read into input chan: 0xc0000783c0
ArpHosts worker: Processing IP: 10.22.3.243
ArpHosts worker: Processing IP: 10.22.3.244
ArpHosts worker: Processing IP: 10.22.3.245
IP: 10.22.3.245 read into input chan: 0xc0000781e0
IP: 10.22.4.99 read into input chan: 0xc0000783c0
ArpHosts worker: Processing IP: 10.22.3.246
ArpWatch worker: Processing IP: 10.22.4.99
IP: 10.22.3.246 read into input chan: 0xc0000781e0
IP: 10.22.3.247 read into input chan: 0xc0000781e0
IP: 10.22.3.248 read into input chan: 0xc0000781e0
ArpWatch worker: Processing IP: 10.22.4.98
ArpWatch worker: Processing IP: 10.22.4.100
IP: 10.22.3.249 read into input chan: 0xc0000781e0
IP: 10.22.4.100 read into input chan: 0xc0000783c0
IP: 10.22.4.101 read into input chan: 0xc0000783c0
ArpHosts worker: Processing IP: 10.22.3.247
ArpWatch worker: Processing IP: 10.22.4.101
IP: 10.22.3.250 read into input chan: 0xc0000781e0
ArpHosts worker: Processing IP: 10.22.3.248
ArpHosts worker: Processing IP: 10.22.3.249
ArpWatch worker: Processing IP: 10.22.4.102
IP: 10.22.4.102 read into input chan: 0xc0000783c0
IP: 10.22.4.103 read into input chan: 0xc0000783c0
IP: 10.22.4.104 read into input chan: 0xc0000783c0
ArpHosts worker: Processing IP: 10.22.3.250
ArpWatch worker: Processing IP: 10.22.4.104
ArpHosts worker: Processing IP: 10.22.3.251
ArpWatch worker: Processing IP: 10.22.4.103
ArpWatch worker: Processing IP: 10.22.4.105
IP: 10.22.3.251 read into input chan: 0xc0000781e0
IP: 10.22.4.105 read into input chan: 0xc0000783c0
IP: 10.22.4.106 read into input chan: 0xc0000783c0
ArpHosts worker: Processing IP: 10.22.3.252
IP: 10.22.3.252 read into input chan: 0xc0000781e0
IP: 10.22.3.253 read into input chan: 0xc0000781e0
IP: 10.22.3.254 read into input chan: 0xc0000781e0
IP: 10.22.4.107 read into input chan: 0xc0000783c0
IP: 10.22.3.255 read into input chan: 0xc0000781e0
ArpWatch worker: Processing IP: 10.22.4.107
ArpHosts worker: Processing IP: 10.22.3.253
ArpHosts worker: Processing IP: 10.22.3.254
ArpHosts worker: Processing IP: 10.22.3.255
ArpWatch worker: Processing IP: 10.22.4.106
ArpWatch worker: Processing IP: 10.22.4.108
ArpHosts worker: Processing IP: 10.22.4.0
IP: 10.22.4.108 read into input chan: 0xc0000783c0
IP: 10.22.4.109 read into input chan: 0xc0000783c0
IP: 10.22.4.110 read into input chan: 0xc0000783c0
IP: 10.22.4.0 read into input chan: 0xc0000781e0
IP: 10.22.4.1 read into input chan: 0xc0000781e0
IP: 10.22.4.2 read into input chan: 0xc0000781e0
ArpWatch worker: Processing IP: 10.22.4.109
IP: 10.22.4.111 read into input chan: 0xc0000783c0
ArpWatch worker: Processing IP: 10.22.4.110
ArpWatch worker: Processing IP: 10.22.4.112
ArpWatch worker: Processing IP: 10.22.4.111
IP: 10.22.4.112 read into input chan: 0xc0000783c0
IP: 10.22.4.113 read into input chan: 0xc0000783c0
ArpHosts worker: Processing IP: 10.22.4.1
ArpHosts worker: Processing IP: 10.22.4.2
ArpHosts worker: Processing IP: 10.22.4.3
ArpWatch worker: Processing IP: 10.22.4.113
IP: 10.22.4.3 read into input chan: 0xc0000781e0
ArpHosts worker: Processing IP: 10.22.4.4
ArpWatch worker: Processing IP: 10.22.4.114
IP: 10.22.4.4 read into input chan: 0xc0000781e0
IP: 10.22.4.5 read into input chan: 0xc0000781e0
IP: 10.22.4.6 read into input chan: 0xc0000781e0
IP: 10.22.4.114 read into input chan: 0xc0000783c0
IP: 10.22.4.115 read into input chan: 0xc0000783c0
IP: 10.22.4.116 read into input chan: 0xc0000783c0
ArpWatch worker: Processing IP: 10.22.4.116
ArpWatch worker: Processing IP: 10.22.4.117
IP: 10.22.4.7 read into input chan: 0xc0000781e0
ArpWatch worker: Processing IP: 10.22.4.115
IP: 10.22.4.117 read into input chan: 0xc0000783c0
IP: 10.22.4.118 read into input chan: 0xc0000783c0
ArpHosts worker: Processing IP: 10.22.4.5
ArpHosts worker: Processing IP: 10.22.4.6
ArpHosts worker: Processing IP: 10.22.4.7
ArpWatch worker: Processing IP: 10.22.4.118
ArpHosts worker: Processing IP: 10.22.4.8
ArpWatch worker: Processing IP: 10.22.4.119
IP: 10.22.4.8 read into input chan: 0xc0000781e0
IP: 10.22.4.9 read into input chan: 0xc0000781e0
IP: 10.22.4.10 read into input chan: 0xc0000781e0
IP: 10.22.4.119 read into input chan: 0xc0000783c0
IP: 10.22.4.120 read into input chan: 0xc0000783c0
IP: 10.22.4.121 read into input chan: 0xc0000783c0
IP: 10.22.4.11 read into input chan: 0xc0000781e0
ArpWatch worker: Processing IP: 10.22.4.121
IP: 10.22.4.122 read into input chan: 0xc0000783c0
IP: 10.22.4.123 read into input chan: 0xc0000783c0
ArpWatch worker: Processing IP: 10.22.4.120
ArpWatch worker: Processing IP: 10.22.4.123
ArpHosts worker: Processing IP: 10.22.4.9
ArpHosts worker: Processing IP: 10.22.4.10
ArpHosts worker: Processing IP: 10.22.4.11
ArpWatch worker: Processing IP: 10.22.4.122
ArpWatch worker: Processing IP: 10.22.4.124
IP: 10.22.4.124 read into input chan: 0xc0000783c0
ArpHosts worker: Processing IP: 10.22.4.12
ArpWatch worker: Processing IP: 10.22.4.125
IP: 10.22.4.12 read into input chan: 0xc0000781e0
IP: 10.22.4.13 read into input chan: 0xc0000781e0
ArpHosts worker: Processing IP: 10.22.4.13
ArpHosts worker: Processing IP: 10.22.4.14
IP: 10.22.4.125 read into input chan: 0xc0000783c0
IP: 10.22.4.126 read into input chan: 0xc0000783c0
IP: 10.22.4.127 read into input chan: 0xc0000783c0
IP: 10.22.4.14 read into input chan: 0xc0000781e0
IP: 10.22.4.15 read into input chan: 0xc0000781e0
ArpHosts worker: Processing IP: 10.22.4.15
ArpWatch worker: Processing IP: 10.22.4.127
ArpHosts worker: Processing IP: 10.22.4.16
ArpWatch worker: Processing IP: 10.22.4.126
ArpWatch worker: Processing IP: 10.22.4.128
IP: 10.22.4.16 read into input chan: 0xc0000781e0
IP: 10.22.4.17 read into input chan: 0xc0000781e0
IP: 10.22.4.18 read into input chan: 0xc0000781e0
IP: 10.22.4.128 read into input chan: 0xc0000783c0
IP: 10.22.4.129 read into input chan: 0xc0000783c0
IP: 10.22.4.130 read into input chan: 0xc0000783c0
IP: 10.22.4.19 read into input chan: 0xc0000781e0
ArpWatch worker: Processing IP: 10.22.4.130
ArpWatch worker: Processing IP: 10.22.4.131
ArpHosts worker: Processing IP: 10.22.4.17
IP: 10.22.4.131 read into input chan: 0xc0000783c0
ArpHosts worker: Processing IP: 10.22.4.18
ArpWatch worker: Processing IP: 10.22.4.132
ArpWatch worker: Processing IP: 10.22.4.129
IP: 10.22.4.132 read into input chan: 0xc0000783c0
IP: 10.22.4.133 read into input chan: 0xc0000783c0
IP: 10.22.4.20 read into input chan: 0xc0000781e0
IP: 10.22.4.21 read into input chan: 0xc0000781e0
ArpHosts worker: Processing IP: 10.22.4.19
ArpHosts worker: Processing IP: 10.22.4.20
ArpHosts worker: Processing IP: 10.22.4.21
IP: 10.22.4.134 read into input chan: 0xc0000783c0
ArpHosts worker: Processing IP: 10.22.4.22
ArpWatch worker: Processing IP: 10.22.4.134
ArpWatch worker: Processing IP: 10.22.4.135
IP: 10.22.4.135 read into input chan: 0xc0000783c0
IP: 10.22.4.22 read into input chan: 0xc0000781e0
IP: 10.22.4.23 read into input chan: 0xc0000781e0
IP: 10.22.4.136 read into input chan: 0xc0000783c0
IP: 10.22.4.137 read into input chan: 0xc0000783c0
IP: 10.22.4.138 read into input chan: 0xc0000783c0
ArpWatch worker: Processing IP: 10.22.4.133
IP: 10.22.4.24 read into input chan: 0xc0000781e0
ArpWatch worker: Processing IP: 10.22.4.136
ArpWatch worker: Processing IP: 10.22.4.138
IP: 10.22.4.25 read into input chan: 0xc0000781e0
ArpWatch worker: Processing IP: 10.22.4.137
ArpWatch worker: Processing IP: 10.22.4.139
ArpHosts worker: Processing IP: 10.22.4.23
ArpHosts worker: Processing IP: 10.22.4.24
IP: 10.22.4.139 read into input chan: 0xc0000783c0
IP: 10.22.4.140 read into input chan: 0xc0000783c0
ArpWatch worker: Processing IP: 10.22.4.140
IP: 10.22.4.141 read into input chan: 0xc0000783c0
ArpWatch worker: Processing IP: 10.22.4.141
ArpHosts worker: Processing IP: 10.22.4.25
ArpHosts worker: Processing IP: 10.22.4.26
ArpWatch worker: Processing IP: 10.22.4.142
IP: 10.22.4.26 read into input chan: 0xc0000781e0
IP: 10.22.4.27 read into input chan: 0xc0000781e0
IP: 10.22.4.142 read into input chan: 0xc0000783c0
IP: 10.22.4.143 read into input chan: 0xc0000783c0
IP: 10.22.4.144 read into input chan: 0xc0000783c0
ArpHosts worker: Processing IP: 10.22.4.27
ArpWatch worker: Processing IP: 10.22.4.144
ArpHosts worker: Processing IP: 10.22.4.28
ArpWatch worker: Processing IP: 10.22.4.143
ArpWatch worker: Processing IP: 10.22.4.145
IP: 10.22.4.28 read into input chan: 0xc0000781e0
IP: 10.22.4.29 read into input chan: 0xc0000781e0
IP: 10.22.4.145 read into input chan: 0xc0000783c0
IP: 10.22.4.146 read into input chan: 0xc0000783c0
ArpWatch worker: Processing IP: 10.22.4.146
IP: 10.22.4.30 read into input chan: 0xc0000781e0
IP: 10.22.4.31 read into input chan: 0xc0000781e0
ArpWatch worker: Processing IP: 10.22.4.147
ArpHosts worker: Processing IP: 10.22.4.29
ArpHosts worker: Processing IP: 10.22.4.30
IP: 10.22.4.147 read into input chan: 0xc0000783c0
IP: 10.22.4.148 read into input chan: 0xc0000783c0
IP: 10.22.4.149 read into input chan: 0xc0000783c0
IP: 10.22.4.32 read into input chan: 0xc0000781e0
ArpWatch worker: Processing IP: 10.22.4.149
IP: 10.22.4.33 read into input chan: 0xc0000781e0
ArpWatch worker: Processing IP: 10.22.4.148
ArpWatch worker: Processing IP: 10.22.4.150
ArpHosts worker: Processing IP: 10.22.4.31
ArpHosts worker: Processing IP: 10.22.4.32
ArpHosts worker: Processing IP: 10.22.4.33
IP: 10.22.4.150 read into input chan: 0xc0000783c0
IP: 10.22.4.151 read into input chan: 0xc0000783c0
IP: 10.22.4.152 read into input chan: 0xc0000783c0
ArpWatch worker: Processing IP: 10.22.4.152
IP: 10.22.4.153 read into input chan: 0xc0000783c0
ArpWatch worker: Processing IP: 10.22.4.153
IP: 10.22.4.34 read into input chan: 0xc0000781e0
IP: 10.22.4.35 read into input chan: 0xc0000781e0
ArpWatch worker: Processing IP: 10.22.4.151
ArpHosts worker: Processing IP: 10.22.4.34
ArpWatch worker: Processing IP: 10.22.4.154
IP: 10.22.4.154 read into input chan: 0xc0000783c0
IP: 10.22.4.36 read into input chan: 0xc0000781e0
ArpWatch worker: Processing IP: 10.22.4.155
IP: 10.22.4.37 read into input chan: 0xc0000781e0
IP: 10.22.4.155 read into input chan: 0xc0000783c0
IP: 10.22.4.156 read into input chan: 0xc0000783c0
IP: 10.22.4.157 read into input chan: 0xc0000783c0
ArpHosts worker: Processing IP: 10.22.4.35
ArpHosts worker: Processing IP: 10.22.4.36
ArpHosts worker: Processing IP: 10.22.4.37
ArpWatch worker: Processing IP: 10.22.4.157
ArpHosts worker: Processing IP: 10.22.4.38
ArpWatch worker: Processing IP: 10.22.4.156
ArpWatch worker: Processing IP: 10.22.4.158
IP: 10.22.4.38 read into input chan: 0xc0000781e0
IP: 10.22.4.39 read into input chan: 0xc0000781e0
IP: 10.22.4.40 read into input chan: 0xc0000781e0
IP: 10.22.4.158 read into input chan: 0xc0000783c0
IP: 10.22.4.159 read into input chan: 0xc0000783c0
IP: 10.22.4.160 read into input chan: 0xc0000783c0
IP: 10.22.4.41 read into input chan: 0xc0000781e0
ArpWatch worker: Processing IP: 10.22.4.160
ArpHosts worker: Processing IP: 10.22.4.39
ArpHosts worker: Processing IP: 10.22.4.40
ArpHosts worker: Processing IP: 10.22.4.41
ArpWatch worker: Processing IP: 10.22.4.159
ArpWatch worker: Processing IP: 10.22.4.161
ArpHosts worker: Processing IP: 10.22.4.42
IP: 10.22.4.161 read into input chan: 0xc0000783c0
IP: 10.22.4.162 read into input chan: 0xc0000783c0
IP: 10.22.4.163 read into input chan: 0xc0000783c0
IP: 10.22.4.42 read into input chan: 0xc0000781e0
IP: 10.22.4.43 read into input chan: 0xc0000781e0
IP: 10.22.4.44 read into input chan: 0xc0000781e0
ArpWatch worker: Processing IP: 10.22.4.163
ArpWatch worker: Processing IP: 10.22.4.162
IP: 10.22.4.45 read into input chan: 0xc0000781e0
ArpHosts worker: Processing IP: 10.22.4.43
ArpHosts worker: Processing IP: 10.22.4.44
IP: 10.22.4.164 read into input chan: 0xc0000783c0
IP: 10.22.4.165 read into input chan: 0xc0000783c0
IP: 10.22.4.46 read into input chan: 0xc0000781e0
IP: 10.22.4.47 read into input chan: 0xc0000781e0
ArpWatch worker: Processing IP: 10.22.4.164
ArpWatch worker: Processing IP: 10.22.4.166
ArpWatch worker: Processing IP: 10.22.4.165
ArpHosts worker: Processing IP: 10.22.4.45
ArpHosts worker: Processing IP: 10.22.4.46
IP: 10.22.4.48 read into input chan: 0xc0000781e0
IP: 10.22.4.166 read into input chan: 0xc0000783c0
IP: 10.22.4.167 read into input chan: 0xc0000783c0
ArpWatch worker: Processing IP: 10.22.4.167
IP: 10.22.4.49 read into input chan: 0xc0000781e0
ArpWatch worker: Processing IP: 10.22.4.168
ArpHosts worker: Processing IP: 10.22.4.47
ArpHosts worker: Processing IP: 10.22.4.48
ArpHosts worker: Processing IP: 10.22.4.49
IP: 10.22.4.168 read into input chan: 0xc0000783c0
IP: 10.22.4.169 read into input chan: 0xc0000783c0
IP: 10.22.4.170 read into input chan: 0xc0000783c0
ArpHosts worker: Processing IP: 10.22.4.50
IP: 10.22.4.50 read into input chan: 0xc0000781e0
ArpWatch worker: Processing IP: 10.22.4.170
IP: 10.22.4.171 read into input chan: 0xc0000783c0
ArpWatch worker: Processing IP: 10.22.4.171
ArpWatch worker: Processing IP: 10.22.4.169
IP: 10.22.4.172 read into input chan: 0xc0000783c0
ArpHosts worker: Processing IP: 10.22.4.51
IP: 10.22.4.51 read into input chan: 0xc0000781e0
IP: 10.22.4.52 read into input chan: 0xc0000781e0
IP: 10.22.4.53 read into input chan: 0xc0000781e0
ArpWatch worker: Processing IP: 10.22.4.172
IP: 10.22.4.54 read into input chan: 0xc0000781e0
ArpWatch worker: Processing IP: 10.22.4.173
ArpHosts worker: Processing IP: 10.22.4.52
ArpHosts worker: Processing IP: 10.22.4.53
ArpHosts worker: Processing IP: 10.22.4.54
IP: 10.22.4.173 read into input chan: 0xc0000783c0
IP: 10.22.4.174 read into input chan: 0xc0000783c0
IP: 10.22.4.175 read into input chan: 0xc0000783c0
ArpHosts worker: Processing IP: 10.22.4.55
ArpWatch worker: Processing IP: 10.22.4.175
IP: 10.22.4.55 read into input chan: 0xc0000781e0
IP: 10.22.4.56 read into input chan: 0xc0000781e0
IP: 10.22.4.57 read into input chan: 0xc0000781e0
IP: 10.22.4.176 read into input chan: 0xc0000783c0
IP: 10.22.4.177 read into input chan: 0xc0000783c0
ArpWatch worker: Processing IP: 10.22.4.176
IP: 10.22.4.58 read into input chan: 0xc0000781e0
ArpHosts worker: Processing IP: 10.22.4.56
ArpHosts worker: Processing IP: 10.22.4.57
ArpHosts worker: Processing IP: 10.22.4.58
ArpWatch worker: Processing IP: 10.22.4.174
IP: 10.22.4.178 read into input chan: 0xc0000783c0
ArpHosts worker: Processing IP: 10.22.4.59
ArpWatch worker: Processing IP: 10.22.4.178
IP: 10.22.4.59 read into input chan: 0xc0000781e0
IP: 10.22.4.60 read into input chan: 0xc0000781e0
IP: 10.22.4.61 read into input chan: 0xc0000781e0
ArpWatch worker: Processing IP: 10.22.4.177
ArpWatch worker: Processing IP: 10.22.4.179
IP: 10.22.4.62 read into input chan: 0xc0000781e0
ArpHosts worker: Processing IP: 10.22.4.60
IP: 10.22.4.179 read into input chan: 0xc0000783c0
IP: 10.22.4.180 read into input chan: 0xc0000783c0
IP: 10.22.4.63 read into input chan: 0xc0000781e0
ArpHosts worker: Processing IP: 10.22.4.61
ArpWatch worker: Processing IP: 10.22.4.181
ArpHosts worker: Processing IP: 10.22.4.62
ArpHosts worker: Processing IP: 10.22.4.63
ArpWatch worker: Processing IP: 10.22.4.180
IP: 10.22.4.181 read into input chan: 0xc0000783c0
IP: 10.22.4.182 read into input chan: 0xc0000783c0
IP: 10.22.4.183 read into input chan: 0xc0000783c0
IP: 10.22.4.64 read into input chan: 0xc0000781e0
ArpHosts worker: Processing IP: 10.22.4.64
ArpWatch worker: Processing IP: 10.22.4.183
ArpHosts worker: Processing IP: 10.22.4.65
ArpWatch worker: Processing IP: 10.22.4.182
ArpWatch worker: Processing IP: 10.22.4.184
IP: 10.22.4.65 read into input chan: 0xc0000781e0
IP: 10.22.4.184 read into input chan: 0xc0000783c0
IP: 10.22.4.185 read into input chan: 0xc0000783c0
ArpHosts worker: Processing IP: 10.22.4.66
ArpWatch worker: Processing IP: 10.22.4.185
IP: 10.22.4.186 read into input chan: 0xc0000783c0
IP: 10.22.4.187 read into input chan: 0xc0000783c0
IP: 10.22.4.66 read into input chan: 0xc0000781e0
IP: 10.22.4.188 read into input chan: 0xc0000783c0
IP: 10.22.4.189 read into input chan: 0xc0000783c0
ArpWatch worker: Processing IP: 10.22.4.187
ArpWatch worker: Processing IP: 10.22.4.188
ArpHosts worker: Processing IP: 10.22.4.67
IP: 10.22.4.67 read into input chan: 0xc0000781e0
IP: 10.22.4.68 read into input chan: 0xc0000781e0
IP: 10.22.4.69 read into input chan: 0xc0000781e0
ArpWatch worker: Processing IP: 10.22.4.186
ArpWatch worker: Processing IP: 10.22.4.189
IP: 10.22.4.70 read into input chan: 0xc0000781e0
ArpWatch worker: Processing IP: 10.22.4.190
ArpHosts worker: Processing IP: 10.22.4.68
ArpHosts worker: Processing IP: 10.22.4.69
ArpHosts worker: Processing IP: 10.22.4.70
IP: 10.22.4.190 read into input chan: 0xc0000783c0
IP: 10.22.4.191 read into input chan: 0xc0000783c0
IP: 10.22.4.192 read into input chan: 0xc0000783c0
ArpHosts worker: Processing IP: 10.22.4.71
ArpWatch worker: Processing IP: 10.22.4.192
IP: 10.22.4.71 read into input chan: 0xc0000781e0
IP: 10.22.4.72 read into input chan: 0xc0000781e0
IP: 10.22.4.73 read into input chan: 0xc0000781e0
ArpWatch worker: Processing IP: 10.22.4.191
ArpWatch worker: Processing IP: 10.22.4.193
IP: 10.22.4.74 read into input chan: 0xc0000781e0
ArpHosts worker: Processing IP: 10.22.4.72
ArpHosts worker: Processing IP: 10.22.4.73
ArpHosts worker: Processing IP: 10.22.4.74
IP: 10.22.4.193 read into input chan: 0xc0000783c0
IP: 10.22.4.194 read into input chan: 0xc0000783c0
IP: 10.22.4.195 read into input chan: 0xc0000783c0
ArpHosts worker: Processing IP: 10.22.4.75
ArpWatch worker: Processing IP: 10.22.4.195
IP: 10.22.4.75 read into input chan: 0xc0000781e0
IP: 10.22.4.76 read into input chan: 0xc0000781e0
IP: 10.22.4.77 read into input chan: 0xc0000781e0
ArpWatch worker: Processing IP: 10.22.4.194
ArpWatch worker: Processing IP: 10.22.4.196
IP: 10.22.4.78 read into input chan: 0xc0000781e0
IP: 10.22.4.196 read into input chan: 0xc0000783c0
IP: 10.22.4.197 read into input chan: 0xc0000783c0
IP: 10.22.4.198 read into input chan: 0xc0000783c0
ArpWatch worker: Processing IP: 10.22.4.198
ArpWatch worker: Processing IP: 10.22.4.197
IP: 10.22.4.199 read into input chan: 0xc0000783c0
IP: 10.22.4.200 read into input chan: 0xc0000783c0
ArpHosts worker: Processing IP: 10.22.4.76
ArpHosts worker: Processing IP: 10.22.4.77
ArpHosts worker: Processing IP: 10.22.4.78
ArpWatch worker: Processing IP: 10.22.4.199
IP: 10.22.4.201 read into input chan: 0xc0000783c0
ArpHosts worker: Processing IP: 10.22.4.79
ArpWatch worker: Processing IP: 10.22.4.201
IP: 10.22.4.79 read into input chan: 0xc0000781e0
IP: 10.22.4.80 read into input chan: 0xc0000781e0
IP: 10.22.4.81 read into input chan: 0xc0000781e0
ArpWatch worker: Processing IP: 10.22.4.200
ArpWatch worker: Processing IP: 10.22.4.202
IP: 10.22.4.202 read into input chan: 0xc0000783c0
IP: 10.22.4.203 read into input chan: 0xc0000783c0
ArpHosts worker: Processing IP: 10.22.4.80
ArpHosts worker: Processing IP: 10.22.4.81
ArpHosts worker: Processing IP: 10.22.4.82
IP: 10.22.4.82 read into input chan: 0xc0000781e0
IP: 10.22.4.204 read into input chan: 0xc0000783c0
ArpHosts worker: Processing IP: 10.22.4.83
ArpWatch worker: Processing IP: 10.22.4.204
IP: 10.22.4.83 read into input chan: 0xc0000781e0
IP: 10.22.4.84 read into input chan: 0xc0000781e0
IP: 10.22.4.85 read into input chan: 0xc0000781e0
ArpWatch worker: Processing IP: 10.22.4.203
ArpWatch worker: Processing IP: 10.22.4.205
IP: 10.22.4.205 read into input chan: 0xc0000783c0
IP: 10.22.4.206 read into input chan: 0xc0000783c0
ArpHosts worker: Processing IP: 10.22.4.84
ArpHosts worker: Processing IP: 10.22.4.85
ArpHosts worker: Processing IP: 10.22.4.86
IP: 10.22.4.86 read into input chan: 0xc0000781e0
ArpHosts worker: Processing IP: 10.22.4.87
IP: 10.22.4.207 read into input chan: 0xc0000783c0
IP: 10.22.4.208 read into input chan: 0xc0000783c0
IP: 10.22.4.209 read into input chan: 0xc0000783c0
ArpWatch worker: Processing IP: 10.22.4.207
ArpWatch worker: Processing IP: 10.22.4.208
ArpWatch worker: Processing IP: 10.22.4.206
IP: 10.22.4.87 read into input chan: 0xc0000781e0
IP: 10.22.4.88 read into input chan: 0xc0000781e0
IP: 10.22.4.89 read into input chan: 0xc0000781e0
ArpWatch worker: Processing IP: 10.22.4.209
IP: 10.22.4.90 read into input chan: 0xc0000781e0
ArpWatch worker: Processing IP: 10.22.4.210
ArpHosts worker: Processing IP: 10.22.4.88
ArpHosts worker: Processing IP: 10.22.4.89
ArpHosts worker: Processing IP: 10.22.4.90
IP: 10.22.4.210 read into input chan: 0xc0000783c0
IP: 10.22.4.211 read into input chan: 0xc0000783c0
ArpHosts worker: Processing IP: 10.22.4.91
IP: 10.22.4.91 read into input chan: 0xc0000781e0
IP: 10.22.4.92 read into input chan: 0xc0000781e0
ArpWatch worker: Processing IP: 10.22.4.212
ArpWatch worker: Processing IP: 10.22.4.211
IP: 10.22.4.212 read into input chan: 0xc0000783c0
IP: 10.22.4.213 read into input chan: 0xc0000783c0
IP: 10.22.4.214 read into input chan: 0xc0000783c0
IP: 10.22.4.93 read into input chan: 0xc0000781e0
ArpWatch worker: Processing IP: 10.22.4.214
IP: 10.22.4.94 read into input chan: 0xc0000781e0
ArpWatch worker: Processing IP: 10.22.4.213
ArpWatch worker: Processing IP: 10.22.4.215
ArpHosts worker: Processing IP: 10.22.4.92
ArpHosts worker: Processing IP: 10.22.4.93
IP: 10.22.4.215 read into input chan: 0xc0000783c0
IP: 10.22.4.216 read into input chan: 0xc0000783c0
ArpWatch worker: Processing IP: 10.22.4.216
ArpWatch worker: Processing IP: 10.22.4.217
IP: 10.22.4.217 read into input chan: 0xc0000783c0
IP: 10.22.4.218 read into input chan: 0xc0000783c0
IP: 10.22.4.95 read into input chan: 0xc0000781e0
IP: 10.22.4.96 read into input chan: 0xc0000781e0
ArpHosts worker: Processing IP: 10.22.4.94
ArpHosts worker: Processing IP: 10.22.4.95
ArpHosts worker: Processing IP: 10.22.4.96
IP: 10.22.4.219 read into input chan: 0xc0000783c0
ArpHosts worker: Processing IP: 10.22.4.97
ArpWatch worker: Processing IP: 10.22.4.219
IP: 10.22.4.97 read into input chan: 0xc0000781e0
IP: 10.22.4.98 read into input chan: 0xc0000781e0
IP: 10.22.4.99 read into input chan: 0xc0000781e0
IP: 10.22.4.100 read into input chan: 0xc0000781e0
ArpWatch worker: Processing IP: 10.22.4.220
ArpWatch worker: Processing IP: 10.22.4.218
IP: 10.22.4.220 read into input chan: 0xc0000783c0
IP: 10.22.4.221 read into input chan: 0xc0000783c0
IP: 10.22.4.222 read into input chan: 0xc0000783c0
ArpHosts worker: Processing IP: 10.22.4.98
ArpHosts worker: Processing IP: 10.22.4.99
ArpHosts worker: Processing IP: 10.22.4.100
ArpWatch worker: Processing IP: 10.22.4.222
ArpHosts worker: Processing IP: 10.22.4.101
ArpWatch worker: Processing IP: 10.22.4.221
ArpWatch worker: Processing IP: 10.22.4.223
IP: 10.22.4.223 read into input chan: 0xc0000783c0
IP: 10.22.4.224 read into input chan: 0xc0000783c0
IP: 10.22.4.101 read into input chan: 0xc0000781e0
ArpWatch worker: Processing IP: 10.22.4.225
ArpWatch worker: Processing IP: 10.22.4.224
IP: 10.22.4.225 read into input chan: 0xc0000783c0
IP: 10.22.4.226 read into input chan: 0xc0000783c0
ArpHosts worker: Processing IP: 10.22.4.102
IP: 10.22.4.102 read into input chan: 0xc0000781e0
IP: 10.22.4.103 read into input chan: 0xc0000781e0
IP: 10.22.4.104 read into input chan: 0xc0000781e0
IP: 10.22.4.227 read into input chan: 0xc0000783c0
IP: 10.22.4.105 read into input chan: 0xc0000781e0
ArpWatch worker: Processing IP: 10.22.4.227
ArpHosts worker: Processing IP: 10.22.4.103
ArpHosts worker: Processing IP: 10.22.4.104
ArpHosts worker: Processing IP: 10.22.4.105
ArpWatch worker: Processing IP: 10.22.4.226
ArpWatch worker: Processing IP: 10.22.4.228
ArpHosts worker: Processing IP: 10.22.4.106
IP: 10.22.4.228 read into input chan: 0xc0000783c0
IP: 10.22.4.229 read into input chan: 0xc0000783c0
IP: 10.22.4.106 read into input chan: 0xc0000781e0
IP: 10.22.4.107 read into input chan: 0xc0000781e0
ArpWatch worker: Processing IP: 10.22.4.230
ArpWatch worker: Processing IP: 10.22.4.229
IP: 10.22.4.230 read into input chan: 0xc0000783c0
IP: 10.22.4.231 read into input chan: 0xc0000783c0
IP: 10.22.4.232 read into input chan: 0xc0000783c0
IP: 10.22.4.108 read into input chan: 0xc0000781e0
ArpWatch worker: Processing IP: 10.22.4.232
IP: 10.22.4.109 read into input chan: 0xc0000781e0
ArpWatch worker: Processing IP: 10.22.4.231
ArpWatch worker: Processing IP: 10.22.4.233
ArpHosts worker: Processing IP: 10.22.4.107
ArpHosts worker: Processing IP: 10.22.4.108
ArpHosts worker: Processing IP: 10.22.4.109
IP: 10.22.4.233 read into input chan: 0xc0000783c0
IP: 10.22.4.234 read into input chan: 0xc0000783c0
IP: 10.22.4.235 read into input chan: 0xc0000783c0
ArpHosts worker: Processing IP: 10.22.4.110
ArpWatch worker: Processing IP: 10.22.4.235
IP: 10.22.4.236 read into input chan: 0xc0000783c0
ArpWatch worker: Processing IP: 10.22.4.234
ArpWatch worker: Processing IP: 10.22.4.237
IP: 10.22.4.237 read into input chan: 0xc0000783c0
IP: 10.22.4.238 read into input chan: 0xc0000783c0
ArpWatch worker: Processing IP: 10.22.4.236
ArpWatch worker: Processing IP: 10.22.4.238
IP: 10.22.4.110 read into input chan: 0xc0000781e0
IP: 10.22.4.111 read into input chan: 0xc0000781e0
IP: 10.22.4.112 read into input chan: 0xc0000781e0
ArpWatch worker: Processing IP: 10.22.4.239
IP: 10.22.4.113 read into input chan: 0xc0000781e0
IP: 10.22.4.239 read into input chan: 0xc0000783c0
IP: 10.22.4.240 read into input chan: 0xc0000783c0
IP: 10.22.4.241 read into input chan: 0xc0000783c0
ArpHosts worker: Processing IP: 10.22.4.111
ArpHosts worker: Processing IP: 10.22.4.112
ArpHosts worker: Processing IP: 10.22.4.113
ArpWatch worker: Processing IP: 10.22.4.241
ArpHosts worker: Processing IP: 10.22.4.114
ArpWatch worker: Processing IP: 10.22.4.240
IP: 10.22.4.242 read into input chan: 0xc0000783c0
IP: 10.22.4.243 read into input chan: 0xc0000783c0
ArpWatch worker: Processing IP: 10.22.4.242
IP: 10.22.4.114 read into input chan: 0xc0000781e0
IP: 10.22.4.115 read into input chan: 0xc0000781e0
IP: 10.22.4.116 read into input chan: 0xc0000781e0
IP: 10.22.4.244 read into input chan: 0xc0000783c0
IP: 10.22.4.117 read into input chan: 0xc0000781e0
ArpWatch worker: Processing IP: 10.22.4.244
ArpHosts worker: Processing IP: 10.22.4.115
ArpHosts worker: Processing IP: 10.22.4.116
ArpHosts worker: Processing IP: 10.22.4.117
ArpWatch worker: Processing IP: 10.22.4.243
ArpWatch worker: Processing IP: 10.22.4.245
ArpHosts worker: Processing IP: 10.22.4.118
IP: 10.22.4.245 read into input chan: 0xc0000783c0
IP: 10.22.4.246 read into input chan: 0xc0000783c0
IP: 10.22.4.247 read into input chan: 0xc0000783c0
IP: 10.22.4.118 read into input chan: 0xc0000781e0
IP: 10.22.4.119 read into input chan: 0xc0000781e0
IP: 10.22.4.120 read into input chan: 0xc0000781e0
ArpWatch worker: Processing IP: 10.22.4.246
ArpWatch worker: Processing IP: 10.22.4.248
IP: 10.22.4.121 read into input chan: 0xc0000781e0
ArpHosts worker: Processing IP: 10.22.4.119
ArpHosts worker: Processing IP: 10.22.4.120
ArpHosts worker: Processing IP: 10.22.4.121
ArpWatch worker: Processing IP: 10.22.4.247
IP: 10.22.4.248 read into input chan: 0xc0000783c0
IP: 10.22.4.249 read into input chan: 0xc0000783c0
IP: 10.22.4.250 read into input chan: 0xc0000783c0
ArpHosts worker: Processing IP: 10.22.4.122
ArpWatch worker: Processing IP: 10.22.4.250
IP: 10.22.4.122 read into input chan: 0xc0000781e0
IP: 10.22.4.123 read into input chan: 0xc0000781e0
IP: 10.22.4.124 read into input chan: 0xc0000781e0
ArpWatch worker: Processing IP: 10.22.4.251
IP: 10.22.4.251 read into input chan: 0xc0000783c0
IP: 10.22.4.252 read into input chan: 0xc0000783c0
ArpWatch worker: Processing IP: 10.22.4.249
IP: 10.22.4.253 read into input chan: 0xc0000783c0
IP: 10.22.4.254 read into input chan: 0xc0000783c0
ArpWatch worker: Processing IP: 10.22.4.252
ArpWatch worker: Processing IP: 10.22.4.253
IP: 10.22.4.125 read into input chan: 0xc0000781e0
ArpHosts worker: Processing IP: 10.22.4.123
ArpHosts worker: Processing IP: 10.22.4.124
ArpHosts worker: Processing IP: 10.22.4.125
IP: 10.22.4.255 read into input chan: 0xc0000783c0
ArpHosts worker: Processing IP: 10.22.4.126
ArpWatch worker: Processing IP: 10.22.4.255
IP: 10.22.4.126 read into input chan: 0xc0000781e0
IP: 10.22.4.127 read into input chan: 0xc0000781e0
IP: 10.22.4.128 read into input chan: 0xc0000781e0
ArpWatch worker: Processing IP: 10.22.4.254
ArpWatch worker: Processing IP: 10.22.5.0
IP: 10.22.4.129 read into input chan: 0xc0000781e0
IP: 10.22.5.0 read into input chan: 0xc0000783c0
IP: 10.22.5.1 read into input chan: 0xc0000783c0
IP: 10.22.5.2 read into input chan: 0xc0000783c0
ArpHosts worker: Processing IP: 10.22.4.127
ArpHosts worker: Processing IP: 10.22.4.128
ArpWatch worker: Processing IP: 10.22.5.2
ArpWatch worker: Processing IP: 10.22.5.3
ArpWatch worker: Processing IP: 10.22.5.1
ArpHosts worker: Processing IP: 10.22.4.129
ArpHosts worker: Processing IP: 10.22.4.130
IP: 10.22.5.3 read into input chan: 0xc0000783c0
IP: 10.22.5.4 read into input chan: 0xc0000783c0
ArpWatch worker: Processing IP: 10.22.5.4
IP: 10.22.4.130 read into input chan: 0xc0000781e0
IP: 10.22.4.131 read into input chan: 0xc0000781e0
IP: 10.22.4.132 read into input chan: 0xc0000781e0
ArpWatch worker: Processing IP: 10.22.5.5
IP: 10.22.4.133 read into input chan: 0xc0000781e0
IP: 10.22.5.5 read into input chan: 0xc0000783c0
IP: 10.22.5.6 read into input chan: 0xc0000783c0
IP: 10.22.5.7 read into input chan: 0xc0000783c0
ArpHosts worker: Processing IP: 10.22.4.131
ArpHosts worker: Processing IP: 10.22.4.132
ArpHosts worker: Processing IP: 10.22.4.133
ArpWatch worker: Processing IP: 10.22.5.7
ArpWatch worker: Processing IP: 10.22.5.8
ArpHosts worker: Processing IP: 10.22.4.134
ArpWatch worker: Processing IP: 10.22.5.6
IP: 10.22.5.8 read into input chan: 0xc0000783c0
IP: 10.22.5.9 read into input chan: 0xc0000783c0
IP: 10.22.5.10 read into input chan: 0xc0000783c0
IP: 10.22.4.134 read into input chan: 0xc0000781e0
IP: 10.22.4.135 read into input chan: 0xc0000781e0
IP: 10.22.4.136 read into input chan: 0xc0000781e0
ArpWatch worker: Processing IP: 10.22.5.10
IP: 10.22.4.137 read into input chan: 0xc0000781e0
ArpWatch worker: Processing IP: 10.22.5.9
ArpWatch worker: Processing IP: 10.22.5.11
ArpHosts worker: Processing IP: 10.22.4.135
ArpHosts worker: Processing IP: 10.22.4.136
ArpHosts worker: Processing IP: 10.22.4.137
IP: 10.22.5.11 read into input chan: 0xc0000783c0
IP: 10.22.5.12 read into input chan: 0xc0000783c0
IP: 10.22.4.138 read into input chan: 0xc0000781e0
IP: 10.22.4.139 read into input chan: 0xc0000781e0
IP: 10.22.4.140 read into input chan: 0xc0000781e0
ArpHosts worker: Processing IP: 10.22.4.138
IP: 10.22.5.13 read into input chan: 0xc0000783c0
IP: 10.22.4.141 read into input chan: 0xc0000781e0
ArpWatch worker: Processing IP: 10.22.5.13
ArpWatch worker: Processing IP: 10.22.5.14
ArpWatch worker: Processing IP: 10.22.5.12
IP: 10.22.5.14 read into input chan: 0xc0000783c0
IP: 10.22.5.15 read into input chan: 0xc0000783c0
ArpHosts worker: Processing IP: 10.22.4.139
ArpHosts worker: Processing IP: 10.22.4.140
ArpHosts worker: Processing IP: 10.22.4.141
ArpWatch worker: Processing IP: 10.22.5.15
ArpHosts worker: Processing IP: 10.22.4.142
ArpWatch worker: Processing IP: 10.22.5.16
IP: 10.22.4.142 read into input chan: 0xc0000781e0
IP: 10.22.4.143 read into input chan: 0xc0000781e0
IP: 10.22.4.144 read into input chan: 0xc0000781e0
IP: 10.22.5.16 read into input chan: 0xc0000783c0
IP: 10.22.5.17 read into input chan: 0xc0000783c0
IP: 10.22.5.18 read into input chan: 0xc0000783c0
ArpWatch worker: Processing IP: 10.22.5.18
IP: 10.22.4.145 read into input chan: 0xc0000781e0
ArpHosts worker: Processing IP: 10.22.4.143
ArpHosts worker: Processing IP: 10.22.4.144
IP: 10.22.5.19 read into input chan: 0xc0000783c0
IP: 10.22.5.20 read into input chan: 0xc0000783c0
IP: 10.22.5.21 read into input chan: 0xc0000783c0
ArpWatch worker: Processing IP: 10.22.5.17
ArpHosts worker: Processing IP: 10.22.4.145
ArpWatch worker: Processing IP: 10.22.5.19
ArpWatch worker: Processing IP: 10.22.5.21
ArpHosts worker: Processing IP: 10.22.4.146
ArpWatch worker: Processing IP: 10.22.5.20
ArpWatch worker: Processing IP: 10.22.5.22
IP: 10.22.4.146 read into input chan: 0xc0000781e0
IP: 10.22.4.147 read into input chan: 0xc0000781e0
IP: 10.22.4.148 read into input chan: 0xc0000781e0
IP: 10.22.5.22 read into input chan: 0xc0000783c0
IP: 10.22.5.23 read into input chan: 0xc0000783c0
IP: 10.22.5.24 read into input chan: 0xc0000783c0
IP: 10.22.4.149 read into input chan: 0xc0000781e0
ArpWatch worker: Processing IP: 10.22.5.24
ArpHosts worker: Processing IP: 10.22.4.147
ArpHosts worker: Processing IP: 10.22.4.148
ArpHosts worker: Processing IP: 10.22.4.149
ArpWatch worker: Processing IP: 10.22.5.23
ArpWatch worker: Processing IP: 10.22.5.25
ArpHosts worker: Processing IP: 10.22.4.150
IP: 10.22.5.25 read into input chan: 0xc0000783c0
IP: 10.22.5.26 read into input chan: 0xc0000783c0
IP: 10.22.5.27 read into input chan: 0xc0000783c0
IP: 10.22.4.150 read into input chan: 0xc0000781e0
IP: 10.22.4.151 read into input chan: 0xc0000781e0
IP: 10.22.4.152 read into input chan: 0xc0000781e0
ArpWatch worker: Processing IP: 10.22.5.27
IP: 10.22.4.153 read into input chan: 0xc0000781e0
ArpWatch worker: Processing IP: 10.22.5.26
IP: 10.22.5.28 read into input chan: 0xc0000783c0
IP: 10.22.5.29 read into input chan: 0xc0000783c0
ArpWatch worker: Processing IP: 10.22.5.28
ArpHosts worker: Processing IP: 10.22.4.151
ArpHosts worker: Processing IP: 10.22.4.152
IP: 10.22.5.30 read into input chan: 0xc0000783c0
IP: 10.22.5.31 read into input chan: 0xc0000783c0
ArpHosts worker: Processing IP: 10.22.4.153
ArpHosts worker: Processing IP: 10.22.4.154
IP: 10.22.4.154 read into input chan: 0xc0000781e0
IP: 10.22.4.155 read into input chan: 0xc0000781e0
ArpWatch worker: Processing IP: 10.22.5.30
ArpWatch worker: Processing IP: 10.22.5.29
ArpHosts worker: Processing IP: 10.22.4.155
ArpHosts worker: Processing IP: 10.22.4.156
ArpWatch worker: Processing IP: 10.22.5.32
IP: 10.22.5.32 read into input chan: 0xc0000783c0
IP: 10.22.5.33 read into input chan: 0xc0000783c0
ArpWatch worker: Processing IP: 10.22.5.31
IP: 10.22.5.34 read into input chan: 0xc0000783c0
IP: 10.22.5.35 read into input chan: 0xc0000783c0
ArpWatch worker: Processing IP: 10.22.5.34
ArpWatch worker: Processing IP: 10.22.5.33
IP: 10.22.4.156 read into input chan: 0xc0000781e0
IP: 10.22.4.157 read into input chan: 0xc0000781e0
IP: 10.22.4.158 read into input chan: 0xc0000781e0
IP: 10.22.5.36 read into input chan: 0xc0000783c0
IP: 10.22.4.159 read into input chan: 0xc0000781e0
ArpWatch worker: Processing IP: 10.22.5.36
ArpHosts worker: Processing IP: 10.22.4.157
ArpHosts worker: Processing IP: 10.22.4.158
ArpHosts worker: Processing IP: 10.22.4.159
ArpWatch worker: Processing IP: 10.22.5.35
ArpWatch worker: Processing IP: 10.22.5.37
ArpHosts worker: Processing IP: 10.22.4.160
IP: 10.22.5.37 read into input chan: 0xc0000783c0
IP: 10.22.5.38 read into input chan: 0xc0000783c0
IP: 10.22.5.39 read into input chan: 0xc0000783c0
ArpWatch worker: Processing IP: 10.22.5.39
IP: 10.22.5.40 read into input chan: 0xc0000783c0
ArpWatch worker: Processing IP: 10.22.5.40
ArpWatch worker: Processing IP: 10.22.5.38
IP: 10.22.5.41 read into input chan: 0xc0000783c0
IP: 10.22.5.42 read into input chan: 0xc0000783c0
IP: 10.22.4.160 read into input chan: 0xc0000781e0
IP: 10.22.4.161 read into input chan: 0xc0000781e0
IP: 10.22.4.162 read into input chan: 0xc0000781e0
ArpWatch worker: Processing IP: 10.22.5.41
IP: 10.22.5.43 read into input chan: 0xc0000783c0
IP: 10.22.4.163 read into input chan: 0xc0000781e0
ArpWatch worker: Processing IP: 10.22.5.43
ArpHosts worker: Processing IP: 10.22.4.161
ArpHosts worker: Processing IP: 10.22.4.162
ArpHosts worker: Processing IP: 10.22.4.163
ArpWatch worker: Processing IP: 10.22.5.42
ArpWatch worker: Processing IP: 10.22.5.44
ArpHosts worker: Processing IP: 10.22.4.164
IP: 10.22.5.44 read into input chan: 0xc0000783c0
IP: 10.22.4.164 read into input chan: 0xc0000781e0
IP: 10.22.4.165 read into input chan: 0xc0000781e0
ArpWatch worker: Processing IP: 10.22.5.45
IP: 10.22.4.166 read into input chan: 0xc0000781e0
ArpHosts worker: Processing IP: 10.22.4.165
ArpHosts worker: Processing IP: 10.22.4.166
IP: 10.22.5.45 read into input chan: 0xc0000783c0
IP: 10.22.5.46 read into input chan: 0xc0000783c0
IP: 10.22.5.47 read into input chan: 0xc0000783c0
IP: 10.22.4.167 read into input chan: 0xc0000781e0
ArpHosts worker: Processing IP: 10.22.4.167
ArpWatch worker: Processing IP: 10.22.5.47
ArpHosts worker: Processing IP: 10.22.4.168
ArpWatch worker: Processing IP: 10.22.5.46
ArpWatch worker: Processing IP: 10.22.5.48
IP: 10.22.4.168 read into input chan: 0xc0000781e0
IP: 10.22.4.169 read into input chan: 0xc0000781e0
IP: 10.22.4.170 read into input chan: 0xc0000781e0
IP: 10.22.5.48 read into input chan: 0xc0000783c0
IP: 10.22.5.49 read into input chan: 0xc0000783c0
IP: 10.22.5.50 read into input chan: 0xc0000783c0
IP: 10.22.4.171 read into input chan: 0xc0000781e0
ArpWatch worker: Processing IP: 10.22.5.50
ArpWatch worker: Processing IP: 10.22.5.51
IP: 10.22.5.51 read into input chan: 0xc0000783c0
IP: 10.22.5.52 read into input chan: 0xc0000783c0
ArpWatch worker: Processing IP: 10.22.5.49
ArpHosts worker: Processing IP: 10.22.4.169
ArpHosts worker: Processing IP: 10.22.4.170
ArpHosts worker: Processing IP: 10.22.4.171
IP: 10.22.5.53 read into input chan: 0xc0000783c0
ArpHosts worker: Processing IP: 10.22.4.172
ArpWatch worker: Processing IP: 10.22.5.53
IP: 10.22.4.172 read into input chan: 0xc0000781e0
IP: 10.22.4.173 read into input chan: 0xc0000781e0
IP: 10.22.4.174 read into input chan: 0xc0000781e0
ArpWatch worker: Processing IP: 10.22.5.52
ArpWatch worker: Processing IP: 10.22.5.54
IP: 10.22.4.175 read into input chan: 0xc0000781e0
IP: 10.22.5.54 read into input chan: 0xc0000783c0
IP: 10.22.5.55 read into input chan: 0xc0000783c0
IP: 10.22.5.56 read into input chan: 0xc0000783c0
ArpHosts worker: Processing IP: 10.22.4.173
ArpHosts worker: Processing IP: 10.22.4.174
ArpHosts worker: Processing IP: 10.22.4.175
ArpHosts worker: Processing IP: 10.22.4.176
ArpWatch worker: Processing IP: 10.22.5.55
ArpWatch worker: Processing IP: 10.22.5.57
IP: 10.22.4.176 read into input chan: 0xc0000781e0
IP: 10.22.4.177 read into input chan: 0xc0000781e0
IP: 10.22.4.178 read into input chan: 0xc0000781e0
ArpWatch worker: Processing IP: 10.22.5.56
IP: 10.22.5.57 read into input chan: 0xc0000783c0
IP: 10.22.5.58 read into input chan: 0xc0000783c0
IP: 10.22.5.59 read into input chan: 0xc0000783c0
IP: 10.22.4.179 read into input chan: 0xc0000781e0
ArpWatch worker: Processing IP: 10.22.5.59
ArpHosts worker: Processing IP: 10.22.4.177
ArpHosts worker: Processing IP: 10.22.4.178
ArpHosts worker: Processing IP: 10.22.4.179
ArpWatch worker: Processing IP: 10.22.5.58
ArpWatch worker: Processing IP: 10.22.5.60
ArpHosts worker: Processing IP: 10.22.4.180
IP: 10.22.5.60 read into input chan: 0xc0000783c0
IP: 10.22.5.61 read into input chan: 0xc0000783c0
IP: 10.22.5.62 read into input chan: 0xc0000783c0
IP: 10.22.4.180 read into input chan: 0xc0000781e0
IP: 10.22.4.181 read into input chan: 0xc0000781e0
ArpWatch worker: Processing IP: 10.22.5.61
ArpHosts worker: Processing IP: 10.22.4.181
ArpHosts worker: Processing IP: 10.22.4.182
IP: 10.22.5.63 read into input chan: 0xc0000783c0
IP: 10.22.5.64 read into input chan: 0xc0000783c0
ArpWatch worker: Processing IP: 10.22.5.63
IP: 10.22.4.182 read into input chan: 0xc0000781e0
IP: 10.22.4.183 read into input chan: 0xc0000781e0
ArpHosts worker: Processing IP: 10.22.4.183
ArpWatch worker: Processing IP: 10.22.5.62
IP: 10.22.5.65 read into input chan: 0xc0000783c0
ArpHosts worker: Processing IP: 10.22.4.184
ArpWatch worker: Processing IP: 10.22.5.65
IP: 10.22.4.184 read into input chan: 0xc0000781e0
IP: 10.22.4.185 read into input chan: 0xc0000781e0
IP: 10.22.4.186 read into input chan: 0xc0000781e0
ArpWatch worker: Processing IP: 10.22.5.64
ArpWatch worker: Processing IP: 10.22.5.66
IP: 10.22.4.187 read into input chan: 0xc0000781e0
IP: 10.22.5.66 read into input chan: 0xc0000783c0
ArpHosts worker: Processing IP: 10.22.4.185
ArpHosts worker: Processing IP: 10.22.4.186
IP: 10.22.5.67 read into input chan: 0xc0000783c0
IP: 10.22.5.68 read into input chan: 0xc0000783c0
ArpHosts worker: Processing IP: 10.22.4.187
ArpWatch worker: Processing IP: 10.22.5.68
ArpWatch worker: Processing IP: 10.22.5.69
IP: 10.22.5.69 read into input chan: 0xc0000783c0
IP: 10.22.5.70 read into input chan: 0xc0000783c0
IP: 10.22.4.188 read into input chan: 0xc0000781e0
IP: 10.22.4.189 read into input chan: 0xc0000781e0
IP: 10.22.4.190 read into input chan: 0xc0000781e0
ArpWatch worker: Processing IP: 10.22.5.67
ArpHosts worker: Processing IP: 10.22.4.188
IP: 10.22.5.71 read into input chan: 0xc0000783c0
IP: 10.22.4.191 read into input chan: 0xc0000781e0
ArpWatch worker: Processing IP: 10.22.5.71
ArpHosts worker: Processing IP: 10.22.4.189
ArpHosts worker: Processing IP: 10.22.4.190
ArpHosts worker: Processing IP: 10.22.4.191
ArpWatch worker: Processing IP: 10.22.5.70
ArpWatch worker: Processing IP: 10.22.5.72
ArpHosts worker: Processing IP: 10.22.4.192
IP: 10.22.5.72 read into input chan: 0xc0000783c0
IP: 10.22.4.192 read into input chan: 0xc0000781e0
IP: 10.22.4.193 read into input chan: 0xc0000781e0
ArpWatch worker: Processing IP: 10.22.5.73
ArpHosts worker: Processing IP: 10.22.4.193
ArpHosts worker: Processing IP: 10.22.4.194
IP: 10.22.5.73 read into input chan: 0xc0000783c0
IP: 10.22.5.74 read into input chan: 0xc0000783c0
IP: 10.22.5.75 read into input chan: 0xc0000783c0
IP: 10.22.4.194 read into input chan: 0xc0000781e0
IP: 10.22.4.195 read into input chan: 0xc0000781e0
ArpHosts worker: Processing IP: 10.22.4.195
ArpWatch worker: Processing IP: 10.22.5.75
ArpHosts worker: Processing IP: 10.22.4.196
ArpWatch worker: Processing IP: 10.22.5.74
ArpWatch worker: Processing IP: 10.22.5.76
IP: 10.22.4.196 read into input chan: 0xc0000781e0
IP: 10.22.4.197 read into input chan: 0xc0000781e0
IP: 10.22.4.198 read into input chan: 0xc0000781e0
IP: 10.22.5.76 read into input chan: 0xc0000783c0
IP: 10.22.5.77 read into input chan: 0xc0000783c0
IP: 10.22.5.78 read into input chan: 0xc0000783c0
IP: 10.22.4.199 read into input chan: 0xc0000781e0
ArpWatch worker: Processing IP: 10.22.5.78
ArpHosts worker: Processing IP: 10.22.4.197
ArpHosts worker: Processing IP: 10.22.4.198
ArpWatch worker: Processing IP: 10.22.5.77
ArpWatch worker: Processing IP: 10.22.5.79
IP: 10.22.4.200 read into input chan: 0xc0000781e0
IP: 10.22.4.201 read into input chan: 0xc0000781e0
ArpHosts worker: Processing IP: 10.22.4.199
ArpHosts worker: Processing IP: 10.22.4.200
IP: 10.22.5.79 read into input chan: 0xc0000783c0
IP: 10.22.5.80 read into input chan: 0xc0000783c0
IP: 10.22.5.81 read into input chan: 0xc0000783c0
IP: 10.22.4.202 read into input chan: 0xc0000781e0
ArpWatch worker: Processing IP: 10.22.5.81
IP: 10.22.4.203 read into input chan: 0xc0000781e0
ArpWatch worker: Processing IP: 10.22.5.80
ArpWatch worker: Processing IP: 10.22.5.82
ArpHosts worker: Processing IP: 10.22.4.201
ArpHosts worker: Processing IP: 10.22.4.202
ArpHosts worker: Processing IP: 10.22.4.203
IP: 10.22.5.82 read into input chan: 0xc0000783c0
IP: 10.22.5.83 read into input chan: 0xc0000783c0
IP: 10.22.5.84 read into input chan: 0xc0000783c0
ArpHosts worker: Processing IP: 10.22.4.204
ArpWatch worker: Processing IP: 10.22.5.84
ArpWatch worker: Processing IP: 10.22.5.85
IP: 10.22.4.204 read into input chan: 0xc0000781e0
IP: 10.22.4.205 read into input chan: 0xc0000781e0
IP: 10.22.4.206 read into input chan: 0xc0000781e0
ArpWatch worker: Processing IP: 10.22.5.83
IP: 10.22.5.85 read into input chan: 0xc0000783c0
IP: 10.22.5.86 read into input chan: 0xc0000783c0
IP: 10.22.5.87 read into input chan: 0xc0000783c0
IP: 10.22.4.207 read into input chan: 0xc0000781e0
ArpWatch worker: Processing IP: 10.22.5.87
ArpHosts worker: Processing IP: 10.22.4.205
ArpHosts worker: Processing IP: 10.22.4.206
ArpHosts worker: Processing IP: 10.22.4.207
ArpWatch worker: Processing IP: 10.22.5.86
ArpWatch worker: Processing IP: 10.22.5.88
ArpHosts worker: Processing IP: 10.22.4.208
IP: 10.22.5.88 read into input chan: 0xc0000783c0
IP: 10.22.5.89 read into input chan: 0xc0000783c0
IP: 10.22.5.90 read into input chan: 0xc0000783c0
IP: 10.22.4.208 read into input chan: 0xc0000781e0
IP: 10.22.4.209 read into input chan: 0xc0000781e0
IP: 10.22.4.210 read into input chan: 0xc0000781e0
ArpWatch worker: Processing IP: 10.22.5.90
IP: 10.22.4.211 read into input chan: 0xc0000781e0
ArpWatch worker: Processing IP: 10.22.5.89
ArpWatch worker: Processing IP: 10.22.5.91
ArpHosts worker: Processing IP: 10.22.4.209
ArpHosts worker: Processing IP: 10.22.4.210
ArpHosts worker: Processing IP: 10.22.4.211
IP: 10.22.5.91 read into input chan: 0xc0000783c0
IP: 10.22.5.92 read into input chan: 0xc0000783c0
IP: 10.22.5.93 read into input chan: 0xc0000783c0
ArpHosts worker: Processing IP: 10.22.4.212
ArpWatch worker: Processing IP: 10.22.5.93
IP: 10.22.4.212 read into input chan: 0xc0000781e0
IP: 10.22.4.213 read into input chan: 0xc0000781e0
ArpWatch worker: Processing IP: 10.22.5.92
IP: 10.22.5.94 read into input chan: 0xc0000783c0
IP: 10.22.5.95 read into input chan: 0xc0000783c0
ArpWatch worker: Processing IP: 10.22.5.95
ArpWatch worker: Processing IP: 10.22.5.96
ArpWatch worker: Processing IP: 10.22.5.94
IP: 10.22.5.96 read into input chan: 0xc0000783c0
IP: 10.22.5.97 read into input chan: 0xc0000783c0
ArpHosts worker: Processing IP: 10.22.4.213
ArpHosts worker: Processing IP: 10.22.4.214
ArpWatch worker: Processing IP: 10.22.5.97
IP: 10.22.4.214 read into input chan: 0xc0000781e0
IP: 10.22.4.215 read into input chan: 0xc0000781e0
IP: 10.22.4.216 read into input chan: 0xc0000781e0
ArpWatch worker: Processing IP: 10.22.5.98
IP: 10.22.4.217 read into input chan: 0xc0000781e0
IP: 10.22.5.98 read into input chan: 0xc0000783c0
IP: 10.22.5.99 read into input chan: 0xc0000783c0
IP: 10.22.5.100 read into input chan: 0xc0000783c0
ArpHosts worker: Processing IP: 10.22.4.215
ArpHosts worker: Processing IP: 10.22.4.216
ArpHosts worker: Processing IP: 10.22.4.217
ArpWatch worker: Processing IP: 10.22.5.100
ArpWatch worker: Processing IP: 10.22.5.99
IP: 10.22.5.101 read into input chan: 0xc0000783c0
IP: 10.22.4.218 read into input chan: 0xc0000781e0
IP: 10.22.4.219 read into input chan: 0xc0000781e0
IP: 10.22.5.102 read into input chan: 0xc0000783c0
IP: 10.22.4.220 read into input chan: 0xc0000781e0
ArpWatch worker: Processing IP: 10.22.5.101
ArpWatch worker: Processing IP: 10.22.5.103
IP: 10.22.5.103 read into input chan: 0xc0000783c0
IP: 10.22.5.104 read into input chan: 0xc0000783c0
ArpHosts worker: Processing IP: 10.22.4.218
ArpHosts worker: Processing IP: 10.22.4.219
ArpHosts worker: Processing IP: 10.22.4.220
ArpWatch worker: Processing IP: 10.22.5.104
ArpWatch worker: Processing IP: 10.22.5.102
ArpHosts worker: Processing IP: 10.22.4.221
ArpWatch worker: Processing IP: 10.22.5.105
IP: 10.22.4.221 read into input chan: 0xc0000781e0
IP: 10.22.4.222 read into input chan: 0xc0000781e0
IP: 10.22.4.223 read into input chan: 0xc0000781e0
IP: 10.22.5.105 read into input chan: 0xc0000783c0
IP: 10.22.5.106 read into input chan: 0xc0000783c0
IP: 10.22.5.107 read into input chan: 0xc0000783c0
IP: 10.22.4.224 read into input chan: 0xc0000781e0
ArpWatch worker: Processing IP: 10.22.5.107
ArpHosts worker: Processing IP: 10.22.4.222
ArpHosts worker: Processing IP: 10.22.4.223
ArpHosts worker: Processing IP: 10.22.4.224
ArpWatch worker: Processing IP: 10.22.5.106
ArpWatch worker: Processing IP: 10.22.5.108
IP: 10.22.5.108 read into input chan: 0xc0000783c0
IP: 10.22.5.109 read into input chan: 0xc0000783c0
ArpHosts worker: Processing IP: 10.22.4.225
IP: 10.22.4.225 read into input chan: 0xc0000781e0
IP: 10.22.4.226 read into input chan: 0xc0000781e0
IP: 10.22.4.227 read into input chan: 0xc0000781e0
IP: 10.22.5.110 read into input chan: 0xc0000783c0
IP: 10.22.4.228 read into input chan: 0xc0000781e0
ArpWatch worker: Processing IP: 10.22.5.110
ArpHosts worker: Processing IP: 10.22.4.226
ArpHosts worker: Processing IP: 10.22.4.227
ArpHosts worker: Processing IP: 10.22.4.228
ArpWatch worker: Processing IP: 10.22.5.109
ArpWatch worker: Processing IP: 10.22.5.111
ArpHosts worker: Processing IP: 10.22.4.229
IP: 10.22.5.111 read into input chan: 0xc0000783c0
IP: 10.22.5.112 read into input chan: 0xc0000783c0
IP: 10.22.5.113 read into input chan: 0xc0000783c0
IP: 10.22.4.229 read into input chan: 0xc0000781e0
ArpWatch worker: Processing IP: 10.22.5.113
ArpHosts worker: Processing IP: 10.22.4.230
ArpWatch worker: Processing IP: 10.22.5.112
IP: 10.22.5.114 read into input chan: 0xc0000783c0
IP: 10.22.5.115 read into input chan: 0xc0000783c0
IP: 10.22.4.230 read into input chan: 0xc0000781e0
IP: 10.22.4.231 read into input chan: 0xc0000781e0
IP: 10.22.4.232 read into input chan: 0xc0000781e0
ArpWatch worker: Processing IP: 10.22.5.114
IP: 10.22.5.116 read into input chan: 0xc0000783c0
IP: 10.22.4.233 read into input chan: 0xc0000781e0
ArpWatch worker: Processing IP: 10.22.5.116
ArpHosts worker: Processing IP: 10.22.4.231
ArpHosts worker: Processing IP: 10.22.4.232
ArpHosts worker: Processing IP: 10.22.4.233
ArpWatch worker: Processing IP: 10.22.5.115
ArpWatch worker: Processing IP: 10.22.5.117
IP: 10.22.4.234 read into input chan: 0xc0000781e0
IP: 10.22.4.235 read into input chan: 0xc0000781e0
IP: 10.22.5.117 read into input chan: 0xc0000783c0
IP: 10.22.4.236 read into input chan: 0xc0000781e0
IP: 10.22.5.118 read into input chan: 0xc0000783c0
IP: 10.22.5.119 read into input chan: 0xc0000783c0
ArpHosts worker: Processing IP: 10.22.4.234
ArpHosts worker: Processing IP: 10.22.4.235
ArpHosts worker: Processing IP: 10.22.4.236
ArpWatch worker: Processing IP: 10.22.5.118
IP: 10.22.5.120 read into input chan: 0xc0000783c0
ArpHosts worker: Processing IP: 10.22.4.237
ArpWatch worker: Processing IP: 10.22.5.120
IP: 10.22.4.237 read into input chan: 0xc0000781e0
IP: 10.22.4.238 read into input chan: 0xc0000781e0
IP: 10.22.4.239 read into input chan: 0xc0000781e0
ArpWatch worker: Processing IP: 10.22.5.119
ArpWatch worker: Processing IP: 10.22.5.121
IP: 10.22.5.121 read into input chan: 0xc0000783c0
ArpHosts worker: Processing IP: 10.22.4.238
ArpHosts worker: Processing IP: 10.22.4.239
ArpWatch worker: Processing IP: 10.22.5.122
IP: 10.22.4.240 read into input chan: 0xc0000781e0
IP: 10.22.5.122 read into input chan: 0xc0000783c0
IP: 10.22.5.123 read into input chan: 0xc0000783c0
IP: 10.22.5.124 read into input chan: 0xc0000783c0
ArpHosts worker: Processing IP: 10.22.4.240
ArpWatch worker: Processing IP: 10.22.5.124
ArpHosts worker: Processing IP: 10.22.4.241
ArpWatch worker: Processing IP: 10.22.5.123
ArpWatch worker: Processing IP: 10.22.5.125
IP: 10.22.4.241 read into input chan: 0xc0000781e0
IP: 10.22.4.242 read into input chan: 0xc0000781e0
IP: 10.22.4.243 read into input chan: 0xc0000781e0
IP: 10.22.5.125 read into input chan: 0xc0000783c0
IP: 10.22.5.126 read into input chan: 0xc0000783c0
IP: 10.22.5.127 read into input chan: 0xc0000783c0
IP: 10.22.4.244 read into input chan: 0xc0000781e0
ArpWatch worker: Processing IP: 10.22.5.127
ArpHosts worker: Processing IP: 10.22.4.242
ArpHosts worker: Processing IP: 10.22.4.243
ArpWatch worker: Processing IP: 10.22.5.126
ArpHosts worker: Processing IP: 10.22.4.244
IP: 10.22.4.245 read into input chan: 0xc0000781e0
IP: 10.22.4.246 read into input chan: 0xc0000781e0
ArpHosts worker: Processing IP: 10.22.4.245
IP: 10.22.5.128 read into input chan: 0xc0000783c0
IP: 10.22.5.129 read into input chan: 0xc0000783c0
IP: 10.22.5.130 read into input chan: 0xc0000783c0
ArpWatch worker: Processing IP: 10.22.5.128
IP: 10.22.4.247 read into input chan: 0xc0000781e0
ArpWatch worker: Processing IP: 10.22.5.130
IP: 10.22.4.248 read into input chan: 0xc0000781e0
ArpWatch worker: Processing IP: 10.22.5.129
ArpWatch worker: Processing IP: 10.22.5.131
ArpHosts worker: Processing IP: 10.22.4.246
ArpHosts worker: Processing IP: 10.22.4.247
ArpHosts worker: Processing IP: 10.22.4.248
IP: 10.22.5.131 read into input chan: 0xc0000783c0
IP: 10.22.5.132 read into input chan: 0xc0000783c0
IP: 10.22.5.133 read into input chan: 0xc0000783c0
ArpWatch worker: Processing IP: 10.22.5.133
ArpWatch worker: Processing IP: 10.22.5.132
IP: 10.22.4.249 read into input chan: 0xc0000781e0
IP: 10.22.4.250 read into input chan: 0xc0000781e0
ArpWatch worker: Processing IP: 10.22.5.134
ArpHosts worker: Processing IP: 10.22.4.249
IP: 10.22.5.134 read into input chan: 0xc0000783c0
IP: 10.22.5.135 read into input chan: 0xc0000783c0
IP: 10.22.5.136 read into input chan: 0xc0000783c0
IP: 10.22.4.251 read into input chan: 0xc0000781e0
ArpWatch worker: Processing IP: 10.22.5.136
IP: 10.22.4.252 read into input chan: 0xc0000781e0
ArpWatch worker: Processing IP: 10.22.5.135
ArpWatch worker: Processing IP: 10.22.5.137
ArpHosts worker: Processing IP: 10.22.4.250
ArpHosts worker: Processing IP: 10.22.4.251
ArpHosts worker: Processing IP: 10.22.4.252
IP: 10.22.5.137 read into input chan: 0xc0000783c0
IP: 10.22.5.138 read into input chan: 0xc0000783c0
IP: 10.22.5.139 read into input chan: 0xc0000783c0
ArpHosts worker: Processing IP: 10.22.4.253
ArpWatch worker: Processing IP: 10.22.5.139
ArpWatch worker: Processing IP: 10.22.5.138
ArpWatch worker: Processing IP: 10.22.5.140
IP: 10.22.5.140 read into input chan: 0xc0000783c0
IP: 10.22.5.141 read into input chan: 0xc0000783c0
IP: 10.22.5.142 read into input chan: 0xc0000783c0
IP: 10.22.4.253 read into input chan: 0xc0000781e0
IP: 10.22.4.254 read into input chan: 0xc0000781e0
IP: 10.22.4.255 read into input chan: 0xc0000781e0
ArpWatch worker: Processing IP: 10.22.5.142
IP: 10.22.5.0 read into input chan: 0xc0000781e0
ArpWatch worker: Processing IP: 10.22.5.141
ArpWatch worker: Processing IP: 10.22.5.143
ArpHosts worker: Processing IP: 10.22.4.254
ArpHosts worker: Processing IP: 10.22.4.255
ArpHosts worker: Processing IP: 10.22.5.0
IP: 10.22.5.143 read into input chan: 0xc0000783c0
IP: 10.22.5.144 read into input chan: 0xc0000783c0
IP: 10.22.5.145 read into input chan: 0xc0000783c0
ArpHosts worker: Processing IP: 10.22.5.1
ArpWatch worker: Processing IP: 10.22.5.145
IP: 10.22.5.1 read into input chan: 0xc0000781e0
ArpWatch worker: Processing IP: 10.22.5.144
IP: 10.22.5.2 read into input chan: 0xc0000781e0
IP: 10.22.5.3 read into input chan: 0xc0000781e0
IP: 10.22.5.146 read into input chan: 0xc0000783c0
IP: 10.22.5.147 read into input chan: 0xc0000783c0
IP: 10.22.5.148 read into input chan: 0xc0000783c0
ArpHosts worker: Processing IP: 10.22.5.2
IP: 10.22.5.4 read into input chan: 0xc0000781e0
ArpWatch worker: Processing IP: 10.22.5.146
ArpWatch worker: Processing IP: 10.22.5.148
IP: 10.22.5.5 read into input chan: 0xc0000781e0
ArpWatch worker: Processing IP: 10.22.5.147
ArpWatch worker: Processing IP: 10.22.5.149
ArpHosts worker: Processing IP: 10.22.5.3
ArpHosts worker: Processing IP: 10.22.5.4
ArpHosts worker: Processing IP: 10.22.5.5
IP: 10.22.5.149 read into input chan: 0xc0000783c0
IP: 10.22.5.150 read into input chan: 0xc0000783c0
IP: 10.22.5.151 read into input chan: 0xc0000783c0
ArpHosts worker: Processing IP: 10.22.5.6
ArpWatch worker: Processing IP: 10.22.5.151
ArpWatch worker: Processing IP: 10.22.5.150
IP: 10.22.5.6 read into input chan: 0xc0000781e0
IP: 10.22.5.7 read into input chan: 0xc0000781e0
IP: 10.22.5.152 read into input chan: 0xc0000783c0
IP: 10.22.5.153 read into input chan: 0xc0000783c0
IP: 10.22.5.154 read into input chan: 0xc0000783c0
ArpWatch worker: Processing IP: 10.22.5.152
IP: 10.22.5.8 read into input chan: 0xc0000781e0
ArpWatch worker: Processing IP: 10.22.5.154
IP: 10.22.5.9 read into input chan: 0xc0000781e0
ArpWatch worker: Processing IP: 10.22.5.153
ArpHosts worker: Processing IP: 10.22.5.7
IP: 10.22.5.155 read into input chan: 0xc0000783c0
ArpWatch worker: Processing IP: 10.22.5.155
ArpWatch worker: Processing IP: 10.22.5.156
IP: 10.22.5.10 read into input chan: 0xc0000781e0
ArpHosts worker: Processing IP: 10.22.5.8
ArpHosts worker: Processing IP: 10.22.5.9
ArpHosts worker: Processing IP: 10.22.5.10
IP: 10.22.5.156 read into input chan: 0xc0000783c0
IP: 10.22.5.157 read into input chan: 0xc0000783c0
IP: 10.22.5.158 read into input chan: 0xc0000783c0
ArpHosts worker: Processing IP: 10.22.5.11
ArpWatch worker: Processing IP: 10.22.5.158
IP: 10.22.5.11 read into input chan: 0xc0000781e0
IP: 10.22.5.12 read into input chan: 0xc0000781e0
IP: 10.22.5.13 read into input chan: 0xc0000781e0
ArpWatch worker: Processing IP: 10.22.5.157
ArpWatch worker: Processing IP: 10.22.5.159
IP: 10.22.5.14 read into input chan: 0xc0000781e0
IP: 10.22.5.159 read into input chan: 0xc0000783c0
IP: 10.22.5.160 read into input chan: 0xc0000783c0
IP: 10.22.5.161 read into input chan: 0xc0000783c0
ArpHosts worker: Processing IP: 10.22.5.12
ArpHosts worker: Processing IP: 10.22.5.13
ArpHosts worker: Processing IP: 10.22.5.14
ArpWatch worker: Processing IP: 10.22.5.160
IP: 10.22.5.15 read into input chan: 0xc0000781e0
IP: 10.22.5.16 read into input chan: 0xc0000781e0
IP: 10.22.5.162 read into input chan: 0xc0000783c0
IP: 10.22.5.163 read into input chan: 0xc0000783c0
ArpWatch worker: Processing IP: 10.22.5.161
ArpHosts worker: Processing IP: 10.22.5.15
IP: 10.22.5.17 read into input chan: 0xc0000781e0
ArpWatch worker: Processing IP: 10.22.5.162
IP: 10.22.5.164 read into input chan: 0xc0000783c0
IP: 10.22.5.18 read into input chan: 0xc0000781e0
ArpWatch worker: Processing IP: 10.22.5.164
ArpHosts worker: Processing IP: 10.22.5.16
ArpHosts worker: Processing IP: 10.22.5.17
ArpHosts worker: Processing IP: 10.22.5.18
ArpWatch worker: Processing IP: 10.22.5.163
ArpWatch worker: Processing IP: 10.22.5.165
ArpHosts worker: Processing IP: 10.22.5.19
IP: 10.22.5.165 read into input chan: 0xc0000783c0
IP: 10.22.5.166 read into input chan: 0xc0000783c0
IP: 10.22.5.167 read into input chan: 0xc0000783c0
IP: 10.22.5.19 read into input chan: 0xc0000781e0
IP: 10.22.5.168 read into input chan: 0xc0000783c0
IP: 10.22.5.169 read into input chan: 0xc0000783c0
ArpWatch worker: Processing IP: 10.22.5.166
ArpWatch worker: Processing IP: 10.22.5.168
ArpWatch worker: Processing IP: 10.22.5.169
ArpWatch worker: Processing IP: 10.22.5.170
ArpWatch worker: Processing IP: 10.22.5.167
IP: 10.22.5.170 read into input chan: 0xc0000783c0
IP: 10.22.5.171 read into input chan: 0xc0000783c0
IP: 10.22.5.20 read into input chan: 0xc0000781e0
IP: 10.22.5.21 read into input chan: 0xc0000781e0
IP: 10.22.5.22 read into input chan: 0xc0000781e0
ArpWatch worker: Processing IP: 10.22.5.171
ArpHosts worker: Processing IP: 10.22.5.20
IP: 10.22.5.23 read into input chan: 0xc0000781e0
ArpWatch worker: Processing IP: 10.22.5.172
ArpHosts worker: Processing IP: 10.22.5.21
ArpHosts worker: Processing IP: 10.22.5.22
ArpHosts worker: Processing IP: 10.22.5.23
IP: 10.22.5.172 read into input chan: 0xc0000783c0
IP: 10.22.5.173 read into input chan: 0xc0000783c0
IP: 10.22.5.24 read into input chan: 0xc0000781e0
IP: 10.22.5.25 read into input chan: 0xc0000781e0
IP: 10.22.5.26 read into input chan: 0xc0000781e0
IP: 10.22.5.174 read into input chan: 0xc0000783c0
ArpHosts worker: Processing IP: 10.22.5.24
ArpWatch worker: Processing IP: 10.22.5.174
ArpWatch worker: Processing IP: 10.22.5.173
ArpWatch worker: Processing IP: 10.22.5.175
IP: 10.22.5.175 read into input chan: 0xc0000783c0
IP: 10.22.5.176 read into input chan: 0xc0000783c0
ArpHosts worker: Processing IP: 10.22.5.25
ArpHosts worker: Processing IP: 10.22.5.26
ArpHosts worker: Processing IP: 10.22.5.27
IP: 10.22.5.27 read into input chan: 0xc0000781e0
IP: 10.22.5.177 read into input chan: 0xc0000783c0
ArpHosts worker: Processing IP: 10.22.5.28
ArpWatch worker: Processing IP: 10.22.5.177
IP: 10.22.5.28 read into input chan: 0xc0000781e0
IP: 10.22.5.29 read into input chan: 0xc0000781e0
IP: 10.22.5.30 read into input chan: 0xc0000781e0
IP: 10.22.5.31 read into input chan: 0xc0000781e0
IP: 10.22.5.178 read into input chan: 0xc0000783c0
IP: 10.22.5.179 read into input chan: 0xc0000783c0
ArpHosts worker: Processing IP: 10.22.5.29
IP: 10.22.5.180 read into input chan: 0xc0000783c0
ArpWatch worker: Processing IP: 10.22.5.176
ArpWatch worker: Processing IP: 10.22.5.179
ArpWatch worker: Processing IP: 10.22.5.178
IP: 10.22.5.32 read into input chan: 0xc0000781e0
ArpHosts worker: Processing IP: 10.22.5.30
ArpHosts worker: Processing IP: 10.22.5.31
ArpHosts worker: Processing IP: 10.22.5.32
ArpWatch worker: Processing IP: 10.22.5.180
ArpHosts worker: Processing IP: 10.22.5.33
ArpWatch worker: Processing IP: 10.22.5.181
IP: 10.22.5.33 read into input chan: 0xc0000781e0
IP: 10.22.5.34 read into input chan: 0xc0000781e0
IP: 10.22.5.35 read into input chan: 0xc0000781e0
IP: 10.22.5.181 read into input chan: 0xc0000783c0
IP: 10.22.5.182 read into input chan: 0xc0000783c0
IP: 10.22.5.183 read into input chan: 0xc0000783c0
IP: 10.22.5.36 read into input chan: 0xc0000781e0
ArpWatch worker: Processing IP: 10.22.5.183
ArpHosts worker: Processing IP: 10.22.5.34
ArpHosts worker: Processing IP: 10.22.5.35
ArpHosts worker: Processing IP: 10.22.5.36
ArpWatch worker: Processing IP: 10.22.5.182
ArpWatch worker: Processing IP: 10.22.5.184
ArpHosts worker: Processing IP: 10.22.5.37
IP: 10.22.5.37 read into input chan: 0xc0000781e0
IP: 10.22.5.38 read into input chan: 0xc0000781e0
IP: 10.22.5.39 read into input chan: 0xc0000781e0
IP: 10.22.5.184 read into input chan: 0xc0000783c0
IP: 10.22.5.185 read into input chan: 0xc0000783c0
IP: 10.22.5.186 read into input chan: 0xc0000783c0
IP: 10.22.5.40 read into input chan: 0xc0000781e0
ArpWatch worker: Processing IP: 10.22.5.186
ArpHosts worker: Processing IP: 10.22.5.38
ArpHosts worker: Processing IP: 10.22.5.39
ArpHosts worker: Processing IP: 10.22.5.40
ArpWatch worker: Processing IP: 10.22.5.185
ArpWatch worker: Processing IP: 10.22.5.187
ArpHosts worker: Processing IP: 10.22.5.41
IP: 10.22.5.187 read into input chan: 0xc0000783c0
IP: 10.22.5.188 read into input chan: 0xc0000783c0
IP: 10.22.5.189 read into input chan: 0xc0000783c0
IP: 10.22.5.41 read into input chan: 0xc0000781e0
IP: 10.22.5.42 read into input chan: 0xc0000781e0
IP: 10.22.5.43 read into input chan: 0xc0000781e0
ArpWatch worker: Processing IP: 10.22.5.189
ArpWatch worker: Processing IP: 10.22.5.188
ArpHosts worker: Processing IP: 10.22.5.42
ArpWatch worker: Processing IP: 10.22.5.190
IP: 10.22.5.44 read into input chan: 0xc0000781e0
IP: 10.22.5.45 read into input chan: 0xc0000781e0
IP: 10.22.5.190 read into input chan: 0xc0000783c0
IP: 10.22.5.191 read into input chan: 0xc0000783c0
IP: 10.22.5.192 read into input chan: 0xc0000783c0
ArpHosts worker: Processing IP: 10.22.5.43
ArpHosts worker: Processing IP: 10.22.5.44
IP: 10.22.5.46 read into input chan: 0xc0000781e0
ArpWatch worker: Processing IP: 10.22.5.192
IP: 10.22.5.47 read into input chan: 0xc0000781e0
ArpWatch worker: Processing IP: 10.22.5.191
ArpWatch worker: Processing IP: 10.22.5.193
ArpHosts worker: Processing IP: 10.22.5.45
ArpHosts worker: Processing IP: 10.22.5.46
ArpHosts worker: Processing IP: 10.22.5.47
IP: 10.22.5.193 read into input chan: 0xc0000783c0
IP: 10.22.5.194 read into input chan: 0xc0000783c0
IP: 10.22.5.195 read into input chan: 0xc0000783c0
ArpHosts worker: Processing IP: 10.22.5.48
ArpWatch worker: Processing IP: 10.22.5.194
IP: 10.22.5.196 read into input chan: 0xc0000783c0
IP: 10.22.5.197 read into input chan: 0xc0000783c0
ArpWatch worker: Processing IP: 10.22.5.196
ArpWatch worker: Processing IP: 10.22.5.195
IP: 10.22.5.48 read into input chan: 0xc0000781e0
IP: 10.22.5.49 read into input chan: 0xc0000781e0
IP: 10.22.5.50 read into input chan: 0xc0000781e0
IP: 10.22.5.198 read into input chan: 0xc0000783c0
IP: 10.22.5.51 read into input chan: 0xc0000781e0
ArpWatch worker: Processing IP: 10.22.5.198
ArpHosts worker: Processing IP: 10.22.5.49
ArpHosts worker: Processing IP: 10.22.5.50
ArpHosts worker: Processing IP: 10.22.5.51
ArpWatch worker: Processing IP: 10.22.5.197
ArpWatch worker: Processing IP: 10.22.5.199
ArpHosts worker: Processing IP: 10.22.5.52
IP: 10.22.5.199 read into input chan: 0xc0000783c0
IP: 10.22.5.200 read into input chan: 0xc0000783c0
IP: 10.22.5.201 read into input chan: 0xc0000783c0
ArpWatch worker: Processing IP: 10.22.5.201
ArpWatch worker: Processing IP: 10.22.5.200
IP: 10.22.5.52 read into input chan: 0xc0000781e0
ArpWatch worker: Processing IP: 10.22.5.202
IP: 10.22.5.202 read into input chan: 0xc0000783c0
IP: 10.22.5.203 read into input chan: 0xc0000783c0
ArpHosts worker: Processing IP: 10.22.5.53
IP: 10.22.5.53 read into input chan: 0xc0000781e0
IP: 10.22.5.54 read into input chan: 0xc0000781e0
IP: 10.22.5.55 read into input chan: 0xc0000781e0
IP: 10.22.5.204 read into input chan: 0xc0000783c0
IP: 10.22.5.56 read into input chan: 0xc0000781e0
ArpWatch worker: Processing IP: 10.22.5.204
ArpHosts worker: Processing IP: 10.22.5.54
ArpHosts worker: Processing IP: 10.22.5.55
ArpHosts worker: Processing IP: 10.22.5.56
ArpWatch worker: Processing IP: 10.22.5.203
ArpWatch worker: Processing IP: 10.22.5.205
ArpHosts worker: Processing IP: 10.22.5.57
IP: 10.22.5.205 read into input chan: 0xc0000783c0
IP: 10.22.5.206 read into input chan: 0xc0000783c0
IP: 10.22.5.57 read into input chan: 0xc0000781e0
IP: 10.22.5.207 read into input chan: 0xc0000783c0
IP: 10.22.5.208 read into input chan: 0xc0000783c0
ArpWatch worker: Processing IP: 10.22.5.207
IP: 10.22.5.209 read into input chan: 0xc0000783c0
ArpHosts worker: Processing IP: 10.22.5.58
IP: 10.22.5.210 read into input chan: 0xc0000783c0
ArpWatch worker: Processing IP: 10.22.5.206
ArpWatch worker: Processing IP: 10.22.5.209
ArpWatch worker: Processing IP: 10.22.5.208
IP: 10.22.5.58 read into input chan: 0xc0000781e0
IP: 10.22.5.59 read into input chan: 0xc0000781e0
IP: 10.22.5.60 read into input chan: 0xc0000781e0
ArpWatch worker: Processing IP: 10.22.5.210
IP: 10.22.5.61 read into input chan: 0xc0000781e0
ArpWatch worker: Processing IP: 10.22.5.211
ArpHosts worker: Processing IP: 10.22.5.59
ArpHosts worker: Processing IP: 10.22.5.60
ArpHosts worker: Processing IP: 10.22.5.61
IP: 10.22.5.211 read into input chan: 0xc0000783c0
IP: 10.22.5.212 read into input chan: 0xc0000783c0
IP: 10.22.5.213 read into input chan: 0xc0000783c0
ArpHosts worker: Processing IP: 10.22.5.62
ArpWatch worker: Processing IP: 10.22.5.213
ArpWatch worker: Processing IP: 10.22.5.214
IP: 10.22.5.214 read into input chan: 0xc0000783c0
IP: 10.22.5.215 read into input chan: 0xc0000783c0
ArpWatch worker: Processing IP: 10.22.5.212
IP: 10.22.5.62 read into input chan: 0xc0000781e0
IP: 10.22.5.63 read into input chan: 0xc0000781e0
IP: 10.22.5.64 read into input chan: 0xc0000781e0
IP: 10.22.5.216 read into input chan: 0xc0000783c0
IP: 10.22.5.65 read into input chan: 0xc0000781e0
ArpWatch worker: Processing IP: 10.22.5.216
ArpHosts worker: Processing IP: 10.22.5.63
ArpHosts worker: Processing IP: 10.22.5.64
ArpHosts worker: Processing IP: 10.22.5.65
ArpWatch worker: Processing IP: 10.22.5.215
ArpWatch worker: Processing IP: 10.22.5.217
ArpHosts worker: Processing IP: 10.22.5.66
IP: 10.22.5.217 read into input chan: 0xc0000783c0
IP: 10.22.5.218 read into input chan: 0xc0000783c0
IP: 10.22.5.219 read into input chan: 0xc0000783c0
IP: 10.22.5.66 read into input chan: 0xc0000781e0
ArpWatch worker: Processing IP: 10.22.5.219
IP: 10.22.5.220 read into input chan: 0xc0000783c0
ArpWatch worker: Processing IP: 10.22.5.220
ArpWatch worker: Processing IP: 10.22.5.218
IP: 10.22.5.221 read into input chan: 0xc0000783c0
ArpHosts worker: Processing IP: 10.22.5.67
IP: 10.22.5.67 read into input chan: 0xc0000781e0
IP: 10.22.5.68 read into input chan: 0xc0000781e0
IP: 10.22.5.69 read into input chan: 0xc0000781e0
ArpWatch worker: Processing IP: 10.22.5.221
IP: 10.22.5.70 read into input chan: 0xc0000781e0
ArpWatch worker: Processing IP: 10.22.5.222
ArpHosts worker: Processing IP: 10.22.5.68
ArpHosts worker: Processing IP: 10.22.5.69
IP: 10.22.5.222 read into input chan: 0xc0000783c0
IP: 10.22.5.223 read into input chan: 0xc0000783c0
IP: 10.22.5.71 read into input chan: 0xc0000781e0
IP: 10.22.5.72 read into input chan: 0xc0000781e0
ArpHosts worker: Processing IP: 10.22.5.70
ArpHosts worker: Processing IP: 10.22.5.71
ArpHosts worker: Processing IP: 10.22.5.72
IP: 10.22.5.224 read into input chan: 0xc0000783c0
ArpHosts worker: Processing IP: 10.22.5.73
ArpWatch worker: Processing IP: 10.22.5.224
IP: 10.22.5.73 read into input chan: 0xc0000781e0
IP: 10.22.5.74 read into input chan: 0xc0000781e0
IP: 10.22.5.75 read into input chan: 0xc0000781e0
ArpWatch worker: Processing IP: 10.22.5.223
ArpWatch worker: Processing IP: 10.22.5.225
IP: 10.22.5.76 read into input chan: 0xc0000781e0
IP: 10.22.5.225 read into input chan: 0xc0000783c0
IP: 10.22.5.226 read into input chan: 0xc0000783c0
IP: 10.22.5.227 read into input chan: 0xc0000783c0
ArpHosts worker: Processing IP: 10.22.5.74
ArpHosts worker: Processing IP: 10.22.5.75
IP: 10.22.5.77 read into input chan: 0xc0000781e0
IP: 10.22.5.78 read into input chan: 0xc0000781e0
ArpWatch worker: Processing IP: 10.22.5.227
ArpWatch worker: Processing IP: 10.22.5.228
IP: 10.22.5.228 read into input chan: 0xc0000783c0
IP: 10.22.5.229 read into input chan: 0xc0000783c0
ArpWatch worker: Processing IP: 10.22.5.226
ArpHosts worker: Processing IP: 10.22.5.76
ArpHosts worker: Processing IP: 10.22.5.77
ArpHosts worker: Processing IP: 10.22.5.78
ArpWatch worker: Processing IP: 10.22.5.229
ArpHosts worker: Processing IP: 10.22.5.79
ArpWatch worker: Processing IP: 10.22.5.230
IP: 10.22.5.79 read into input chan: 0xc0000781e0
IP: 10.22.5.80 read into input chan: 0xc0000781e0
IP: 10.22.5.81 read into input chan: 0xc0000781e0
IP: 10.22.5.230 read into input chan: 0xc0000783c0
IP: 10.22.5.82 read into input chan: 0xc0000781e0
ArpHosts worker: Processing IP: 10.22.5.80
ArpHosts worker: Processing IP: 10.22.5.81
ArpWatch worker: Processing IP: 10.22.5.231
IP: 10.22.5.231 read into input chan: 0xc0000783c0
IP: 10.22.5.232 read into input chan: 0xc0000783c0
IP: 10.22.5.83 read into input chan: 0xc0000781e0
IP: 10.22.5.84 read into input chan: 0xc0000781e0
ArpHosts worker: Processing IP: 10.22.5.82
ArpHosts worker: Processing IP: 10.22.5.83
ArpHosts worker: Processing IP: 10.22.5.84
IP: 10.22.5.233 read into input chan: 0xc0000783c0
ArpHosts worker: Processing IP: 10.22.5.85
ArpWatch worker: Processing IP: 10.22.5.233
IP: 10.22.5.85 read into input chan: 0xc0000781e0
IP: 10.22.5.86 read into input chan: 0xc0000781e0
IP: 10.22.5.87 read into input chan: 0xc0000781e0
ArpWatch worker: Processing IP: 10.22.5.232
ArpWatch worker: Processing IP: 10.22.5.234
IP: 10.22.5.88 read into input chan: 0xc0000781e0
IP: 10.22.5.234 read into input chan: 0xc0000783c0
IP: 10.22.5.235 read into input chan: 0xc0000783c0
ArpHosts worker: Processing IP: 10.22.5.86
ArpWatch worker: Processing IP: 10.22.5.235
IP: 10.22.5.89 read into input chan: 0xc0000781e0
ArpHosts worker: Processing IP: 10.22.5.87
ArpHosts worker: Processing IP: 10.22.5.88
ArpWatch worker: Processing IP: 10.22.5.236
IP: 10.22.5.236 read into input chan: 0xc0000783c0
IP: 10.22.5.237 read into input chan: 0xc0000783c0
IP: 10.22.5.238 read into input chan: 0xc0000783c0
ArpHosts worker: Processing IP: 10.22.5.89
ArpWatch worker: Processing IP: 10.22.5.238
ArpHosts worker: Processing IP: 10.22.5.90
ArpWatch worker: Processing IP: 10.22.5.237
ArpWatch worker: Processing IP: 10.22.5.239
IP: 10.22.5.90 read into input chan: 0xc0000781e0
IP: 10.22.5.91 read into input chan: 0xc0000781e0
IP: 10.22.5.92 read into input chan: 0xc0000781e0
IP: 10.22.5.239 read into input chan: 0xc0000783c0
IP: 10.22.5.240 read into input chan: 0xc0000783c0
IP: 10.22.5.241 read into input chan: 0xc0000783c0
IP: 10.22.5.93 read into input chan: 0xc0000781e0
ArpWatch worker: Processing IP: 10.22.5.240
IP: 10.22.5.242 read into input chan: 0xc0000783c0
IP: 10.22.5.243 read into input chan: 0xc0000783c0
ArpWatch worker: Processing IP: 10.22.5.242
ArpHosts worker: Processing IP: 10.22.5.91
ArpHosts worker: Processing IP: 10.22.5.92
ArpHosts worker: Processing IP: 10.22.5.93
ArpWatch worker: Processing IP: 10.22.5.241
IP: 10.22.5.244 read into input chan: 0xc0000783c0
ArpHosts worker: Processing IP: 10.22.5.94
ArpWatch worker: Processing IP: 10.22.5.244
IP: 10.22.5.94 read into input chan: 0xc0000781e0
IP: 10.22.5.95 read into input chan: 0xc0000781e0
IP: 10.22.5.96 read into input chan: 0xc0000781e0
ArpWatch worker: Processing IP: 10.22.5.243
ArpWatch worker: Processing IP: 10.22.5.245
IP: 10.22.5.97 read into input chan: 0xc0000781e0
IP: 10.22.5.245 read into input chan: 0xc0000783c0
IP: 10.22.5.246 read into input chan: 0xc0000783c0
IP: 10.22.5.247 read into input chan: 0xc0000783c0
ArpHosts worker: Processing IP: 10.22.5.95
ArpWatch worker: Processing IP: 10.22.5.247
IP: 10.22.5.248 read into input chan: 0xc0000783c0
ArpHosts worker: Processing IP: 10.22.5.96
ArpHosts worker: Processing IP: 10.22.5.97
ArpWatch worker: Processing IP: 10.22.5.248
ArpWatch worker: Processing IP: 10.22.5.249
IP: 10.22.5.98 read into input chan: 0xc0000781e0
ArpWatch worker: Processing IP: 10.22.5.246
ArpHosts worker: Processing IP: 10.22.5.98
IP: 10.22.5.249 read into input chan: 0xc0000783c0
IP: 10.22.5.250 read into input chan: 0xc0000783c0
ArpWatch worker: Processing IP: 10.22.5.250
ArpHosts worker: Processing IP: 10.22.5.99
ArpWatch worker: Processing IP: 10.22.5.251
IP: 10.22.5.99 read into input chan: 0xc0000781e0
IP: 10.22.5.100 read into input chan: 0xc0000781e0
IP: 10.22.5.101 read into input chan: 0xc0000781e0
IP: 10.22.5.251 read into input chan: 0xc0000783c0
IP: 10.22.5.252 read into input chan: 0xc0000783c0
IP: 10.22.5.253 read into input chan: 0xc0000783c0
IP: 10.22.5.102 read into input chan: 0xc0000781e0
ArpWatch worker: Processing IP: 10.22.5.253
ArpWatch worker: Processing IP: 10.22.5.254
IP: 10.22.5.254 read into input chan: 0xc0000783c0
IP: 10.22.5.255 read into input chan: 0xc0000783c0
ArpHosts worker: Processing IP: 10.22.5.100
ArpHosts worker: Processing IP: 10.22.5.101
ArpHosts worker: Processing IP: 10.22.5.102
ArpWatch worker: Processing IP: 10.22.5.255
ArpWatch worker: Processing IP: 10.22.5.252
ArpHosts worker: Processing IP: 10.22.5.103
ArpWatch worker: Processing IP: 10.22.6.0
IP: 10.22.5.103 read into input chan: 0xc0000781e0
IP: 10.22.5.104 read into input chan: 0xc0000781e0
IP: 10.22.5.105 read into input chan: 0xc0000781e0
IP: 10.22.6.0 read into input chan: 0xc0000783c0
IP: 10.22.6.1 read into input chan: 0xc0000783c0
IP: 10.22.6.2 read into input chan: 0xc0000783c0
IP: 10.22.5.106 read into input chan: 0xc0000781e0
ArpWatch worker: Processing IP: 10.22.6.2
ArpHosts worker: Processing IP: 10.22.5.104
ArpHosts worker: Processing IP: 10.22.5.105
ArpWatch worker: Processing IP: 10.22.6.1
IP: 10.22.5.107 read into input chan: 0xc0000781e0
ArpWatch worker: Processing IP: 10.22.6.3
IP: 10.22.6.3 read into input chan: 0xc0000783c0
IP: 10.22.6.4 read into input chan: 0xc0000783c0
IP: 10.22.5.108 read into input chan: 0xc0000781e0
ArpHosts worker: Processing IP: 10.22.5.106
ArpHosts worker: Processing IP: 10.22.5.107
ArpHosts worker: Processing IP: 10.22.5.108
IP: 10.22.6.5 read into input chan: 0xc0000783c0
ArpHosts worker: Processing IP: 10.22.5.109
ArpWatch worker: Processing IP: 10.22.6.5
IP: 10.22.5.109 read into input chan: 0xc0000781e0
IP: 10.22.5.110 read into input chan: 0xc0000781e0
IP: 10.22.5.111 read into input chan: 0xc0000781e0
ArpWatch worker: Processing IP: 10.22.6.4
ArpWatch worker: Processing IP: 10.22.6.6
IP: 10.22.5.112 read into input chan: 0xc0000781e0
IP: 10.22.6.6 read into input chan: 0xc0000783c0
IP: 10.22.6.7 read into input chan: 0xc0000783c0
IP: 10.22.6.8 read into input chan: 0xc0000783c0
ArpHosts worker: Processing IP: 10.22.5.110
ArpWatch worker: Processing IP: 10.22.6.7
IP: 10.22.6.9 read into input chan: 0xc0000783c0
ArpHosts worker: Processing IP: 10.22.5.111
IP: 10.22.6.10 read into input chan: 0xc0000783c0
ArpWatch worker: Processing IP: 10.22.6.9
IP: 10.22.6.11 read into input chan: 0xc0000783c0
ArpWatch worker: Processing IP: 10.22.6.8
ArpWatch worker: Processing IP: 10.22.6.11
ArpHosts worker: Processing IP: 10.22.5.112
ArpHosts worker: Processing IP: 10.22.5.113
ArpWatch worker: Processing IP: 10.22.6.10
IP: 10.22.5.113 read into input chan: 0xc0000781e0
IP: 10.22.5.114 read into input chan: 0xc0000781e0
ArpWatch worker: Processing IP: 10.22.6.12
IP: 10.22.6.12 read into input chan: 0xc0000783c0
ArpHosts worker: Processing IP: 10.22.5.114
ArpWatch worker: Processing IP: 10.22.6.13
ArpHosts worker: Processing IP: 10.22.5.115
IP: 10.22.6.13 read into input chan: 0xc0000783c0
IP: 10.22.6.14 read into input chan: 0xc0000783c0
IP: 10.22.6.15 read into input chan: 0xc0000783c0
IP: 10.22.5.115 read into input chan: 0xc0000781e0
IP: 10.22.5.116 read into input chan: 0xc0000781e0
IP: 10.22.5.117 read into input chan: 0xc0000781e0
ArpWatch worker: Processing IP: 10.22.6.15
IP: 10.22.5.118 read into input chan: 0xc0000781e0
ArpHosts worker: Processing IP: 10.22.5.116
ArpHosts worker: Processing IP: 10.22.5.117
IP: 10.22.5.119 read into input chan: 0xc0000781e0
IP: 10.22.6.16 read into input chan: 0xc0000783c0
IP: 10.22.6.17 read into input chan: 0xc0000783c0
ArpHosts worker: Processing IP: 10.22.5.118
ArpHosts worker: Processing IP: 10.22.5.119
IP: 10.22.5.120 read into input chan: 0xc0000781e0
ArpWatch worker: Processing IP: 10.22.6.16
IP: 10.22.6.18 read into input chan: 0xc0000783c0
ArpWatch worker: Processing IP: 10.22.6.14
ArpHosts worker: Processing IP: 10.22.5.120
ArpWatch worker: Processing IP: 10.22.6.18
ArpHosts worker: Processing IP: 10.22.5.121
ArpWatch worker: Processing IP: 10.22.6.17
ArpWatch worker: Processing IP: 10.22.6.19
IP: 10.22.5.121 read into input chan: 0xc0000781e0
IP: 10.22.5.122 read into input chan: 0xc0000781e0
IP: 10.22.5.123 read into input chan: 0xc0000781e0
IP: 10.22.6.19 read into input chan: 0xc0000783c0
IP: 10.22.6.20 read into input chan: 0xc0000783c0
IP: 10.22.6.21 read into input chan: 0xc0000783c0
IP: 10.22.5.124 read into input chan: 0xc0000781e0
ArpWatch worker: Processing IP: 10.22.6.21
ArpWatch worker: Processing IP: 10.22.6.20
ArpHosts worker: Processing IP: 10.22.5.122
IP: 10.22.6.22 read into input chan: 0xc0000783c0
IP: 10.22.6.23 read into input chan: 0xc0000783c0
ArpWatch worker: Processing IP: 10.22.6.23
ArpWatch worker: Processing IP: 10.22.6.24
ArpHosts worker: Processing IP: 10.22.5.123
ArpHosts worker: Processing IP: 10.22.5.124
ArpWatch worker: Processing IP: 10.22.6.22
IP: 10.22.5.125 read into input chan: 0xc0000781e0
IP: 10.22.6.24 read into input chan: 0xc0000783c0
IP: 10.22.6.25 read into input chan: 0xc0000783c0
IP: 10.22.6.26 read into input chan: 0xc0000783c0
ArpHosts worker: Processing IP: 10.22.5.125
ArpWatch worker: Processing IP: 10.22.6.26
ArpHosts worker: Processing IP: 10.22.5.126
ArpWatch worker: Processing IP: 10.22.6.25
ArpWatch worker: Processing IP: 10.22.6.27
IP: 10.22.5.126 read into input chan: 0xc0000781e0
IP: 10.22.5.127 read into input chan: 0xc0000781e0
IP: 10.22.5.128 read into input chan: 0xc0000781e0
IP: 10.22.6.27 read into input chan: 0xc0000783c0
IP: 10.22.6.28 read into input chan: 0xc0000783c0
IP: 10.22.6.29 read into input chan: 0xc0000783c0
IP: 10.22.5.129 read into input chan: 0xc0000781e0
ArpWatch worker: Processing IP: 10.22.6.29
ArpWatch worker: Processing IP: 10.22.6.30
ArpHosts worker: Processing IP: 10.22.5.127
ArpHosts worker: Processing IP: 10.22.5.128
ArpHosts worker: Processing IP: 10.22.5.129
ArpWatch worker: Processing IP: 10.22.6.28
IP: 10.22.6.30 read into input chan: 0xc0000783c0
IP: 10.22.6.31 read into input chan: 0xc0000783c0
IP: 10.22.6.32 read into input chan: 0xc0000783c0
ArpHosts worker: Processing IP: 10.22.5.130
ArpWatch worker: Processing IP: 10.22.6.32
IP: 10.22.5.130 read into input chan: 0xc0000781e0
IP: 10.22.5.131 read into input chan: 0xc0000781e0
IP: 10.22.5.132 read into input chan: 0xc0000781e0
ArpWatch worker: Processing IP: 10.22.6.31
ArpWatch worker: Processing IP: 10.22.6.33
IP: 10.22.5.133 read into input chan: 0xc0000781e0
IP: 10.22.6.33 read into input chan: 0xc0000783c0
IP: 10.22.6.34 read into input chan: 0xc0000783c0
IP: 10.22.6.35 read into input chan: 0xc0000783c0
ArpHosts worker: Processing IP: 10.22.5.131
IP: 10.22.6.36 read into input chan: 0xc0000783c0
ArpHosts worker: Processing IP: 10.22.5.132
ArpWatch worker: Processing IP: 10.22.6.35
IP: 10.22.5.134 read into input chan: 0xc0000781e0
ArpWatch worker: Processing IP: 10.22.6.36
ArpWatch worker: Processing IP: 10.22.6.37
IP: 10.22.5.135 read into input chan: 0xc0000781e0
ArpWatch worker: Processing IP: 10.22.6.34
IP: 10.22.6.37 read into input chan: 0xc0000783c0
IP: 10.22.6.38 read into input chan: 0xc0000783c0
ArpHosts worker: Processing IP: 10.22.5.133
ArpHosts worker: Processing IP: 10.22.5.134
ArpHosts worker: Processing IP: 10.22.5.135
ArpWatch worker: Processing IP: 10.22.6.38
ArpHosts worker: Processing IP: 10.22.5.136
ArpWatch worker: Processing IP: 10.22.6.39
IP: 10.22.5.136 read into input chan: 0xc0000781e0
IP: 10.22.5.137 read into input chan: 0xc0000781e0
IP: 10.22.5.138 read into input chan: 0xc0000781e0
IP: 10.22.6.39 read into input chan: 0xc0000783c0
IP: 10.22.6.40 read into input chan: 0xc0000783c0
IP: 10.22.6.41 read into input chan: 0xc0000783c0
IP: 10.22.5.139 read into input chan: 0xc0000781e0
ArpHosts worker: Processing IP: 10.22.5.137
ArpHosts worker: Processing IP: 10.22.5.138
IP: 10.22.6.42 read into input chan: 0xc0000783c0
ArpHosts worker: Processing IP: 10.22.5.139
ArpWatch worker: Processing IP: 10.22.6.40
ArpWatch worker: Processing IP: 10.22.6.42
ArpWatch worker: Processing IP: 10.22.6.41
IP: 10.22.5.140 read into input chan: 0xc0000781e0
IP: 10.22.5.141 read into input chan: 0xc0000781e0
IP: 10.22.5.142 read into input chan: 0xc0000781e0
IP: 10.22.6.43 read into input chan: 0xc0000783c0
ArpWatch worker: Processing IP: 10.22.6.43
ArpHosts worker: Processing IP: 10.22.5.140
IP: 10.22.5.143 read into input chan: 0xc0000781e0
ArpWatch worker: Processing IP: 10.22.6.44
ArpHosts worker: Processing IP: 10.22.5.141
ArpHosts worker: Processing IP: 10.22.5.142
ArpHosts worker: Processing IP: 10.22.5.143
IP: 10.22.6.44 read into input chan: 0xc0000783c0
IP: 10.22.6.45 read into input chan: 0xc0000783c0
IP: 10.22.6.46 read into input chan: 0xc0000783c0
ArpHosts worker: Processing IP: 10.22.5.144
ArpWatch worker: Processing IP: 10.22.6.46
ArpWatch worker: Processing IP: 10.22.6.47
ArpWatch worker: Processing IP: 10.22.6.45
IP: 10.22.5.144 read into input chan: 0xc0000781e0
IP: 10.22.5.145 read into input chan: 0xc0000781e0
IP: 10.22.5.146 read into input chan: 0xc0000781e0
IP: 10.22.6.47 read into input chan: 0xc0000783c0
IP: 10.22.6.48 read into input chan: 0xc0000783c0
IP: 10.22.6.49 read into input chan: 0xc0000783c0
IP: 10.22.5.147 read into input chan: 0xc0000781e0
ArpWatch worker: Processing IP: 10.22.6.49
ArpHosts worker: Processing IP: 10.22.5.145
ArpHosts worker: Processing IP: 10.22.5.146
ArpHosts worker: Processing IP: 10.22.5.147
ArpWatch worker: Processing IP: 10.22.6.48
ArpWatch worker: Processing IP: 10.22.6.50
ArpHosts worker: Processing IP: 10.22.5.148
IP: 10.22.6.50 read into input chan: 0xc0000783c0
IP: 10.22.6.51 read into input chan: 0xc0000783c0
IP: 10.22.6.52 read into input chan: 0xc0000783c0
IP: 10.22.5.148 read into input chan: 0xc0000781e0
IP: 10.22.5.149 read into input chan: 0xc0000781e0
IP: 10.22.5.150 read into input chan: 0xc0000781e0
IP: 10.22.5.151 read into input chan: 0xc0000781e0
ArpWatch worker: Processing IP: 10.22.6.52
IP: 10.22.6.53 read into input chan: 0xc0000783c0
IP: 10.22.6.54 read into input chan: 0xc0000783c0
ArpWatch worker: Processing IP: 10.22.6.53
ArpWatch worker: Processing IP: 10.22.6.51
ArpHosts worker: Processing IP: 10.22.5.149
ArpHosts worker: Processing IP: 10.22.5.150
ArpHosts worker: Processing IP: 10.22.5.151
IP: 10.22.6.55 read into input chan: 0xc0000783c0
ArpHosts worker: Processing IP: 10.22.5.152
ArpWatch worker: Processing IP: 10.22.6.55
IP: 10.22.5.152 read into input chan: 0xc0000781e0
IP: 10.22.5.153 read into input chan: 0xc0000781e0
IP: 10.22.5.154 read into input chan: 0xc0000781e0
ArpWatch worker: Processing IP: 10.22.6.54
ArpWatch worker: Processing IP: 10.22.6.56
IP: 10.22.5.155 read into input chan: 0xc0000781e0
IP: 10.22.6.56 read into input chan: 0xc0000783c0
IP: 10.22.6.57 read into input chan: 0xc0000783c0
ArpHosts worker: Processing IP: 10.22.5.153
ArpWatch worker: Processing IP: 10.22.6.57
IP: 10.22.5.156 read into input chan: 0xc0000781e0
ArpHosts worker: Processing IP: 10.22.5.154
ArpHosts worker: Processing IP: 10.22.5.155
ArpWatch worker: Processing IP: 10.22.6.58
IP: 10.22.6.58 read into input chan: 0xc0000783c0
IP: 10.22.6.59 read into input chan: 0xc0000783c0
IP: 10.22.6.60 read into input chan: 0xc0000783c0
ArpHosts worker: Processing IP: 10.22.5.156
ArpWatch worker: Processing IP: 10.22.6.60
ArpHosts worker: Processing IP: 10.22.5.157
ArpWatch worker: Processing IP: 10.22.6.59
ArpWatch worker: Processing IP: 10.22.6.61
IP: 10.22.5.157 read into input chan: 0xc0000781e0
IP: 10.22.5.158 read into input chan: 0xc0000781e0
IP: 10.22.5.159 read into input chan: 0xc0000781e0
IP: 10.22.6.61 read into input chan: 0xc0000783c0
IP: 10.22.6.62 read into input chan: 0xc0000783c0
IP: 10.22.6.63 read into input chan: 0xc0000783c0
IP: 10.22.5.160 read into input chan: 0xc0000781e0
ArpWatch worker: Processing IP: 10.22.6.63
ArpHosts worker: Processing IP: 10.22.5.158
ArpHosts worker: Processing IP: 10.22.5.159
ArpWatch worker: Processing IP: 10.22.6.62
ArpHosts worker: Processing IP: 10.22.5.160
IP: 10.22.5.161 read into input chan: 0xc0000781e0
IP: 10.22.5.162 read into input chan: 0xc0000781e0
IP: 10.22.6.64 read into input chan: 0xc0000783c0
IP: 10.22.6.65 read into input chan: 0xc0000783c0
IP: 10.22.6.66 read into input chan: 0xc0000783c0
ArpWatch worker: Processing IP: 10.22.6.64
IP: 10.22.5.163 read into input chan: 0xc0000781e0
ArpHosts worker: Processing IP: 10.22.5.161
ArpWatch worker: Processing IP: 10.22.6.66
IP: 10.22.5.164 read into input chan: 0xc0000781e0
ArpWatch worker: Processing IP: 10.22.6.65
ArpWatch worker: Processing IP: 10.22.6.67
ArpHosts worker: Processing IP: 10.22.5.162
ArpHosts worker: Processing IP: 10.22.5.163
ArpHosts worker: Processing IP: 10.22.5.164
IP: 10.22.6.67 read into input chan: 0xc0000783c0
IP: 10.22.6.68 read into input chan: 0xc0000783c0
IP: 10.22.6.69 read into input chan: 0xc0000783c0
ArpHosts worker: Processing IP: 10.22.5.165
IP: 10.22.5.165 read into input chan: 0xc0000781e0
IP: 10.22.6.70 read into input chan: 0xc0000783c0
ArpHosts worker: Processing IP: 10.22.5.166
IP: 10.22.5.166 read into input chan: 0xc0000781e0
IP: 10.22.5.167 read into input chan: 0xc0000781e0
IP: 10.22.6.71 read into input chan: 0xc0000783c0
IP: 10.22.5.168 read into input chan: 0xc0000781e0
IP: 10.22.5.169 read into input chan: 0xc0000781e0
ArpWatch worker: Processing IP: 10.22.6.68
ArpWatch worker: Processing IP: 10.22.6.70
ArpWatch worker: Processing IP: 10.22.6.71
ArpWatch worker: Processing IP: 10.22.6.69
ArpHosts worker: Processing IP: 10.22.5.167
ArpHosts worker: Processing IP: 10.22.5.168
ArpHosts worker: Processing IP: 10.22.5.169
ArpWatch worker: Processing IP: 10.22.6.72
ArpHosts worker: Processing IP: 10.22.5.170
IP: 10.22.6.72 read into input chan: 0xc0000783c0
IP: 10.22.6.73 read into input chan: 0xc0000783c0
IP: 10.22.6.74 read into input chan: 0xc0000783c0
IP: 10.22.5.170 read into input chan: 0xc0000781e0
IP: 10.22.5.171 read into input chan: 0xc0000781e0
IP: 10.22.5.172 read into input chan: 0xc0000781e0
ArpWatch worker: Processing IP: 10.22.6.74
IP: 10.22.5.173 read into input chan: 0xc0000781e0
ArpHosts worker: Processing IP: 10.22.5.171
IP: 10.22.6.75 read into input chan: 0xc0000783c0
ArpWatch worker: Processing IP: 10.22.6.75
ArpWatch worker: Processing IP: 10.22.6.76
IP: 10.22.5.174 read into input chan: 0xc0000781e0
ArpHosts worker: Processing IP: 10.22.5.172
ArpHosts worker: Processing IP: 10.22.5.173
ArpHosts worker: Processing IP: 10.22.5.174
ArpWatch worker: Processing IP: 10.22.6.73
IP: 10.22.6.76 read into input chan: 0xc0000783c0
IP: 10.22.6.77 read into input chan: 0xc0000783c0
IP: 10.22.6.78 read into input chan: 0xc0000783c0
ArpHosts worker: Processing IP: 10.22.5.175
ArpWatch worker: Processing IP: 10.22.6.78
IP: 10.22.5.175 read into input chan: 0xc0000781e0
IP: 10.22.5.176 read into input chan: 0xc0000781e0
IP: 10.22.5.177 read into input chan: 0xc0000781e0
ArpWatch worker: Processing IP: 10.22.6.77
ArpWatch worker: Processing IP: 10.22.6.79
IP: 10.22.5.178 read into input chan: 0xc0000781e0
IP: 10.22.6.79 read into input chan: 0xc0000783c0
IP: 10.22.6.80 read into input chan: 0xc0000783c0
ArpHosts worker: Processing IP: 10.22.5.176
ArpWatch worker: Processing IP: 10.22.6.81
IP: 10.22.5.179 read into input chan: 0xc0000781e0
IP: 10.22.6.81 read into input chan: 0xc0000783c0
IP: 10.22.6.82 read into input chan: 0xc0000783c0
ArpWatch worker: Processing IP: 10.22.6.80
ArpHosts worker: Processing IP: 10.22.5.177
ArpHosts worker: Processing IP: 10.22.5.178
ArpHosts worker: Processing IP: 10.22.5.179
IP: 10.22.6.83 read into input chan: 0xc0000783c0
ArpHosts worker: Processing IP: 10.22.5.180
ArpWatch worker: Processing IP: 10.22.6.83
IP: 10.22.5.180 read into input chan: 0xc0000781e0
IP: 10.22.5.181 read into input chan: 0xc0000781e0
IP: 10.22.5.182 read into input chan: 0xc0000781e0
ArpWatch worker: Processing IP: 10.22.6.82
ArpWatch worker: Processing IP: 10.22.6.84
IP: 10.22.5.183 read into input chan: 0xc0000781e0
IP: 10.22.6.84 read into input chan: 0xc0000783c0
IP: 10.22.6.85 read into input chan: 0xc0000783c0
IP: 10.22.6.86 read into input chan: 0xc0000783c0
ArpWatch worker: Processing IP: 10.22.6.86
IP: 10.22.6.87 read into input chan: 0xc0000783c0
IP: 10.22.6.88 read into input chan: 0xc0000783c0
ArpWatch worker: Processing IP: 10.22.6.87
ArpWatch worker: Processing IP: 10.22.6.88
ArpWatch worker: Processing IP: 10.22.6.85
IP: 10.22.6.89 read into input chan: 0xc0000783c0
ArpHosts worker: Processing IP: 10.22.5.181
ArpHosts worker: Processing IP: 10.22.5.182
ArpHosts worker: Processing IP: 10.22.5.183
ArpWatch worker: Processing IP: 10.22.6.89
ArpHosts worker: Processing IP: 10.22.5.184
ArpWatch worker: Processing IP: 10.22.6.90
IP: 10.22.5.184 read into input chan: 0xc0000781e0
IP: 10.22.5.185 read into input chan: 0xc0000781e0
IP: 10.22.5.186 read into input chan: 0xc0000781e0
IP: 10.22.6.90 read into input chan: 0xc0000783c0
IP: 10.22.6.91 read into input chan: 0xc0000783c0
IP: 10.22.6.92 read into input chan: 0xc0000783c0
IP: 10.22.5.187 read into input chan: 0xc0000781e0
ArpWatch worker: Processing IP: 10.22.6.92
ArpWatch worker: Processing IP: 10.22.6.91
ArpHosts worker: Processing IP: 10.22.5.185
ArpHosts worker: Processing IP: 10.22.5.186
ArpWatch worker: Processing IP: 10.22.6.93
IP: 10.22.6.93 read into input chan: 0xc0000783c0
IP: 10.22.6.94 read into input chan: 0xc0000783c0
IP: 10.22.6.95 read into input chan: 0xc0000783c0
ArpHosts worker: Processing IP: 10.22.5.187
ArpWatch worker: Processing IP: 10.22.6.95
ArpHosts worker: Processing IP: 10.22.5.188
ArpWatch worker: Processing IP: 10.22.6.94
ArpWatch worker: Processing IP: 10.22.6.96
IP: 10.22.5.188 read into input chan: 0xc0000781e0
IP: 10.22.5.189 read into input chan: 0xc0000781e0
IP: 10.22.5.190 read into input chan: 0xc0000781e0
IP: 10.22.6.96 read into input chan: 0xc0000783c0
IP: 10.22.6.97 read into input chan: 0xc0000783c0
IP: 10.22.6.98 read into input chan: 0xc0000783c0
IP: 10.22.5.191 read into input chan: 0xc0000781e0
ArpWatch worker: Processing IP: 10.22.6.98
ArpWatch worker: Processing IP: 10.22.6.97
ArpHosts worker: Processing IP: 10.22.5.189
ArpHosts worker: Processing IP: 10.22.5.190
ArpWatch worker: Processing IP: 10.22.6.99
IP: 10.22.6.99 read into input chan: 0xc0000783c0
IP: 10.22.6.100 read into input chan: 0xc0000783c0
ArpHosts worker: Processing IP: 10.22.5.191
ArpHosts worker: Processing IP: 10.22.5.192
IP: 10.22.5.192 read into input chan: 0xc0000781e0
IP: 10.22.5.193 read into input chan: 0xc0000781e0
IP: 10.22.5.194 read into input chan: 0xc0000781e0
IP: 10.22.6.101 read into input chan: 0xc0000783c0
IP: 10.22.5.195 read into input chan: 0xc0000781e0
ArpWatch worker: Processing IP: 10.22.6.101
ArpHosts worker: Processing IP: 10.22.5.193
ArpHosts worker: Processing IP: 10.22.5.194
ArpWatch worker: Processing IP: 10.22.6.102
IP: 10.22.6.102 read into input chan: 0xc0000783c0
IP: 10.22.6.103 read into input chan: 0xc0000783c0
ArpHosts worker: Processing IP: 10.22.5.195
ArpHosts worker: Processing IP: 10.22.5.196
IP: 10.22.5.196 read into input chan: 0xc0000781e0
IP: 10.22.5.197 read into input chan: 0xc0000781e0
IP: 10.22.5.198 read into input chan: 0xc0000781e0
IP: 10.22.6.104 read into input chan: 0xc0000783c0
ArpWatch worker: Processing IP: 10.22.6.100
IP: 10.22.5.199 read into input chan: 0xc0000781e0
ArpWatch worker: Processing IP: 10.22.6.104
ArpHosts worker: Processing IP: 10.22.5.197
ArpHosts worker: Processing IP: 10.22.5.198
ArpHosts worker: Processing IP: 10.22.5.199
ArpWatch worker: Processing IP: 10.22.6.103
ArpWatch worker: Processing IP: 10.22.6.105
ArpHosts worker: Processing IP: 10.22.5.200
IP: 10.22.6.105 read into input chan: 0xc0000783c0
IP: 10.22.6.106 read into input chan: 0xc0000783c0
IP: 10.22.6.107 read into input chan: 0xc0000783c0
IP: 10.22.5.200 read into input chan: 0xc0000781e0
IP: 10.22.5.201 read into input chan: 0xc0000781e0
IP: 10.22.5.202 read into input chan: 0xc0000781e0
ArpWatch worker: Processing IP: 10.22.6.107
IP: 10.22.5.203 read into input chan: 0xc0000781e0
ArpWatch worker: Processing IP: 10.22.6.106
ArpWatch worker: Processing IP: 10.22.6.108
ArpHosts worker: Processing IP: 10.22.5.201
ArpHosts worker: Processing IP: 10.22.5.202
ArpHosts worker: Processing IP: 10.22.5.203
IP: 10.22.6.108 read into input chan: 0xc0000783c0
IP: 10.22.6.109 read into input chan: 0xc0000783c0
IP: 10.22.6.110 read into input chan: 0xc0000783c0
ArpHosts worker: Processing IP: 10.22.5.204
ArpWatch worker: Processing IP: 10.22.6.110
IP: 10.22.5.204 read into input chan: 0xc0000781e0
IP: 10.22.5.205 read into input chan: 0xc0000781e0
IP: 10.22.5.206 read into input chan: 0xc0000781e0
ArpWatch worker: Processing IP: 10.22.6.109
ArpWatch worker: Processing IP: 10.22.6.111
IP: 10.22.5.207 read into input chan: 0xc0000781e0
IP: 10.22.6.111 read into input chan: 0xc0000783c0
IP: 10.22.6.112 read into input chan: 0xc0000783c0
IP: 10.22.6.113 read into input chan: 0xc0000783c0
ArpHosts worker: Processing IP: 10.22.5.205
ArpHosts worker: Processing IP: 10.22.5.206
ArpHosts worker: Processing IP: 10.22.5.207
ArpWatch worker: Processing IP: 10.22.6.113
ArpHosts worker: Processing IP: 10.22.5.208
ArpWatch worker: Processing IP: 10.22.6.112
ArpWatch worker: Processing IP: 10.22.6.114
IP: 10.22.5.208 read into input chan: 0xc0000781e0
IP: 10.22.5.209 read into input chan: 0xc0000781e0
IP: 10.22.5.210 read into input chan: 0xc0000781e0
IP: 10.22.6.114 read into input chan: 0xc0000783c0
IP: 10.22.6.115 read into input chan: 0xc0000783c0
IP: 10.22.6.116 read into input chan: 0xc0000783c0
IP: 10.22.5.211 read into input chan: 0xc0000781e0
ArpWatch worker: Processing IP: 10.22.6.116
ArpHosts worker: Processing IP: 10.22.5.209
ArpHosts worker: Processing IP: 10.22.5.210
ArpHosts worker: Processing IP: 10.22.5.211
ArpWatch worker: Processing IP: 10.22.6.115
ArpWatch worker: Processing IP: 10.22.6.117
ArpHosts worker: Processing IP: 10.22.5.212
IP: 10.22.6.117 read into input chan: 0xc0000783c0
IP: 10.22.6.118 read into input chan: 0xc0000783c0
IP: 10.22.6.119 read into input chan: 0xc0000783c0
IP: 10.22.5.212 read into input chan: 0xc0000781e0
IP: 10.22.5.213 read into input chan: 0xc0000781e0
IP: 10.22.5.214 read into input chan: 0xc0000781e0
ArpWatch worker: Processing IP: 10.22.6.119
IP: 10.22.5.215 read into input chan: 0xc0000781e0
ArpWatch worker: Processing IP: 10.22.6.118
ArpWatch worker: Processing IP: 10.22.6.120
ArpHosts worker: Processing IP: 10.22.5.213
ArpHosts worker: Processing IP: 10.22.5.214
ArpHosts worker: Processing IP: 10.22.5.215
IP: 10.22.6.120 read into input chan: 0xc0000783c0
IP: 10.22.6.121 read into input chan: 0xc0000783c0
IP: 10.22.6.122 read into input chan: 0xc0000783c0
ArpHosts worker: Processing IP: 10.22.5.216
ArpWatch worker: Processing IP: 10.22.6.122
IP: 10.22.5.216 read into input chan: 0xc0000781e0
IP: 10.22.5.217 read into input chan: 0xc0000781e0
IP: 10.22.5.218 read into input chan: 0xc0000781e0
ArpWatch worker: Processing IP: 10.22.6.121
ArpWatch worker: Processing IP: 10.22.6.123
IP: 10.22.5.219 read into input chan: 0xc0000781e0
IP: 10.22.6.123 read into input chan: 0xc0000783c0
IP: 10.22.6.124 read into input chan: 0xc0000783c0
IP: 10.22.6.125 read into input chan: 0xc0000783c0
ArpHosts worker: Processing IP: 10.22.5.217
ArpHosts worker: Processing IP: 10.22.5.218
ArpHosts worker: Processing IP: 10.22.5.219
ArpWatch worker: Processing IP: 10.22.6.125
ArpHosts worker: Processing IP: 10.22.5.220
ArpWatch worker: Processing IP: 10.22.6.124
ArpWatch worker: Processing IP: 10.22.6.126
IP: 10.22.5.220 read into input chan: 0xc0000781e0
IP: 10.22.5.221 read into input chan: 0xc0000781e0
IP: 10.22.5.222 read into input chan: 0xc0000781e0
IP: 10.22.6.126 read into input chan: 0xc0000783c0
IP: 10.22.6.127 read into input chan: 0xc0000783c0
IP: 10.22.6.128 read into input chan: 0xc0000783c0
IP: 10.22.5.223 read into input chan: 0xc0000781e0
ArpWatch worker: Processing IP: 10.22.6.128
ArpHosts worker: Processing IP: 10.22.5.221
ArpHosts worker: Processing IP: 10.22.5.222
ArpHosts worker: Processing IP: 10.22.5.223
ArpWatch worker: Processing IP: 10.22.6.127
ArpWatch worker: Processing IP: 10.22.6.129
ArpHosts worker: Processing IP: 10.22.5.224
IP: 10.22.6.129 read into input chan: 0xc0000783c0
IP: 10.22.6.130 read into input chan: 0xc0000783c0
IP: 10.22.6.131 read into input chan: 0xc0000783c0
IP: 10.22.5.224 read into input chan: 0xc0000781e0
IP: 10.22.5.225 read into input chan: 0xc0000781e0
IP: 10.22.5.226 read into input chan: 0xc0000781e0
ArpWatch worker: Processing IP: 10.22.6.131
IP: 10.22.5.227 read into input chan: 0xc0000781e0
ArpWatch worker: Processing IP: 10.22.6.130
ArpWatch worker: Processing IP: 10.22.6.132
ArpHosts worker: Processing IP: 10.22.5.225
ArpHosts worker: Processing IP: 10.22.5.226
ArpHosts worker: Processing IP: 10.22.5.227
IP: 10.22.6.132 read into input chan: 0xc0000783c0
IP: 10.22.6.133 read into input chan: 0xc0000783c0
IP: 10.22.6.134 read into input chan: 0xc0000783c0
ArpHosts worker: Processing IP: 10.22.5.228
ArpWatch worker: Processing IP: 10.22.6.134
IP: 10.22.5.228 read into input chan: 0xc0000781e0
IP: 10.22.5.229 read into input chan: 0xc0000781e0
IP: 10.22.5.230 read into input chan: 0xc0000781e0
ArpWatch worker: Processing IP: 10.22.6.133
ArpWatch worker: Processing IP: 10.22.6.135
IP: 10.22.5.231 read into input chan: 0xc0000781e0
IP: 10.22.6.135 read into input chan: 0xc0000783c0
IP: 10.22.6.136 read into input chan: 0xc0000783c0
IP: 10.22.6.137 read into input chan: 0xc0000783c0
ArpHosts worker: Processing IP: 10.22.5.229
ArpHosts worker: Processing IP: 10.22.5.230
ArpHosts worker: Processing IP: 10.22.5.231
ArpWatch worker: Processing IP: 10.22.6.137
ArpHosts worker: Processing IP: 10.22.5.232
ArpWatch worker: Processing IP: 10.22.6.136
ArpWatch worker: Processing IP: 10.22.6.138
IP: 10.22.5.232 read into input chan: 0xc0000781e0
IP: 10.22.5.233 read into input chan: 0xc0000781e0
IP: 10.22.5.234 read into input chan: 0xc0000781e0
IP: 10.22.6.138 read into input chan: 0xc0000783c0
IP: 10.22.6.139 read into input chan: 0xc0000783c0
IP: 10.22.6.140 read into input chan: 0xc0000783c0
IP: 10.22.5.235 read into input chan: 0xc0000781e0
ArpWatch worker: Processing IP: 10.22.6.140
ArpHosts worker: Processing IP: 10.22.5.233
ArpHosts worker: Processing IP: 10.22.5.234
ArpHosts worker: Processing IP: 10.22.5.235
ArpWatch worker: Processing IP: 10.22.6.139
ArpWatch worker: Processing IP: 10.22.6.141
ArpHosts worker: Processing IP: 10.22.5.236
IP: 10.22.6.141 read into input chan: 0xc0000783c0
IP: 10.22.6.142 read into input chan: 0xc0000783c0
IP: 10.22.6.143 read into input chan: 0xc0000783c0
IP: 10.22.5.236 read into input chan: 0xc0000781e0
IP: 10.22.5.237 read into input chan: 0xc0000781e0
IP: 10.22.5.238 read into input chan: 0xc0000781e0
ArpWatch worker: Processing IP: 10.22.6.143
IP: 10.22.5.239 read into input chan: 0xc0000781e0
ArpWatch worker: Processing IP: 10.22.6.142
ArpWatch worker: Processing IP: 10.22.6.144
ArpHosts worker: Processing IP: 10.22.5.237
ArpHosts worker: Processing IP: 10.22.5.238
ArpHosts worker: Processing IP: 10.22.5.239
IP: 10.22.6.144 read into input chan: 0xc0000783c0
IP: 10.22.6.145 read into input chan: 0xc0000783c0
IP: 10.22.6.146 read into input chan: 0xc0000783c0
ArpHosts worker: Processing IP: 10.22.5.240
ArpWatch worker: Processing IP: 10.22.6.146
IP: 10.22.5.240 read into input chan: 0xc0000781e0
IP: 10.22.5.241 read into input chan: 0xc0000781e0
IP: 10.22.5.242 read into input chan: 0xc0000781e0
ArpWatch worker: Processing IP: 10.22.6.145
ArpWatch worker: Processing IP: 10.22.6.147
IP: 10.22.5.243 read into input chan: 0xc0000781e0
IP: 10.22.6.147 read into input chan: 0xc0000783c0
IP: 10.22.6.148 read into input chan: 0xc0000783c0
IP: 10.22.6.149 read into input chan: 0xc0000783c0
ArpHosts worker: Processing IP: 10.22.5.241
ArpHosts worker: Processing IP: 10.22.5.242
ArpHosts worker: Processing IP: 10.22.5.243
ArpWatch worker: Processing IP: 10.22.6.149
ArpHosts worker: Processing IP: 10.22.5.244
ArpWatch worker: Processing IP: 10.22.6.148
ArpWatch worker: Processing IP: 10.22.6.150
IP: 10.22.5.244 read into input chan: 0xc0000781e0
IP: 10.22.5.245 read into input chan: 0xc0000781e0
IP: 10.22.5.246 read into input chan: 0xc0000781e0
IP: 10.22.6.150 read into input chan: 0xc0000783c0
IP: 10.22.6.151 read into input chan: 0xc0000783c0
IP: 10.22.6.152 read into input chan: 0xc0000783c0
IP: 10.22.5.247 read into input chan: 0xc0000781e0
ArpWatch worker: Processing IP: 10.22.6.152
ArpHosts worker: Processing IP: 10.22.5.245
ArpHosts worker: Processing IP: 10.22.5.246
ArpWatch worker: Processing IP: 10.22.6.151
ArpHosts worker: Processing IP: 10.22.5.247
ArpHosts worker: Processing IP: 10.22.5.248
ArpWatch worker: Processing IP: 10.22.6.153
IP: 10.22.6.153 read into input chan: 0xc0000783c0
IP: 10.22.6.154 read into input chan: 0xc0000783c0
IP: 10.22.6.155 read into input chan: 0xc0000783c0
IP: 10.22.5.248 read into input chan: 0xc0000781e0
IP: 10.22.5.249 read into input chan: 0xc0000781e0
ArpHosts worker: Processing IP: 10.22.5.249
ArpWatch worker: Processing IP: 10.22.6.155
ArpHosts worker: Processing IP: 10.22.5.250
ArpWatch worker: Processing IP: 10.22.6.154
ArpWatch worker: Processing IP: 10.22.6.156
IP: 10.22.5.250 read into input chan: 0xc0000781e0
IP: 10.22.5.251 read into input chan: 0xc0000781e0
IP: 10.22.5.252 read into input chan: 0xc0000781e0
IP: 10.22.6.156 read into input chan: 0xc0000783c0
IP: 10.22.6.157 read into input chan: 0xc0000783c0
IP: 10.22.6.158 read into input chan: 0xc0000783c0
IP: 10.22.5.253 read into input chan: 0xc0000781e0
ArpWatch worker: Processing IP: 10.22.6.158
ArpWatch worker: Processing IP: 10.22.6.157
ArpWatch worker: Processing IP: 10.22.6.159
ArpHosts worker: Processing IP: 10.22.5.251
ArpHosts worker: Processing IP: 10.22.5.252
ArpHosts worker: Processing IP: 10.22.5.253
IP: 10.22.6.159 read into input chan: 0xc0000783c0
IP: 10.22.6.160 read into input chan: 0xc0000783c0
IP: 10.22.6.161 read into input chan: 0xc0000783c0
ArpHosts worker: Processing IP: 10.22.5.254
ArpWatch worker: Processing IP: 10.22.6.161
IP: 10.22.5.254 read into input chan: 0xc0000781e0
IP: 10.22.5.255 read into input chan: 0xc0000781e0
IP: 10.22.6.0 read into input chan: 0xc0000781e0
ArpWatch worker: Processing IP: 10.22.6.160
ArpWatch worker: Processing IP: 10.22.6.162
IP: 10.22.6.1 read into input chan: 0xc0000781e0
IP: 10.22.6.162 read into input chan: 0xc0000783c0
IP: 10.22.6.163 read into input chan: 0xc0000783c0
IP: 10.22.6.164 read into input chan: 0xc0000783c0
ArpHosts worker: Processing IP: 10.22.5.255
ArpHosts worker: Processing IP: 10.22.6.0
ArpHosts worker: Processing IP: 10.22.6.1
ArpWatch worker: Processing IP: 10.22.6.164
ArpWatch worker: Processing IP: 10.22.6.163
ArpWatch worker: Processing IP: 10.22.6.165
ArpHosts worker: Processing IP: 10.22.6.2
IP: 10.22.6.165 read into input chan: 0xc0000783c0
IP: 10.22.6.166 read into input chan: 0xc0000783c0
IP: 10.22.6.167 read into input chan: 0xc0000783c0
IP: 10.22.6.2 read into input chan: 0xc0000781e0
IP: 10.22.6.3 read into input chan: 0xc0000781e0
IP: 10.22.6.4 read into input chan: 0xc0000781e0
ArpWatch worker: Processing IP: 10.22.6.167
IP: 10.22.6.5 read into input chan: 0xc0000781e0
ArpWatch worker: Processing IP: 10.22.6.166
ArpWatch worker: Processing IP: 10.22.6.168
ArpHosts worker: Processing IP: 10.22.6.3
ArpHosts worker: Processing IP: 10.22.6.4
ArpHosts worker: Processing IP: 10.22.6.5
IP: 10.22.6.168 read into input chan: 0xc0000783c0
IP: 10.22.6.169 read into input chan: 0xc0000783c0
IP: 10.22.6.170 read into input chan: 0xc0000783c0
ArpWatch worker: Processing IP: 10.22.6.170
IP: 10.22.6.171 read into input chan: 0xc0000783c0
ArpWatch worker: Processing IP: 10.22.6.171
IP: 10.22.6.6 read into input chan: 0xc0000781e0
IP: 10.22.6.7 read into input chan: 0xc0000781e0
ArpWatch worker: Processing IP: 10.22.6.169
ArpHosts worker: Processing IP: 10.22.6.6
ArpWatch worker: Processing IP: 10.22.6.172
IP: 10.22.6.172 read into input chan: 0xc0000783c0
IP: 10.22.6.8 read into input chan: 0xc0000781e0
ArpWatch worker: Processing IP: 10.22.6.173
IP: 10.22.6.9 read into input chan: 0xc0000781e0
IP: 10.22.6.173 read into input chan: 0xc0000783c0
IP: 10.22.6.174 read into input chan: 0xc0000783c0
IP: 10.22.6.175 read into input chan: 0xc0000783c0
ArpHosts worker: Processing IP: 10.22.6.7
ArpHosts worker: Processing IP: 10.22.6.8
ArpHosts worker: Processing IP: 10.22.6.9
ArpWatch worker: Processing IP: 10.22.6.175
ArpHosts worker: Processing IP: 10.22.6.10
ArpWatch worker: Processing IP: 10.22.6.174
IP: 10.22.6.176 read into input chan: 0xc0000783c0
IP: 10.22.6.177 read into input chan: 0xc0000783c0
IP: 10.22.6.10 read into input chan: 0xc0000781e0
IP: 10.22.6.11 read into input chan: 0xc0000781e0
ArpHosts worker: Processing IP: 10.22.6.11
ArpHosts worker: Processing IP: 10.22.6.12
IP: 10.22.6.178 read into input chan: 0xc0000783c0
IP: 10.22.6.179 read into input chan: 0xc0000783c0
ArpWatch worker: Processing IP: 10.22.6.176
ArpWatch worker: Processing IP: 10.22.6.178
IP: 10.22.6.12 read into input chan: 0xc0000781e0
IP: 10.22.6.13 read into input chan: 0xc0000781e0
IP: 10.22.6.14 read into input chan: 0xc0000781e0
ArpWatch worker: Processing IP: 10.22.6.177
ArpWatch worker: Processing IP: 10.22.6.179
IP: 10.22.6.15 read into input chan: 0xc0000781e0
ArpWatch worker: Processing IP: 10.22.6.180
ArpHosts worker: Processing IP: 10.22.6.13
ArpHosts worker: Processing IP: 10.22.6.14
ArpHosts worker: Processing IP: 10.22.6.15
IP: 10.22.6.180 read into input chan: 0xc0000783c0
IP: 10.22.6.181 read into input chan: 0xc0000783c0
ArpHosts worker: Processing IP: 10.22.6.16
IP: 10.22.6.16 read into input chan: 0xc0000781e0
IP: 10.22.6.182 read into input chan: 0xc0000783c0
ArpWatch worker: Processing IP: 10.22.6.182
ArpWatch worker: Processing IP: 10.22.6.183
IP: 10.22.6.17 read into input chan: 0xc0000781e0
IP: 10.22.6.18 read into input chan: 0xc0000781e0
IP: 10.22.6.183 read into input chan: 0xc0000783c0
IP: 10.22.6.184 read into input chan: 0xc0000783c0
ArpWatch worker: Processing IP: 10.22.6.181
ArpWatch worker: Processing IP: 10.22.6.184
ArpHosts worker: Processing IP: 10.22.6.17
IP: 10.22.6.19 read into input chan: 0xc0000781e0
ArpWatch worker: Processing IP: 10.22.6.185
IP: 10.22.6.20 read into input chan: 0xc0000781e0
ArpHosts worker: Processing IP: 10.22.6.18
ArpHosts worker: Processing IP: 10.22.6.19
ArpHosts worker: Processing IP: 10.22.6.20
IP: 10.22.6.185 read into input chan: 0xc0000783c0
ArpHosts worker: Processing IP: 10.22.6.21
IP: 10.22.6.186 read into input chan: 0xc0000783c0
IP: 10.22.6.187 read into input chan: 0xc0000783c0
ArpWatch worker: Processing IP: 10.22.6.187
IP: 10.22.6.188 read into input chan: 0xc0000783c0
ArpWatch worker: Processing IP: 10.22.6.188
ArpWatch worker: Processing IP: 10.22.6.189
ArpWatch worker: Processing IP: 10.22.6.186
IP: 10.22.6.189 read into input chan: 0xc0000783c0
IP: 10.22.6.190 read into input chan: 0xc0000783c0
IP: 10.22.6.21 read into input chan: 0xc0000781e0
IP: 10.22.6.22 read into input chan: 0xc0000781e0
IP: 10.22.6.23 read into input chan: 0xc0000781e0
ArpWatch worker: Processing IP: 10.22.6.190
IP: 10.22.6.24 read into input chan: 0xc0000781e0
ArpWatch worker: Processing IP: 10.22.6.191
ArpHosts worker: Processing IP: 10.22.6.22
ArpHosts worker: Processing IP: 10.22.6.23
ArpHosts worker: Processing IP: 10.22.6.24
IP: 10.22.6.191 read into input chan: 0xc0000783c0
IP: 10.22.6.192 read into input chan: 0xc0000783c0
IP: 10.22.6.193 read into input chan: 0xc0000783c0
ArpHosts worker: Processing IP: 10.22.6.25
ArpWatch worker: Processing IP: 10.22.6.193
IP: 10.22.6.25 read into input chan: 0xc0000781e0
IP: 10.22.6.26 read into input chan: 0xc0000781e0
ArpWatch worker: Processing IP: 10.22.6.194
IP: 10.22.6.27 read into input chan: 0xc0000781e0
IP: 10.22.6.28 read into input chan: 0xc0000781e0
ArpWatch worker: Processing IP: 10.22.6.192
ArpHosts worker: Processing IP: 10.22.6.26
ArpHosts worker: Processing IP: 10.22.6.27
ArpHosts worker: Processing IP: 10.22.6.28
IP: 10.22.6.194 read into input chan: 0xc0000783c0
IP: 10.22.6.195 read into input chan: 0xc0000783c0
IP: 10.22.6.196 read into input chan: 0xc0000783c0
ArpHosts worker: Processing IP: 10.22.6.29
ArpWatch worker: Processing IP: 10.22.6.196
IP: 10.22.6.29 read into input chan: 0xc0000781e0
IP: 10.22.6.30 read into input chan: 0xc0000781e0
IP: 10.22.6.31 read into input chan: 0xc0000781e0
ArpWatch worker: Processing IP: 10.22.6.195
ArpWatch worker: Processing IP: 10.22.6.197
ArpHosts worker: Processing IP: 10.22.6.30
ArpHosts worker: Processing IP: 10.22.6.31
IP: 10.22.6.32 read into input chan: 0xc0000781e0
IP: 10.22.6.197 read into input chan: 0xc0000783c0
IP: 10.22.6.198 read into input chan: 0xc0000783c0
IP: 10.22.6.199 read into input chan: 0xc0000783c0
ArpHosts worker: Processing IP: 10.22.6.32
ArpWatch worker: Processing IP: 10.22.6.199
ArpHosts worker: Processing IP: 10.22.6.33
ArpWatch worker: Processing IP: 10.22.6.198
ArpWatch worker: Processing IP: 10.22.6.200
IP: 10.22.6.33 read into input chan: 0xc0000781e0
IP: 10.22.6.34 read into input chan: 0xc0000781e0
IP: 10.22.6.35 read into input chan: 0xc0000781e0
IP: 10.22.6.200 read into input chan: 0xc0000783c0
IP: 10.22.6.201 read into input chan: 0xc0000783c0
IP: 10.22.6.202 read into input chan: 0xc0000783c0
IP: 10.22.6.36 read into input chan: 0xc0000781e0
ArpWatch worker: Processing IP: 10.22.6.202
ArpHosts worker: Processing IP: 10.22.6.34
ArpWatch worker: Processing IP: 10.22.6.201
IP: 10.22.6.37 read into input chan: 0xc0000781e0
IP: 10.22.6.203 read into input chan: 0xc0000783c0
ArpHosts worker: Processing IP: 10.22.6.35
ArpWatch worker: Processing IP: 10.22.6.204
IP: 10.22.6.38 read into input chan: 0xc0000781e0
ArpWatch worker: Processing IP: 10.22.6.203
IP: 10.22.6.204 read into input chan: 0xc0000783c0
IP: 10.22.6.205 read into input chan: 0xc0000783c0
IP: 10.22.6.206 read into input chan: 0xc0000783c0
ArpHosts worker: Processing IP: 10.22.6.36
ArpHosts worker: Processing IP: 10.22.6.37
ArpHosts worker: Processing IP: 10.22.6.38
ArpWatch worker: Processing IP: 10.22.6.206
ArpHosts worker: Processing IP: 10.22.6.39
ArpWatch worker: Processing IP: 10.22.6.205
ArpWatch worker: Processing IP: 10.22.6.207
IP: 10.22.6.39 read into input chan: 0xc0000781e0
IP: 10.22.6.40 read into input chan: 0xc0000781e0
IP: 10.22.6.41 read into input chan: 0xc0000781e0
IP: 10.22.6.207 read into input chan: 0xc0000783c0
IP: 10.22.6.208 read into input chan: 0xc0000783c0
IP: 10.22.6.209 read into input chan: 0xc0000783c0
IP: 10.22.6.42 read into input chan: 0xc0000781e0
ArpHosts worker: Processing IP: 10.22.6.40
ArpHosts worker: Processing IP: 10.22.6.41
IP: 10.22.6.43 read into input chan: 0xc0000781e0
IP: 10.22.6.44 read into input chan: 0xc0000781e0
ArpWatch worker: Processing IP: 10.22.6.208
ArpWatch worker: Processing IP: 10.22.6.210
IP: 10.22.6.210 read into input chan: 0xc0000783c0
IP: 10.22.6.211 read into input chan: 0xc0000783c0
ArpWatch worker: Processing IP: 10.22.6.209
ArpHosts worker: Processing IP: 10.22.6.42
ArpHosts worker: Processing IP: 10.22.6.43
ArpHosts worker: Processing IP: 10.22.6.44
ArpWatch worker: Processing IP: 10.22.6.211
ArpHosts worker: Processing IP: 10.22.6.45
ArpWatch worker: Processing IP: 10.22.6.212
IP: 10.22.6.45 read into input chan: 0xc0000781e0
IP: 10.22.6.46 read into input chan: 0xc0000781e0
IP: 10.22.6.47 read into input chan: 0xc0000781e0
IP: 10.22.6.212 read into input chan: 0xc0000783c0
IP: 10.22.6.213 read into input chan: 0xc0000783c0
IP: 10.22.6.214 read into input chan: 0xc0000783c0
IP: 10.22.6.48 read into input chan: 0xc0000781e0
ArpHosts worker: Processing IP: 10.22.6.46
ArpWatch worker: Processing IP: 10.22.6.214
IP: 10.22.6.215 read into input chan: 0xc0000783c0
ArpWatch worker: Processing IP: 10.22.6.215
ArpWatch worker: Processing IP: 10.22.6.213
IP: 10.22.6.216 read into input chan: 0xc0000783c0
IP: 10.22.6.49 read into input chan: 0xc0000781e0
ArpHosts worker: Processing IP: 10.22.6.47
ArpHosts worker: Processing IP: 10.22.6.48
ArpHosts worker: Processing IP: 10.22.6.49
ArpWatch worker: Processing IP: 10.22.6.216
ArpHosts worker: Processing IP: 10.22.6.50
ArpWatch worker: Processing IP: 10.22.6.217
IP: 10.22.6.50 read into input chan: 0xc0000781e0
IP: 10.22.6.51 read into input chan: 0xc0000781e0
IP: 10.22.6.217 read into input chan: 0xc0000783c0
IP: 10.22.6.218 read into input chan: 0xc0000783c0
ArpHosts worker: Processing IP: 10.22.6.51
ArpHosts worker: Processing IP: 10.22.6.52
IP: 10.22.6.52 read into input chan: 0xc0000781e0
IP: 10.22.6.53 read into input chan: 0xc0000781e0
IP: 10.22.6.54 read into input chan: 0xc0000781e0
IP: 10.22.6.219 read into input chan: 0xc0000783c0
IP: 10.22.6.55 read into input chan: 0xc0000781e0
ArpWatch worker: Processing IP: 10.22.6.219
ArpHosts worker: Processing IP: 10.22.6.53
ArpHosts worker: Processing IP: 10.22.6.54
ArpHosts worker: Processing IP: 10.22.6.55
ArpWatch worker: Processing IP: 10.22.6.218
ArpWatch worker: Processing IP: 10.22.6.220
ArpHosts worker: Processing IP: 10.22.6.56
IP: 10.22.6.220 read into input chan: 0xc0000783c0
IP: 10.22.6.221 read into input chan: 0xc0000783c0
IP: 10.22.6.222 read into input chan: 0xc0000783c0
IP: 10.22.6.56 read into input chan: 0xc0000781e0
IP: 10.22.6.57 read into input chan: 0xc0000781e0
IP: 10.22.6.58 read into input chan: 0xc0000781e0
IP: 10.22.6.59 read into input chan: 0xc0000781e0
ArpWatch worker: Processing IP: 10.22.6.222
IP: 10.22.6.223 read into input chan: 0xc0000783c0
IP: 10.22.6.224 read into input chan: 0xc0000783c0
ArpWatch worker: Processing IP: 10.22.6.221
ArpWatch worker: Processing IP: 10.22.6.224
ArpHosts worker: Processing IP: 10.22.6.57
ArpHosts worker: Processing IP: 10.22.6.58
ArpHosts worker: Processing IP: 10.22.6.59
ArpWatch worker: Processing IP: 10.22.6.223
ArpWatch worker: Processing IP: 10.22.6.225
IP: 10.22.6.225 read into input chan: 0xc0000783c0
ArpHosts worker: Processing IP: 10.22.6.60
ArpWatch worker: Processing IP: 10.22.6.226
IP: 10.22.6.60 read into input chan: 0xc0000781e0
IP: 10.22.6.226 read into input chan: 0xc0000783c0
IP: 10.22.6.61 read into input chan: 0xc0000781e0
ArpHosts worker: Processing IP: 10.22.6.61
ArpHosts worker: Processing IP: 10.22.6.62
IP: 10.22.6.62 read into input chan: 0xc0000781e0
IP: 10.22.6.63 read into input chan: 0xc0000781e0
ArpWatch worker: Processing IP: 10.22.6.227
IP: 10.22.6.227 read into input chan: 0xc0000783c0
IP: 10.22.6.228 read into input chan: 0xc0000783c0
IP: 10.22.6.229 read into input chan: 0xc0000783c0
IP: 10.22.6.64 read into input chan: 0xc0000781e0
ArpWatch worker: Processing IP: 10.22.6.229
IP: 10.22.6.65 read into input chan: 0xc0000781e0
ArpWatch worker: Processing IP: 10.22.6.228
ArpWatch worker: Processing IP: 10.22.6.230
ArpHosts worker: Processing IP: 10.22.6.63
ArpHosts worker: Processing IP: 10.22.6.64
ArpHosts worker: Processing IP: 10.22.6.65
IP: 10.22.6.230 read into input chan: 0xc0000783c0
IP: 10.22.6.231 read into input chan: 0xc0000783c0
IP: 10.22.6.232 read into input chan: 0xc0000783c0
ArpHosts worker: Processing IP: 10.22.6.66
ArpWatch worker: Processing IP: 10.22.6.232
ArpWatch worker: Processing IP: 10.22.6.233
IP: 10.22.6.233 read into input chan: 0xc0000783c0
IP: 10.22.6.234 read into input chan: 0xc0000783c0
ArpWatch worker: Processing IP: 10.22.6.231
IP: 10.22.6.66 read into input chan: 0xc0000781e0
IP: 10.22.6.67 read into input chan: 0xc0000781e0
IP: 10.22.6.68 read into input chan: 0xc0000781e0
IP: 10.22.6.235 read into input chan: 0xc0000783c0
IP: 10.22.6.69 read into input chan: 0xc0000781e0
ArpWatch worker: Processing IP: 10.22.6.235
ArpHosts worker: Processing IP: 10.22.6.67
ArpHosts worker: Processing IP: 10.22.6.68
ArpHosts worker: Processing IP: 10.22.6.69
ArpWatch worker: Processing IP: 10.22.6.234
ArpWatch worker: Processing IP: 10.22.6.236
ArpHosts worker: Processing IP: 10.22.6.70
IP: 10.22.6.236 read into input chan: 0xc0000783c0
IP: 10.22.6.237 read into input chan: 0xc0000783c0
IP: 10.22.6.238 read into input chan: 0xc0000783c0
IP: 10.22.6.70 read into input chan: 0xc0000781e0
IP: 10.22.6.71 read into input chan: 0xc0000781e0
ArpWatch worker: Processing IP: 10.22.6.237
ArpWatch worker: Processing IP: 10.22.6.239
ArpWatch worker: Processing IP: 10.22.6.238
IP: 10.22.6.72 read into input chan: 0xc0000781e0
IP: 10.22.6.73 read into input chan: 0xc0000781e0
IP: 10.22.6.239 read into input chan: 0xc0000783c0
IP: 10.22.6.240 read into input chan: 0xc0000783c0
IP: 10.22.6.241 read into input chan: 0xc0000783c0
ArpHosts worker: Processing IP: 10.22.6.71
ArpHosts worker: Processing IP: 10.22.6.72
IP: 10.22.6.74 read into input chan: 0xc0000781e0
ArpWatch worker: Processing IP: 10.22.6.241
IP: 10.22.6.75 read into input chan: 0xc0000781e0
ArpWatch worker: Processing IP: 10.22.6.240
ArpWatch worker: Processing IP: 10.22.6.242
ArpHosts worker: Processing IP: 10.22.6.73
ArpHosts worker: Processing IP: 10.22.6.74
ArpHosts worker: Processing IP: 10.22.6.75
IP: 10.22.6.242 read into input chan: 0xc0000783c0
IP: 10.22.6.243 read into input chan: 0xc0000783c0
IP: 10.22.6.244 read into input chan: 0xc0000783c0
ArpHosts worker: Processing IP: 10.22.6.76
ArpWatch worker: Processing IP: 10.22.6.244
ArpWatch worker: Processing IP: 10.22.6.243
IP: 10.22.6.245 read into input chan: 0xc0000783c0
IP: 10.22.6.246 read into input chan: 0xc0000783c0
IP: 10.22.6.76 read into input chan: 0xc0000781e0
IP: 10.22.6.77 read into input chan: 0xc0000781e0
IP: 10.22.6.78 read into input chan: 0xc0000781e0
ArpWatch worker: Processing IP: 10.22.6.245
IP: 10.22.6.247 read into input chan: 0xc0000783c0
IP: 10.22.6.79 read into input chan: 0xc0000781e0
ArpWatch worker: Processing IP: 10.22.6.247
ArpHosts worker: Processing IP: 10.22.6.77
ArpHosts worker: Processing IP: 10.22.6.78
ArpHosts worker: Processing IP: 10.22.6.79
ArpWatch worker: Processing IP: 10.22.6.246
ArpWatch worker: Processing IP: 10.22.6.248
ArpHosts worker: Processing IP: 10.22.6.80
IP: 10.22.6.248 read into input chan: 0xc0000783c0
IP: 10.22.6.249 read into input chan: 0xc0000783c0
IP: 10.22.6.250 read into input chan: 0xc0000783c0
IP: 10.22.6.80 read into input chan: 0xc0000781e0
IP: 10.22.6.81 read into input chan: 0xc0000781e0
ArpWatch worker: Processing IP: 10.22.6.249
ArpWatch worker: Processing IP: 10.22.6.251
ArpWatch worker: Processing IP: 10.22.6.250
IP: 10.22.6.82 read into input chan: 0xc0000781e0
IP: 10.22.6.83 read into input chan: 0xc0000781e0
IP: 10.22.6.251 read into input chan: 0xc0000783c0
IP: 10.22.6.252 read into input chan: 0xc0000783c0
IP: 10.22.6.253 read into input chan: 0xc0000783c0
ArpHosts worker: Processing IP: 10.22.6.81
ArpHosts worker: Processing IP: 10.22.6.82
IP: 10.22.6.84 read into input chan: 0xc0000781e0
ArpWatch worker: Processing IP: 10.22.6.253
ArpWatch worker: Processing IP: 10.22.6.254
ArpWatch worker: Processing IP: 10.22.6.252
IP: 10.22.6.254 read into input chan: 0xc0000783c0
IP: 10.22.6.255 read into input chan: 0xc0000783c0
IP: 10.22.6.85 read into input chan: 0xc0000781e0
ArpHosts worker: Processing IP: 10.22.6.83
ArpHosts worker: Processing IP: 10.22.6.84
ArpHosts worker: Processing IP: 10.22.6.85
IP: 10.22.7.0 read into input chan: 0xc0000783c0
ArpWatch worker: Processing IP: 10.22.7.0
ArpHosts worker: Processing IP: 10.22.6.86
IP: 10.22.6.86 read into input chan: 0xc0000781e0
IP: 10.22.6.87 read into input chan: 0xc0000781e0
IP: 10.22.7.1 read into input chan: 0xc0000783c0
IP: 10.22.7.2 read into input chan: 0xc0000783c0
IP: 10.22.7.3 read into input chan: 0xc0000783c0
ArpWatch worker: Processing IP: 10.22.6.255
IP: 10.22.6.88 read into input chan: 0xc0000781e0
ArpWatch worker: Processing IP: 10.22.7.1
ArpWatch worker: Processing IP: 10.22.7.3
IP: 10.22.6.89 read into input chan: 0xc0000781e0
ArpWatch worker: Processing IP: 10.22.7.2
ArpWatch worker: Processing IP: 10.22.7.4
IP: 10.22.7.4 read into input chan: 0xc0000783c0
IP: 10.22.7.5 read into input chan: 0xc0000783c0
IP: 10.22.7.6 read into input chan: 0xc0000783c0
ArpHosts worker: Processing IP: 10.22.6.87
ArpHosts worker: Processing IP: 10.22.6.88
ArpHosts worker: Processing IP: 10.22.6.89
ArpWatch worker: Processing IP: 10.22.7.6
ArpWatch worker: Processing IP: 10.22.7.7
ArpHosts worker: Processing IP: 10.22.6.90
IP: 10.22.7.7 read into input chan: 0xc0000783c0
IP: 10.22.7.8 read into input chan: 0xc0000783c0
ArpWatch worker: Processing IP: 10.22.7.5
IP: 10.22.7.9 read into input chan: 0xc0000783c0
ArpWatch worker: Processing IP: 10.22.7.9
ArpWatch worker: Processing IP: 10.22.7.8
ArpWatch worker: Processing IP: 10.22.7.10
IP: 10.22.6.90 read into input chan: 0xc0000781e0
IP: 10.22.6.91 read into input chan: 0xc0000781e0
IP: 10.22.6.92 read into input chan: 0xc0000781e0
IP: 10.22.7.10 read into input chan: 0xc0000783c0
IP: 10.22.7.11 read into input chan: 0xc0000783c0
IP: 10.22.7.12 read into input chan: 0xc0000783c0
IP: 10.22.6.93 read into input chan: 0xc0000781e0
ArpWatch worker: Processing IP: 10.22.7.12
ArpHosts worker: Processing IP: 10.22.6.91
ArpHosts worker: Processing IP: 10.22.6.92
ArpHosts worker: Processing IP: 10.22.6.93
ArpHosts worker: Processing IP: 10.22.6.94
IP: 10.22.6.94 read into input chan: 0xc0000781e0
IP: 10.22.6.95 read into input chan: 0xc0000781e0
IP: 10.22.7.13 read into input chan: 0xc0000783c0
IP: 10.22.7.14 read into input chan: 0xc0000783c0
ArpHosts worker: Processing IP: 10.22.6.95
ArpHosts worker: Processing IP: 10.22.6.96
ArpWatch worker: Processing IP: 10.22.7.13
ArpWatch worker: Processing IP: 10.22.7.14
IP: 10.22.7.15 read into input chan: 0xc0000783c0
IP: 10.22.6.96 read into input chan: 0xc0000781e0
IP: 10.22.6.97 read into input chan: 0xc0000781e0
ArpHosts worker: Processing IP: 10.22.6.97
ArpWatch worker: Processing IP: 10.22.7.11
ArpWatch worker: Processing IP: 10.22.7.15
ArpHosts worker: Processing IP: 10.22.6.98
ArpWatch worker: Processing IP: 10.22.7.16
IP: 10.22.6.98 read into input chan: 0xc0000781e0
IP: 10.22.6.99 read into input chan: 0xc0000781e0
IP: 10.22.6.100 read into input chan: 0xc0000781e0
IP: 10.22.7.16 read into input chan: 0xc0000783c0
IP: 10.22.7.17 read into input chan: 0xc0000783c0
IP: 10.22.7.18 read into input chan: 0xc0000783c0
IP: 10.22.6.101 read into input chan: 0xc0000781e0
ArpWatch worker: Processing IP: 10.22.7.18
ArpHosts worker: Processing IP: 10.22.6.99
ArpHosts worker: Processing IP: 10.22.6.100
ArpHosts worker: Processing IP: 10.22.6.101
ArpWatch worker: Processing IP: 10.22.7.17
ArpWatch worker: Processing IP: 10.22.7.19
ArpHosts worker: Processing IP: 10.22.6.102
IP: 10.22.7.19 read into input chan: 0xc0000783c0
IP: 10.22.7.20 read into input chan: 0xc0000783c0
IP: 10.22.6.102 read into input chan: 0xc0000781e0
ArpWatch worker: Processing IP: 10.22.7.20
IP: 10.22.7.21 read into input chan: 0xc0000783c0
IP: 10.22.7.22 read into input chan: 0xc0000783c0
IP: 10.22.7.23 read into input chan: 0xc0000783c0
ArpWatch worker: Processing IP: 10.22.7.21
IP: 10.22.6.103 read into input chan: 0xc0000781e0
IP: 10.22.6.104 read into input chan: 0xc0000781e0
IP: 10.22.6.105 read into input chan: 0xc0000781e0
ArpHosts worker: Processing IP: 10.22.6.103
IP: 10.22.7.24 read into input chan: 0xc0000783c0
ArpWatch worker: Processing IP: 10.22.7.22
IP: 10.22.6.106 read into input chan: 0xc0000781e0
ArpWatch worker: Processing IP: 10.22.7.24
ArpHosts worker: Processing IP: 10.22.6.104
ArpHosts worker: Processing IP: 10.22.6.105
ArpHosts worker: Processing IP: 10.22.6.106
ArpWatch worker: Processing IP: 10.22.7.23
ArpWatch worker: Processing IP: 10.22.7.25
IP: 10.22.7.25 read into input chan: 0xc0000783c0
IP: 10.22.7.26 read into input chan: 0xc0000783c0
ArpHosts worker: Processing IP: 10.22.6.107
IP: 10.22.6.107 read into input chan: 0xc0000781e0
IP: 10.22.6.108 read into input chan: 0xc0000781e0
IP: 10.22.6.109 read into input chan: 0xc0000781e0
IP: 10.22.7.27 read into input chan: 0xc0000783c0
ArpWatch worker: Processing IP: 10.22.7.27
ArpHosts worker: Processing IP: 10.22.6.108
ArpHosts worker: Processing IP: 10.22.6.109
ArpWatch worker: Processing IP: 10.22.7.26
ArpWatch worker: Processing IP: 10.22.7.28
IP: 10.22.7.28 read into input chan: 0xc0000783c0
IP: 10.22.7.29 read into input chan: 0xc0000783c0
IP: 10.22.6.110 read into input chan: 0xc0000781e0
ArpWatch worker: Processing IP: 10.22.7.30
IP: 10.22.6.111 read into input chan: 0xc0000781e0
IP: 10.22.6.112 read into input chan: 0xc0000781e0
ArpWatch worker: Processing IP: 10.22.7.29
ArpHosts worker: Processing IP: 10.22.6.110
ArpHosts worker: Processing IP: 10.22.6.111
IP: 10.22.7.30 read into input chan: 0xc0000783c0
IP: 10.22.7.31 read into input chan: 0xc0000783c0
IP: 10.22.7.32 read into input chan: 0xc0000783c0
IP: 10.22.6.113 read into input chan: 0xc0000781e0
ArpWatch worker: Processing IP: 10.22.7.32
IP: 10.22.6.114 read into input chan: 0xc0000781e0
ArpWatch worker: Processing IP: 10.22.7.31
ArpWatch worker: Processing IP: 10.22.7.33
IP: 10.22.7.33 read into input chan: 0xc0000783c0
ArpHosts worker: Processing IP: 10.22.6.112
ArpHosts worker: Processing IP: 10.22.6.113
ArpWatch worker: Processing IP: 10.22.7.34
IP: 10.22.7.34 read into input chan: 0xc0000783c0
IP: 10.22.7.35 read into input chan: 0xc0000783c0
IP: 10.22.7.36 read into input chan: 0xc0000783c0
ArpHosts worker: Processing IP: 10.22.6.114
ArpWatch worker: Processing IP: 10.22.7.36
ArpWatch worker: Processing IP: 10.22.7.35
IP: 10.22.7.37 read into input chan: 0xc0000783c0
IP: 10.22.7.38 read into input chan: 0xc0000783c0
IP: 10.22.6.115 read into input chan: 0xc0000781e0
IP: 10.22.6.116 read into input chan: 0xc0000781e0
IP: 10.22.6.117 read into input chan: 0xc0000781e0
ArpHosts worker: Processing IP: 10.22.6.115
IP: 10.22.7.39 read into input chan: 0xc0000783c0
ArpWatch worker: Processing IP: 10.22.7.37
IP: 10.22.6.118 read into input chan: 0xc0000781e0
ArpWatch worker: Processing IP: 10.22.7.39
ArpHosts worker: Processing IP: 10.22.6.116
ArpHosts worker: Processing IP: 10.22.6.117
ArpHosts worker: Processing IP: 10.22.6.118
ArpWatch worker: Processing IP: 10.22.7.38
ArpWatch worker: Processing IP: 10.22.7.40
ArpHosts worker: Processing IP: 10.22.6.119
IP: 10.22.7.40 read into input chan: 0xc0000783c0
IP: 10.22.7.41 read into input chan: 0xc0000783c0
IP: 10.22.7.42 read into input chan: 0xc0000783c0
IP: 10.22.6.119 read into input chan: 0xc0000781e0
IP: 10.22.6.120 read into input chan: 0xc0000781e0
IP: 10.22.6.121 read into input chan: 0xc0000781e0
ArpWatch worker: Processing IP: 10.22.7.42
IP: 10.22.7.43 read into input chan: 0xc0000783c0
ArpWatch worker: Processing IP: 10.22.7.43
ArpWatch worker: Processing IP: 10.22.7.44
IP: 10.22.7.44 read into input chan: 0xc0000783c0
IP: 10.22.7.45 read into input chan: 0xc0000783c0
ArpWatch worker: Processing IP: 10.22.7.41
IP: 10.22.6.122 read into input chan: 0xc0000781e0
ArpHosts worker: Processing IP: 10.22.6.120
ArpHosts worker: Processing IP: 10.22.6.121
ArpHosts worker: Processing IP: 10.22.6.122
IP: 10.22.7.46 read into input chan: 0xc0000783c0
ArpHosts worker: Processing IP: 10.22.6.123
ArpWatch worker: Processing IP: 10.22.7.46
IP: 10.22.6.123 read into input chan: 0xc0000781e0
ArpWatch worker: Processing IP: 10.22.7.45
IP: 10.22.6.124 read into input chan: 0xc0000781e0
IP: 10.22.6.125 read into input chan: 0xc0000781e0
ArpWatch worker: Processing IP: 10.22.7.47
IP: 10.22.7.47 read into input chan: 0xc0000783c0
IP: 10.22.7.48 read into input chan: 0xc0000783c0
IP: 10.22.7.49 read into input chan: 0xc0000783c0
ArpHosts worker: Processing IP: 10.22.6.124
IP: 10.22.6.126 read into input chan: 0xc0000781e0
ArpWatch worker: Processing IP: 10.22.7.49
IP: 10.22.6.127 read into input chan: 0xc0000781e0
ArpWatch worker: Processing IP: 10.22.7.48
ArpWatch worker: Processing IP: 10.22.7.50
ArpHosts worker: Processing IP: 10.22.6.125
ArpHosts worker: Processing IP: 10.22.6.126
ArpHosts worker: Processing IP: 10.22.6.127
IP: 10.22.7.50 read into input chan: 0xc0000783c0
IP: 10.22.7.51 read into input chan: 0xc0000783c0
ArpHosts worker: Processing IP: 10.22.6.128
IP: 10.22.7.52 read into input chan: 0xc0000783c0
IP: 10.22.7.53 read into input chan: 0xc0000783c0
IP: 10.22.6.128 read into input chan: 0xc0000781e0
IP: 10.22.6.129 read into input chan: 0xc0000781e0
IP: 10.22.6.130 read into input chan: 0xc0000781e0
ArpWatch worker: Processing IP: 10.22.7.52
IP: 10.22.7.54 read into input chan: 0xc0000783c0
ArpWatch worker: Processing IP: 10.22.7.51
IP: 10.22.6.131 read into input chan: 0xc0000781e0
ArpWatch worker: Processing IP: 10.22.7.54
ArpHosts worker: Processing IP: 10.22.6.129
ArpHosts worker: Processing IP: 10.22.6.130
ArpHosts worker: Processing IP: 10.22.6.131
ArpWatch worker: Processing IP: 10.22.7.53
ArpWatch worker: Processing IP: 10.22.7.55
ArpHosts worker: Processing IP: 10.22.6.132
IP: 10.22.6.132 read into input chan: 0xc0000781e0
IP: 10.22.6.133 read into input chan: 0xc0000781e0
IP: 10.22.6.134 read into input chan: 0xc0000781e0
IP: 10.22.7.55 read into input chan: 0xc0000783c0
IP: 10.22.7.56 read into input chan: 0xc0000783c0
IP: 10.22.7.57 read into input chan: 0xc0000783c0
IP: 10.22.6.135 read into input chan: 0xc0000781e0
ArpWatch worker: Processing IP: 10.22.7.57
ArpHosts worker: Processing IP: 10.22.6.133
ArpHosts worker: Processing IP: 10.22.6.134
ArpHosts worker: Processing IP: 10.22.6.135
ArpWatch worker: Processing IP: 10.22.7.56
ArpWatch worker: Processing IP: 10.22.7.58
ArpHosts worker: Processing IP: 10.22.6.136
IP: 10.22.7.58 read into input chan: 0xc0000783c0
IP: 10.22.7.59 read into input chan: 0xc0000783c0
IP: 10.22.7.60 read into input chan: 0xc0000783c0
IP: 10.22.6.136 read into input chan: 0xc0000781e0
IP: 10.22.6.137 read into input chan: 0xc0000781e0
IP: 10.22.6.138 read into input chan: 0xc0000781e0
ArpWatch worker: Processing IP: 10.22.7.60
ArpWatch worker: Processing IP: 10.22.7.59
ArpWatch worker: Processing IP: 10.22.7.61
IP: 10.22.7.61 read into input chan: 0xc0000783c0
IP: 10.22.7.62 read into input chan: 0xc0000783c0
ArpHosts worker: Processing IP: 10.22.6.137
ArpHosts worker: Processing IP: 10.22.6.138
ArpHosts worker: Processing IP: 10.22.6.139
IP: 10.22.6.139 read into input chan: 0xc0000781e0
IP: 10.22.7.63 read into input chan: 0xc0000783c0
ArpHosts worker: Processing IP: 10.22.6.140
ArpWatch worker: Processing IP: 10.22.7.63
IP: 10.22.6.140 read into input chan: 0xc0000781e0
IP: 10.22.6.141 read into input chan: 0xc0000781e0
IP: 10.22.6.142 read into input chan: 0xc0000781e0
ArpWatch worker: Processing IP: 10.22.7.62
ArpWatch worker: Processing IP: 10.22.7.64
IP: 10.22.6.143 read into input chan: 0xc0000781e0
IP: 10.22.7.64 read into input chan: 0xc0000783c0
IP: 10.22.7.65 read into input chan: 0xc0000783c0
IP: 10.22.7.66 read into input chan: 0xc0000783c0
ArpHosts worker: Processing IP: 10.22.6.141
ArpHosts worker: Processing IP: 10.22.6.142
ArpHosts worker: Processing IP: 10.22.6.143
ArpHosts worker: Processing IP: 10.22.6.144
ArpWatch worker: Processing IP: 10.22.7.66
IP: 10.22.6.144 read into input chan: 0xc0000781e0
IP: 10.22.6.145 read into input chan: 0xc0000781e0
ArpWatch worker: Processing IP: 10.22.7.67
IP: 10.22.7.67 read into input chan: 0xc0000783c0
IP: 10.22.7.68 read into input chan: 0xc0000783c0
IP: 10.22.7.69 read into input chan: 0xc0000783c0
ArpWatch worker: Processing IP: 10.22.7.65
IP: 10.22.6.146 read into input chan: 0xc0000781e0
ArpWatch worker: Processing IP: 10.22.7.69
IP: 10.22.6.147 read into input chan: 0xc0000781e0
ArpWatch worker: Processing IP: 10.22.7.68
ArpWatch worker: Processing IP: 10.22.7.70
ArpHosts worker: Processing IP: 10.22.6.145
ArpHosts worker: Processing IP: 10.22.6.146
ArpHosts worker: Processing IP: 10.22.6.147
IP: 10.22.7.70 read into input chan: 0xc0000783c0
IP: 10.22.7.71 read into input chan: 0xc0000783c0
IP: 10.22.7.72 read into input chan: 0xc0000783c0
ArpHosts worker: Processing IP: 10.22.6.148
ArpWatch worker: Processing IP: 10.22.7.72
ArpWatch worker: Processing IP: 10.22.7.71
ArpWatch worker: Processing IP: 10.22.7.73
IP: 10.22.7.73 read into input chan: 0xc0000783c0
IP: 10.22.7.74 read into input chan: 0xc0000783c0
IP: 10.22.6.148 read into input chan: 0xc0000781e0
IP: 10.22.6.149 read into input chan: 0xc0000781e0
IP: 10.22.6.150 read into input chan: 0xc0000781e0
ArpWatch worker: Processing IP: 10.22.7.74
IP: 10.22.7.75 read into input chan: 0xc0000783c0
IP: 10.22.7.76 read into input chan: 0xc0000783c0
IP: 10.22.7.77 read into input chan: 0xc0000783c0
ArpWatch worker: Processing IP: 10.22.7.75
IP: 10.22.6.151 read into input chan: 0xc0000781e0
ArpHosts worker: Processing IP: 10.22.6.149
ArpWatch worker: Processing IP: 10.22.7.77
IP: 10.22.6.152 read into input chan: 0xc0000781e0
ArpWatch worker: Processing IP: 10.22.7.76
ArpWatch worker: Processing IP: 10.22.7.78
ArpHosts worker: Processing IP: 10.22.6.150
ArpHosts worker: Processing IP: 10.22.6.151
IP: 10.22.6.153 read into input chan: 0xc0000781e0
IP: 10.22.6.154 read into input chan: 0xc0000781e0
IP: 10.22.7.78 read into input chan: 0xc0000783c0
IP: 10.22.7.79 read into input chan: 0xc0000783c0
IP: 10.22.7.80 read into input chan: 0xc0000783c0
ArpHosts worker: Processing IP: 10.22.6.152
ArpHosts worker: Processing IP: 10.22.6.153
IP: 10.22.6.155 read into input chan: 0xc0000781e0
ArpWatch worker: Processing IP: 10.22.7.80
IP: 10.22.6.156 read into input chan: 0xc0000781e0
ArpWatch worker: Processing IP: 10.22.7.79
ArpWatch worker: Processing IP: 10.22.7.81
ArpHosts worker: Processing IP: 10.22.6.154
ArpHosts worker: Processing IP: 10.22.6.155
ArpHosts worker: Processing IP: 10.22.6.156
IP: 10.22.7.81 read into input chan: 0xc0000783c0
IP: 10.22.7.82 read into input chan: 0xc0000783c0
IP: 10.22.7.83 read into input chan: 0xc0000783c0
ArpHosts worker: Processing IP: 10.22.6.157
ArpWatch worker: Processing IP: 10.22.7.83
ArpWatch worker: Processing IP: 10.22.7.82
ArpWatch worker: Processing IP: 10.22.7.84
IP: 10.22.7.84 read into input chan: 0xc0000783c0
IP: 10.22.7.85 read into input chan: 0xc0000783c0
IP: 10.22.7.86 read into input chan: 0xc0000783c0
IP: 10.22.6.157 read into input chan: 0xc0000781e0
IP: 10.22.6.158 read into input chan: 0xc0000781e0
IP: 10.22.6.159 read into input chan: 0xc0000781e0
ArpWatch worker: Processing IP: 10.22.7.86
IP: 10.22.6.160 read into input chan: 0xc0000781e0
ArpWatch worker: Processing IP: 10.22.7.85
ArpWatch worker: Processing IP: 10.22.7.87
ArpHosts worker: Processing IP: 10.22.6.158
ArpHosts worker: Processing IP: 10.22.6.159
ArpHosts worker: Processing IP: 10.22.6.160
IP: 10.22.7.87 read into input chan: 0xc0000783c0
IP: 10.22.7.88 read into input chan: 0xc0000783c0
IP: 10.22.7.89 read into input chan: 0xc0000783c0
ArpHosts worker: Processing IP: 10.22.6.161
ArpWatch worker: Processing IP: 10.22.7.89
IP: 10.22.6.161 read into input chan: 0xc0000781e0
IP: 10.22.6.162 read into input chan: 0xc0000781e0
ArpWatch worker: Processing IP: 10.22.7.88
IP: 10.22.6.163 read into input chan: 0xc0000781e0
IP: 10.22.6.164 read into input chan: 0xc0000781e0
ArpWatch worker: Processing IP: 10.22.7.90
ArpHosts worker: Processing IP: 10.22.6.162
ArpHosts worker: Processing IP: 10.22.6.163
ArpHosts worker: Processing IP: 10.22.6.164
IP: 10.22.7.90 read into input chan: 0xc0000783c0
IP: 10.22.7.91 read into input chan: 0xc0000783c0
IP: 10.22.7.92 read into input chan: 0xc0000783c0
ArpHosts worker: Processing IP: 10.22.6.165
ArpWatch worker: Processing IP: 10.22.7.92
IP: 10.22.6.165 read into input chan: 0xc0000781e0
IP: 10.22.6.166 read into input chan: 0xc0000781e0
IP: 10.22.6.167 read into input chan: 0xc0000781e0
ArpWatch worker: Processing IP: 10.22.7.91
ArpWatch worker: Processing IP: 10.22.7.93
IP: 10.22.6.168 read into input chan: 0xc0000781e0
ArpHosts worker: Processing IP: 10.22.6.166
ArpHosts worker: Processing IP: 10.22.6.167
IP: 10.22.7.93 read into input chan: 0xc0000783c0
IP: 10.22.7.94 read into input chan: 0xc0000783c0
IP: 10.22.6.169 read into input chan: 0xc0000781e0
IP: 10.22.6.170 read into input chan: 0xc0000781e0
ArpHosts worker: Processing IP: 10.22.6.168
ArpHosts worker: Processing IP: 10.22.6.169
ArpHosts worker: Processing IP: 10.22.6.170
IP: 10.22.7.95 read into input chan: 0xc0000783c0
ArpHosts worker: Processing IP: 10.22.6.171
ArpWatch worker: Processing IP: 10.22.7.95
IP: 10.22.6.171 read into input chan: 0xc0000781e0
IP: 10.22.6.172 read into input chan: 0xc0000781e0
IP: 10.22.6.173 read into input chan: 0xc0000781e0
ArpWatch worker: Processing IP: 10.22.7.94
ArpWatch worker: Processing IP: 10.22.7.96
IP: 10.22.6.174 read into input chan: 0xc0000781e0
IP: 10.22.7.96 read into input chan: 0xc0000783c0
IP: 10.22.7.97 read into input chan: 0xc0000783c0
IP: 10.22.7.98 read into input chan: 0xc0000783c0
ArpHosts worker: Processing IP: 10.22.6.172
ArpHosts worker: Processing IP: 10.22.6.173
ArpHosts worker: Processing IP: 10.22.6.174
ArpWatch worker: Processing IP: 10.22.7.97
ArpWatch worker: Processing IP: 10.22.7.99
ArpHosts worker: Processing IP: 10.22.6.175
IP: 10.22.6.175 read into input chan: 0xc0000781e0
IP: 10.22.6.176 read into input chan: 0xc0000781e0
ArpWatch worker: Processing IP: 10.22.7.98
IP: 10.22.7.99 read into input chan: 0xc0000783c0
IP: 10.22.7.100 read into input chan: 0xc0000783c0
IP: 10.22.7.101 read into input chan: 0xc0000783c0
IP: 10.22.6.177 read into input chan: 0xc0000781e0
ArpWatch worker: Processing IP: 10.22.7.101
IP: 10.22.6.178 read into input chan: 0xc0000781e0
ArpWatch worker: Processing IP: 10.22.7.100
ArpWatch worker: Processing IP: 10.22.7.102
ArpHosts worker: Processing IP: 10.22.6.176
ArpHosts worker: Processing IP: 10.22.6.177
ArpHosts worker: Processing IP: 10.22.6.178
IP: 10.22.7.102 read into input chan: 0xc0000783c0
IP: 10.22.7.103 read into input chan: 0xc0000783c0
IP: 10.22.7.104 read into input chan: 0xc0000783c0
ArpHosts worker: Processing IP: 10.22.6.179
ArpWatch worker: Processing IP: 10.22.7.104
IP: 10.22.6.179 read into input chan: 0xc0000781e0
IP: 10.22.6.180 read into input chan: 0xc0000781e0
ArpWatch worker: Processing IP: 10.22.7.103
IP: 10.22.6.181 read into input chan: 0xc0000781e0
ArpHosts worker: Processing IP: 10.22.6.180
ArpHosts worker: Processing IP: 10.22.6.181
IP: 10.22.6.182 read into input chan: 0xc0000781e0
ArpWatch worker: Processing IP: 10.22.7.105
IP: 10.22.7.105 read into input chan: 0xc0000783c0
IP: 10.22.7.106 read into input chan: 0xc0000783c0
IP: 10.22.7.107 read into input chan: 0xc0000783c0
ArpHosts worker: Processing IP: 10.22.6.182
ArpWatch worker: Processing IP: 10.22.7.107
ArpHosts worker: Processing IP: 10.22.6.183
ArpWatch worker: Processing IP: 10.22.7.106
ArpWatch worker: Processing IP: 10.22.7.108
IP: 10.22.6.183 read into input chan: 0xc0000781e0
IP: 10.22.6.184 read into input chan: 0xc0000781e0
IP: 10.22.6.185 read into input chan: 0xc0000781e0
IP: 10.22.7.108 read into input chan: 0xc0000783c0
IP: 10.22.7.109 read into input chan: 0xc0000783c0
IP: 10.22.7.110 read into input chan: 0xc0000783c0
IP: 10.22.6.186 read into input chan: 0xc0000781e0
ArpWatch worker: Processing IP: 10.22.7.110
IP: 10.22.7.111 read into input chan: 0xc0000783c0
IP: 10.22.7.112 read into input chan: 0xc0000783c0
ArpWatch worker: Processing IP: 10.22.7.111
ArpHosts worker: Processing IP: 10.22.6.184
ArpHosts worker: Processing IP: 10.22.6.185
ArpHosts worker: Processing IP: 10.22.6.186
ArpWatch worker: Processing IP: 10.22.7.109
IP: 10.22.7.113 read into input chan: 0xc0000783c0
ArpHosts worker: Processing IP: 10.22.6.187
ArpWatch worker: Processing IP: 10.22.7.113
IP: 10.22.6.187 read into input chan: 0xc0000781e0
IP: 10.22.6.188 read into input chan: 0xc0000781e0
IP: 10.22.6.189 read into input chan: 0xc0000781e0
ArpWatch worker: Processing IP: 10.22.7.112
ArpWatch worker: Processing IP: 10.22.7.114
IP: 10.22.7.114 read into input chan: 0xc0000783c0
IP: 10.22.6.190 read into input chan: 0xc0000781e0
ArpHosts worker: Processing IP: 10.22.6.188
ArpHosts worker: Processing IP: 10.22.6.189
IP: 10.22.7.115 read into input chan: 0xc0000783c0
IP: 10.22.7.116 read into input chan: 0xc0000783c0
IP: 10.22.7.117 read into input chan: 0xc0000783c0
ArpWatch worker: Processing IP: 10.22.7.115
IP: 10.22.7.118 read into input chan: 0xc0000783c0
ArpWatch worker: Processing IP: 10.22.7.116
ArpWatch worker: Processing IP: 10.22.7.118
ArpWatch worker: Processing IP: 10.22.7.117
IP: 10.22.7.119 read into input chan: 0xc0000783c0
IP: 10.22.6.191 read into input chan: 0xc0000781e0
IP: 10.22.6.192 read into input chan: 0xc0000781e0
ArpHosts worker: Processing IP: 10.22.6.190
ArpHosts worker: Processing IP: 10.22.6.191
ArpHosts worker: Processing IP: 10.22.6.192
ArpWatch worker: Processing IP: 10.22.7.119
ArpHosts worker: Processing IP: 10.22.6.193
ArpWatch worker: Processing IP: 10.22.7.120
IP: 10.22.6.193 read into input chan: 0xc0000781e0
IP: 10.22.6.194 read into input chan: 0xc0000781e0
IP: 10.22.6.195 read into input chan: 0xc0000781e0
IP: 10.22.6.196 read into input chan: 0xc0000781e0
IP: 10.22.7.120 read into input chan: 0xc0000783c0
IP: 10.22.7.121 read into input chan: 0xc0000783c0
IP: 10.22.7.122 read into input chan: 0xc0000783c0
ArpHosts worker: Processing IP: 10.22.6.194
ArpHosts worker: Processing IP: 10.22.6.195
ArpHosts worker: Processing IP: 10.22.6.196
ArpWatch worker: Processing IP: 10.22.7.122
ArpHosts worker: Processing IP: 10.22.6.197
ArpWatch worker: Processing IP: 10.22.7.121
ArpWatch worker: Processing IP: 10.22.7.123
IP: 10.22.6.197 read into input chan: 0xc0000781e0
IP: 10.22.6.198 read into input chan: 0xc0000781e0
IP: 10.22.6.199 read into input chan: 0xc0000781e0
IP: 10.22.7.123 read into input chan: 0xc0000783c0
IP: 10.22.7.124 read into input chan: 0xc0000783c0
IP: 10.22.7.125 read into input chan: 0xc0000783c0
IP: 10.22.6.200 read into input chan: 0xc0000781e0
ArpWatch worker: Processing IP: 10.22.7.125
ArpHosts worker: Processing IP: 10.22.6.198
ArpHosts worker: Processing IP: 10.22.6.199
ArpHosts worker: Processing IP: 10.22.6.200
ArpWatch worker: Processing IP: 10.22.7.124
ArpWatch worker: Processing IP: 10.22.7.126
IP: 10.22.7.126 read into input chan: 0xc0000783c0
IP: 10.22.7.127 read into input chan: 0xc0000783c0
ArpHosts worker: Processing IP: 10.22.6.201
IP: 10.22.6.201 read into input chan: 0xc0000781e0
IP: 10.22.6.202 read into input chan: 0xc0000781e0
IP: 10.22.6.203 read into input chan: 0xc0000781e0
IP: 10.22.7.128 read into input chan: 0xc0000783c0
IP: 10.22.6.204 read into input chan: 0xc0000781e0
ArpWatch worker: Processing IP: 10.22.7.128
ArpHosts worker: Processing IP: 10.22.6.202
ArpHosts worker: Processing IP: 10.22.6.203
ArpHosts worker: Processing IP: 10.22.6.204
ArpWatch worker: Processing IP: 10.22.7.127
ArpWatch worker: Processing IP: 10.22.7.129
ArpHosts worker: Processing IP: 10.22.6.205
IP: 10.22.6.205 read into input chan: 0xc0000781e0
IP: 10.22.6.206 read into input chan: 0xc0000781e0
IP: 10.22.6.207 read into input chan: 0xc0000781e0
IP: 10.22.7.129 read into input chan: 0xc0000783c0
IP: 10.22.7.130 read into input chan: 0xc0000783c0
IP: 10.22.7.131 read into input chan: 0xc0000783c0
IP: 10.22.6.208 read into input chan: 0xc0000781e0
ArpWatch worker: Processing IP: 10.22.7.131
ArpHosts worker: Processing IP: 10.22.6.206
ArpHosts worker: Processing IP: 10.22.6.207
ArpHosts worker: Processing IP: 10.22.6.208
ArpWatch worker: Processing IP: 10.22.7.130
ArpWatch worker: Processing IP: 10.22.7.132
ArpHosts worker: Processing IP: 10.22.6.209
IP: 10.22.7.132 read into input chan: 0xc0000783c0
IP: 10.22.7.133 read into input chan: 0xc0000783c0
IP: 10.22.7.134 read into input chan: 0xc0000783c0
IP: 10.22.6.209 read into input chan: 0xc0000781e0
IP: 10.22.6.210 read into input chan: 0xc0000781e0
IP: 10.22.6.211 read into input chan: 0xc0000781e0
IP: 10.22.6.212 read into input chan: 0xc0000781e0
ArpWatch worker: Processing IP: 10.22.7.133
IP: 10.22.7.135 read into input chan: 0xc0000783c0
IP: 10.22.7.136 read into input chan: 0xc0000783c0
ArpWatch worker: Processing IP: 10.22.7.134
ArpWatch worker: Processing IP: 10.22.7.135
ArpHosts worker: Processing IP: 10.22.6.210
ArpHosts worker: Processing IP: 10.22.6.211
ArpHosts worker: Processing IP: 10.22.6.212
IP: 10.22.7.137 read into input chan: 0xc0000783c0
ArpHosts worker: Processing IP: 10.22.6.213
ArpWatch worker: Processing IP: 10.22.7.137
IP: 10.22.6.213 read into input chan: 0xc0000781e0
IP: 10.22.6.214 read into input chan: 0xc0000781e0
IP: 10.22.6.215 read into input chan: 0xc0000781e0
ArpWatch worker: Processing IP: 10.22.7.136
ArpWatch worker: Processing IP: 10.22.7.138
IP: 10.22.6.216 read into input chan: 0xc0000781e0
ArpHosts worker: Processing IP: 10.22.6.214
ArpHosts worker: Processing IP: 10.22.6.215
IP: 10.22.7.138 read into input chan: 0xc0000783c0
IP: 10.22.7.139 read into input chan: 0xc0000783c0
ArpHosts worker: Processing IP: 10.22.6.216
ArpWatch worker: Processing IP: 10.22.7.139
IP: 10.22.6.217 read into input chan: 0xc0000781e0
IP: 10.22.6.218 read into input chan: 0xc0000781e0
ArpHosts worker: Processing IP: 10.22.6.217
IP: 10.22.7.140 read into input chan: 0xc0000783c0
IP: 10.22.7.141 read into input chan: 0xc0000783c0
IP: 10.22.7.142 read into input chan: 0xc0000783c0
ArpWatch worker: Processing IP: 10.22.7.140
IP: 10.22.6.219 read into input chan: 0xc0000781e0
ArpWatch worker: Processing IP: 10.22.7.142
IP: 10.22.6.220 read into input chan: 0xc0000781e0
ArpWatch worker: Processing IP: 10.22.7.141
ArpWatch worker: Processing IP: 10.22.7.143
ArpHosts worker: Processing IP: 10.22.6.218
ArpHosts worker: Processing IP: 10.22.6.219
ArpHosts worker: Processing IP: 10.22.6.220
IP: 10.22.7.143 read into input chan: 0xc0000783c0
IP: 10.22.7.144 read into input chan: 0xc0000783c0
IP: 10.22.7.145 read into input chan: 0xc0000783c0
ArpHosts worker: Processing IP: 10.22.6.221
ArpWatch worker: Processing IP: 10.22.7.145
IP: 10.22.6.221 read into input chan: 0xc0000781e0
ArpWatch worker: Processing IP: 10.22.7.144
ArpWatch worker: Processing IP: 10.22.7.146
ArpHosts worker: Processing IP: 10.22.6.222
IP: 10.22.7.146 read into input chan: 0xc0000783c0
IP: 10.22.7.147 read into input chan: 0xc0000783c0
IP: 10.22.7.148 read into input chan: 0xc0000783c0
IP: 10.22.6.222 read into input chan: 0xc0000781e0
IP: 10.22.6.223 read into input chan: 0xc0000781e0
IP: 10.22.6.224 read into input chan: 0xc0000781e0
ArpWatch worker: Processing IP: 10.22.7.148
IP: 10.22.6.225 read into input chan: 0xc0000781e0
ArpWatch worker: Processing IP: 10.22.7.147
ArpWatch worker: Processing IP: 10.22.7.149
ArpHosts worker: Processing IP: 10.22.6.223
ArpHosts worker: Processing IP: 10.22.6.224
ArpHosts worker: Processing IP: 10.22.6.225
IP: 10.22.7.149 read into input chan: 0xc0000783c0
IP: 10.22.7.150 read into input chan: 0xc0000783c0
IP: 10.22.7.151 read into input chan: 0xc0000783c0
ArpHosts worker: Processing IP: 10.22.6.226
ArpWatch worker: Processing IP: 10.22.7.151
IP: 10.22.6.226 read into input chan: 0xc0000781e0
IP: 10.22.6.227 read into input chan: 0xc0000781e0
IP: 10.22.6.228 read into input chan: 0xc0000781e0
ArpWatch worker: Processing IP: 10.22.7.150
ArpWatch worker: Processing IP: 10.22.7.152
IP: 10.22.6.229 read into input chan: 0xc0000781e0
ArpHosts worker: Processing IP: 10.22.6.227
ArpHosts worker: Processing IP: 10.22.6.228
ArpHosts worker: Processing IP: 10.22.6.229
ArpHosts worker: Processing IP: 10.22.6.230
IP: 10.22.7.152 read into input chan: 0xc0000783c0
IP: 10.22.7.153 read into input chan: 0xc0000783c0
IP: 10.22.7.154 read into input chan: 0xc0000783c0
IP: 10.22.6.230 read into input chan: 0xc0000781e0
IP: 10.22.6.231 read into input chan: 0xc0000781e0
ArpHosts worker: Processing IP: 10.22.6.231
ArpWatch worker: Processing IP: 10.22.7.154
ArpHosts worker: Processing IP: 10.22.6.232
ArpWatch worker: Processing IP: 10.22.7.153
ArpWatch worker: Processing IP: 10.22.7.155
IP: 10.22.6.232 read into input chan: 0xc0000781e0
IP: 10.22.6.233 read into input chan: 0xc0000781e0
IP: 10.22.7.155 read into input chan: 0xc0000783c0
ArpHosts worker: Processing IP: 10.22.6.233
ArpHosts worker: Processing IP: 10.22.6.234
IP: 10.22.6.234 read into input chan: 0xc0000781e0
IP: 10.22.6.235 read into input chan: 0xc0000781e0
IP: 10.22.7.156 read into input chan: 0xc0000783c0
IP: 10.22.7.157 read into input chan: 0xc0000783c0
IP: 10.22.6.236 read into input chan: 0xc0000781e0
ArpHosts worker: Processing IP: 10.22.6.235
ArpHosts worker: Processing IP: 10.22.6.236
ArpWatch worker: Processing IP: 10.22.7.156
ArpWatch worker: Processing IP: 10.22.7.158
ArpWatch worker: Processing IP: 10.22.7.157
IP: 10.22.6.237 read into input chan: 0xc0000781e0
ArpHosts worker: Processing IP: 10.22.6.237
IP: 10.22.7.158 read into input chan: 0xc0000783c0
IP: 10.22.7.159 read into input chan: 0xc0000783c0
ArpWatch worker: Processing IP: 10.22.7.159
ArpHosts worker: Processing IP: 10.22.6.238
ArpWatch worker: Processing IP: 10.22.7.160
IP: 10.22.6.238 read into input chan: 0xc0000781e0
IP: 10.22.6.239 read into input chan: 0xc0000781e0
IP: 10.22.6.240 read into input chan: 0xc0000781e0
IP: 10.22.7.160 read into input chan: 0xc0000783c0
IP: 10.22.7.161 read into input chan: 0xc0000783c0
IP: 10.22.7.162 read into input chan: 0xc0000783c0
IP: 10.22.6.241 read into input chan: 0xc0000781e0
ArpWatch worker: Processing IP: 10.22.7.162
ArpHosts worker: Processing IP: 10.22.6.239
ArpHosts worker: Processing IP: 10.22.6.240
ArpHosts worker: Processing IP: 10.22.6.241
ArpWatch worker: Processing IP: 10.22.7.161
ArpWatch worker: Processing IP: 10.22.7.163
ArpHosts worker: Processing IP: 10.22.6.242
IP: 10.22.7.163 read into input chan: 0xc0000783c0
IP: 10.22.7.164 read into input chan: 0xc0000783c0
IP: 10.22.7.165 read into input chan: 0xc0000783c0
IP: 10.22.6.242 read into input chan: 0xc0000781e0
IP: 10.22.6.243 read into input chan: 0xc0000781e0
IP: 10.22.6.244 read into input chan: 0xc0000781e0
ArpWatch worker: Processing IP: 10.22.7.165
ArpWatch worker: Processing IP: 10.22.7.164
ArpWatch worker: Processing IP: 10.22.7.166
IP: 10.22.6.245 read into input chan: 0xc0000781e0
ArpHosts worker: Processing IP: 10.22.6.243
ArpHosts worker: Processing IP: 10.22.6.244
ArpHosts worker: Processing IP: 10.22.6.245
IP: 10.22.7.166 read into input chan: 0xc0000783c0
IP: 10.22.7.167 read into input chan: 0xc0000783c0
IP: 10.22.7.168 read into input chan: 0xc0000783c0
ArpHosts worker: Processing IP: 10.22.6.246
ArpWatch worker: Processing IP: 10.22.7.168
IP: 10.22.6.246 read into input chan: 0xc0000781e0
IP: 10.22.6.247 read into input chan: 0xc0000781e0
IP: 10.22.6.248 read into input chan: 0xc0000781e0
ArpWatch worker: Processing IP: 10.22.7.167
ArpWatch worker: Processing IP: 10.22.7.169
ArpHosts worker: Processing IP: 10.22.6.247
ArpHosts worker: Processing IP: 10.22.6.248
IP: 10.22.7.169 read into input chan: 0xc0000783c0
IP: 10.22.7.170 read into input chan: 0xc0000783c0
ArpHosts worker: Processing IP: 10.22.6.249
IP: 10.22.6.249 read into input chan: 0xc0000781e0
IP: 10.22.6.250 read into input chan: 0xc0000781e0
IP: 10.22.6.251 read into input chan: 0xc0000781e0
IP: 10.22.7.171 read into input chan: 0xc0000783c0
IP: 10.22.6.252 read into input chan: 0xc0000781e0
ArpWatch worker: Processing IP: 10.22.7.171
ArpHosts worker: Processing IP: 10.22.6.250
ArpHosts worker: Processing IP: 10.22.6.251
ArpHosts worker: Processing IP: 10.22.6.252
ArpWatch worker: Processing IP: 10.22.7.170
ArpWatch worker: Processing IP: 10.22.7.172
ArpHosts worker: Processing IP: 10.22.6.253
IP: 10.22.7.172 read into input chan: 0xc0000783c0
IP: 10.22.7.173 read into input chan: 0xc0000783c0
IP: 10.22.7.174 read into input chan: 0xc0000783c0
IP: 10.22.6.253 read into input chan: 0xc0000781e0
IP: 10.22.6.254 read into input chan: 0xc0000781e0
IP: 10.22.6.255 read into input chan: 0xc0000781e0
IP: 10.22.7.0 read into input chan: 0xc0000781e0
ArpWatch worker: Processing IP: 10.22.7.174
ArpWatch worker: Processing IP: 10.22.7.175
IP: 10.22.7.175 read into input chan: 0xc0000783c0
IP: 10.22.7.176 read into input chan: 0xc0000783c0
ArpWatch worker: Processing IP: 10.22.7.173
ArpWatch worker: Processing IP: 10.22.7.176
ArpHosts worker: Processing IP: 10.22.6.254
ArpHosts worker: Processing IP: 10.22.6.255
ArpHosts worker: Processing IP: 10.22.7.0
ArpWatch worker: Processing IP: 10.22.7.177
ArpHosts worker: Processing IP: 10.22.7.1
IP: 10.22.7.1 read into input chan: 0xc0000781e0
IP: 10.22.7.2 read into input chan: 0xc0000781e0
IP: 10.22.7.177 read into input chan: 0xc0000783c0
IP: 10.22.7.178 read into input chan: 0xc0000783c0
IP: 10.22.7.179 read into input chan: 0xc0000783c0
IP: 10.22.7.3 read into input chan: 0xc0000781e0
IP: 10.22.7.4 read into input chan: 0xc0000781e0
ArpWatch worker: Processing IP: 10.22.7.179
ArpWatch worker: Processing IP: 10.22.7.180
ArpHosts worker: Processing IP: 10.22.7.2
ArpHosts worker: Processing IP: 10.22.7.3
ArpHosts worker: Processing IP: 10.22.7.4
IP: 10.22.7.180 read into input chan: 0xc0000783c0
IP: 10.22.7.181 read into input chan: 0xc0000783c0
ArpWatch worker: Processing IP: 10.22.7.181
ArpWatch worker: Processing IP: 10.22.7.178
ArpHosts worker: Processing IP: 10.22.7.5
ArpWatch worker: Processing IP: 10.22.7.182
IP: 10.22.7.5 read into input chan: 0xc0000781e0
IP: 10.22.7.6 read into input chan: 0xc0000781e0
IP: 10.22.7.7 read into input chan: 0xc0000781e0
IP: 10.22.7.8 read into input chan: 0xc0000781e0
ArpHosts worker: Processing IP: 10.22.7.6
ArpHosts worker: Processing IP: 10.22.7.7
IP: 10.22.7.182 read into input chan: 0xc0000783c0
IP: 10.22.7.183 read into input chan: 0xc0000783c0
ArpWatch worker: Processing IP: 10.22.7.183
IP: 10.22.7.184 read into input chan: 0xc0000783c0
IP: 10.22.7.185 read into input chan: 0xc0000783c0
ArpWatch worker: Processing IP: 10.22.7.185
ArpWatch worker: Processing IP: 10.22.7.186
ArpHosts worker: Processing IP: 10.22.7.8
ArpHosts worker: Processing IP: 10.22.7.9
IP: 10.22.7.9 read into input chan: 0xc0000781e0
IP: 10.22.7.10 read into input chan: 0xc0000781e0
ArpWatch worker: Processing IP: 10.22.7.184
IP: 10.22.7.186 read into input chan: 0xc0000783c0
IP: 10.22.7.187 read into input chan: 0xc0000783c0
IP: 10.22.7.188 read into input chan: 0xc0000783c0
ArpHosts worker: Processing IP: 10.22.7.10
ArpWatch worker: Processing IP: 10.22.7.188
ArpHosts worker: Processing IP: 10.22.7.11
ArpWatch worker: Processing IP: 10.22.7.187
ArpWatch worker: Processing IP: 10.22.7.189
IP: 10.22.7.11 read into input chan: 0xc0000781e0
IP: 10.22.7.12 read into input chan: 0xc0000781e0
IP: 10.22.7.13 read into input chan: 0xc0000781e0
IP: 10.22.7.189 read into input chan: 0xc0000783c0
IP: 10.22.7.190 read into input chan: 0xc0000783c0
IP: 10.22.7.14 read into input chan: 0xc0000781e0
IP: 10.22.7.191 read into input chan: 0xc0000783c0
IP: 10.22.7.192 read into input chan: 0xc0000783c0
ArpWatch worker: Processing IP: 10.22.7.190
IP: 10.22.7.193 read into input chan: 0xc0000783c0
ArpWatch worker: Processing IP: 10.22.7.192
ArpWatch worker: Processing IP: 10.22.7.193
IP: 10.22.7.194 read into input chan: 0xc0000783c0
ArpWatch worker: Processing IP: 10.22.7.191
ArpHosts worker: Processing IP: 10.22.7.12
ArpHosts worker: Processing IP: 10.22.7.13
ArpHosts worker: Processing IP: 10.22.7.14
ArpWatch worker: Processing IP: 10.22.7.194
ArpHosts worker: Processing IP: 10.22.7.15
ArpWatch worker: Processing IP: 10.22.7.195
IP: 10.22.7.15 read into input chan: 0xc0000781e0
IP: 10.22.7.16 read into input chan: 0xc0000781e0
IP: 10.22.7.17 read into input chan: 0xc0000781e0
IP: 10.22.7.195 read into input chan: 0xc0000783c0
IP: 10.22.7.196 read into input chan: 0xc0000783c0
IP: 10.22.7.197 read into input chan: 0xc0000783c0
IP: 10.22.7.18 read into input chan: 0xc0000781e0
ArpWatch worker: Processing IP: 10.22.7.197
ArpWatch worker: Processing IP: 10.22.7.196
ArpHosts worker: Processing IP: 10.22.7.16
ArpHosts worker: Processing IP: 10.22.7.17
IP: 10.22.7.198 read into input chan: 0xc0000783c0
IP: 10.22.7.199 read into input chan: 0xc0000783c0
ArpHosts worker: Processing IP: 10.22.7.18
IP: 10.22.7.200 read into input chan: 0xc0000783c0
IP: 10.22.7.201 read into input chan: 0xc0000783c0
ArpHosts worker: Processing IP: 10.22.7.19
IP: 10.22.7.19 read into input chan: 0xc0000781e0
IP: 10.22.7.20 read into input chan: 0xc0000781e0
ArpWatch worker: Processing IP: 10.22.7.198
ArpWatch worker: Processing IP: 10.22.7.200
ArpWatch worker: Processing IP: 10.22.7.201
ArpWatch worker: Processing IP: 10.22.7.199
IP: 10.22.7.21 read into input chan: 0xc0000781e0
ArpWatch worker: Processing IP: 10.22.7.202
IP: 10.22.7.22 read into input chan: 0xc0000781e0
IP: 10.22.7.202 read into input chan: 0xc0000783c0
IP: 10.22.7.203 read into input chan: 0xc0000783c0
IP: 10.22.7.204 read into input chan: 0xc0000783c0
ArpHosts worker: Processing IP: 10.22.7.20
ArpHosts worker: Processing IP: 10.22.7.21
ArpWatch worker: Processing IP: 10.22.7.203
ArpHosts worker: Processing IP: 10.22.7.22
IP: 10.22.7.23 read into input chan: 0xc0000781e0
IP: 10.22.7.24 read into input chan: 0xc0000781e0
IP: 10.22.7.205 read into input chan: 0xc0000783c0
IP: 10.22.7.206 read into input chan: 0xc0000783c0
ArpWatch worker: Processing IP: 10.22.7.204
ArpWatch worker: Processing IP: 10.22.7.205
IP: 10.22.7.25 read into input chan: 0xc0000781e0
ArpHosts worker: Processing IP: 10.22.7.23
IP: 10.22.7.207 read into input chan: 0xc0000783c0
IP: 10.22.7.26 read into input chan: 0xc0000781e0
ArpWatch worker: Processing IP: 10.22.7.207
ArpHosts worker: Processing IP: 10.22.7.24
ArpHosts worker: Processing IP: 10.22.7.25
ArpHosts worker: Processing IP: 10.22.7.26
ArpHosts worker: Processing IP: 10.22.7.27
IP: 10.22.7.27 read into input chan: 0xc0000781e0
IP: 10.22.7.28 read into input chan: 0xc0000781e0
IP: 10.22.7.208 read into input chan: 0xc0000783c0
IP: 10.22.7.209 read into input chan: 0xc0000783c0
IP: 10.22.7.210 read into input chan: 0xc0000783c0
ArpWatch worker: Processing IP: 10.22.7.206
IP: 10.22.7.29 read into input chan: 0xc0000781e0
ArpWatch worker: Processing IP: 10.22.7.208
ArpWatch worker: Processing IP: 10.22.7.210
IP: 10.22.7.30 read into input chan: 0xc0000781e0
ArpWatch worker: Processing IP: 10.22.7.209
ArpWatch worker: Processing IP: 10.22.7.211
ArpHosts worker: Processing IP: 10.22.7.28
ArpHosts worker: Processing IP: 10.22.7.29
ArpHosts worker: Processing IP: 10.22.7.30
IP: 10.22.7.211 read into input chan: 0xc0000783c0
IP: 10.22.7.212 read into input chan: 0xc0000783c0
IP: 10.22.7.213 read into input chan: 0xc0000783c0
ArpHosts worker: Processing IP: 10.22.7.31
ArpWatch worker: Processing IP: 10.22.7.213
ArpWatch worker: Processing IP: 10.22.7.214
IP: 10.22.7.31 read into input chan: 0xc0000781e0
IP: 10.22.7.32 read into input chan: 0xc0000781e0
ArpHosts worker: Processing IP: 10.22.7.32
IP: 10.22.7.214 read into input chan: 0xc0000783c0
ArpWatch worker: Processing IP: 10.22.7.212
ArpHosts worker: Processing IP: 10.22.7.33
IP: 10.22.7.215 read into input chan: 0xc0000783c0
IP: 10.22.7.216 read into input chan: 0xc0000783c0
ArpWatch worker: Processing IP: 10.22.7.215
IP: 10.22.7.33 read into input chan: 0xc0000781e0
IP: 10.22.7.34 read into input chan: 0xc0000781e0
IP: 10.22.7.35 read into input chan: 0xc0000781e0
IP: 10.22.7.217 read into input chan: 0xc0000783c0
IP: 10.22.7.36 read into input chan: 0xc0000781e0
ArpWatch worker: Processing IP: 10.22.7.217
ArpHosts worker: Processing IP: 10.22.7.34
ArpHosts worker: Processing IP: 10.22.7.35
ArpHosts worker: Processing IP: 10.22.7.36
ArpWatch worker: Processing IP: 10.22.7.216
ArpWatch worker: Processing IP: 10.22.7.218
ArpHosts worker: Processing IP: 10.22.7.37
IP: 10.22.7.218 read into input chan: 0xc0000783c0
IP: 10.22.7.219 read into input chan: 0xc0000783c0
IP: 10.22.7.220 read into input chan: 0xc0000783c0
IP: 10.22.7.37 read into input chan: 0xc0000781e0
IP: 10.22.7.38 read into input chan: 0xc0000781e0
IP: 10.22.7.39 read into input chan: 0xc0000781e0
ArpWatch worker: Processing IP: 10.22.7.219
ArpHosts worker: Processing IP: 10.22.7.38
IP: 10.22.7.221 read into input chan: 0xc0000783c0
IP: 10.22.7.222 read into input chan: 0xc0000783c0
ArpWatch worker: Processing IP: 10.22.7.221
ArpHosts worker: Processing IP: 10.22.7.39
ArpHosts worker: Processing IP: 10.22.7.40
IP: 10.22.7.40 read into input chan: 0xc0000781e0
IP: 10.22.7.41 read into input chan: 0xc0000781e0
IP: 10.22.7.42 read into input chan: 0xc0000781e0
IP: 10.22.7.223 read into input chan: 0xc0000783c0
ArpWatch worker: Processing IP: 10.22.7.220
IP: 10.22.7.43 read into input chan: 0xc0000781e0
ArpWatch worker: Processing IP: 10.22.7.223
ArpHosts worker: Processing IP: 10.22.7.41
ArpHosts worker: Processing IP: 10.22.7.42
ArpHosts worker: Processing IP: 10.22.7.43
ArpWatch worker: Processing IP: 10.22.7.222
ArpWatch worker: Processing IP: 10.22.7.224
ArpHosts worker: Processing IP: 10.22.7.44
IP: 10.22.7.224 read into input chan: 0xc0000783c0
IP: 10.22.7.44 read into input chan: 0xc0000781e0
IP: 10.22.7.45 read into input chan: 0xc0000781e0
IP: 10.22.7.225 read into input chan: 0xc0000783c0
IP: 10.22.7.226 read into input chan: 0xc0000783c0
IP: 10.22.7.46 read into input chan: 0xc0000781e0
IP: 10.22.7.47 read into input chan: 0xc0000781e0
ArpWatch worker: Processing IP: 10.22.7.225
IP: 10.22.7.227 read into input chan: 0xc0000783c0
ArpHosts worker: Processing IP: 10.22.7.45
ArpHosts worker: Processing IP: 10.22.7.46
IP: 10.22.7.48 read into input chan: 0xc0000781e0
ArpWatch worker: Processing IP: 10.22.7.227
IP: 10.22.7.49 read into input chan: 0xc0000781e0
ArpWatch worker: Processing IP: 10.22.7.226
ArpWatch worker: Processing IP: 10.22.7.228
ArpHosts worker: Processing IP: 10.22.7.47
ArpHosts worker: Processing IP: 10.22.7.48
ArpHosts worker: Processing IP: 10.22.7.49
IP: 10.22.7.228 read into input chan: 0xc0000783c0
IP: 10.22.7.229 read into input chan: 0xc0000783c0
IP: 10.22.7.230 read into input chan: 0xc0000783c0
ArpHosts worker: Processing IP: 10.22.7.50
ArpWatch worker: Processing IP: 10.22.7.230
IP: 10.22.7.50 read into input chan: 0xc0000781e0
IP: 10.22.7.231 read into input chan: 0xc0000783c0
IP: 10.22.7.232 read into input chan: 0xc0000783c0
ArpHosts worker: Processing IP: 10.22.7.51
ArpWatch worker: Processing IP: 10.22.7.231
ArpWatch worker: Processing IP: 10.22.7.229
ArpWatch worker: Processing IP: 10.22.7.232
ArpWatch worker: Processing IP: 10.22.7.233
IP: 10.22.7.233 read into input chan: 0xc0000783c0
IP: 10.22.7.234 read into input chan: 0xc0000783c0
IP: 10.22.7.235 read into input chan: 0xc0000783c0
IP: 10.22.7.51 read into input chan: 0xc0000781e0
IP: 10.22.7.52 read into input chan: 0xc0000781e0
IP: 10.22.7.53 read into input chan: 0xc0000781e0
ArpWatch worker: Processing IP: 10.22.7.235
IP: 10.22.7.54 read into input chan: 0xc0000781e0
ArpWatch worker: Processing IP: 10.22.7.234
ArpWatch worker: Processing IP: 10.22.7.236
ArpHosts worker: Processing IP: 10.22.7.52
IP: 10.22.7.236 read into input chan: 0xc0000783c0
IP: 10.22.7.237 read into input chan: 0xc0000783c0
ArpWatch worker: Processing IP: 10.22.7.237
ArpWatch worker: Processing IP: 10.22.7.238
IP: 10.22.7.238 read into input chan: 0xc0000783c0
IP: 10.22.7.239 read into input chan: 0xc0000783c0
IP: 10.22.7.55 read into input chan: 0xc0000781e0
ArpHosts worker: Processing IP: 10.22.7.53
ArpHosts worker: Processing IP: 10.22.7.54
ArpHosts worker: Processing IP: 10.22.7.55
IP: 10.22.7.240 read into input chan: 0xc0000783c0
ArpHosts worker: Processing IP: 10.22.7.56
ArpWatch worker: Processing IP: 10.22.7.240
IP: 10.22.7.56 read into input chan: 0xc0000781e0
IP: 10.22.7.57 read into input chan: 0xc0000781e0
IP: 10.22.7.58 read into input chan: 0xc0000781e0
ArpWatch worker: Processing IP: 10.22.7.239
ArpWatch worker: Processing IP: 10.22.7.241
IP: 10.22.7.241 read into input chan: 0xc0000783c0
IP: 10.22.7.242 read into input chan: 0xc0000783c0
ArpHosts worker: Processing IP: 10.22.7.57
ArpHosts worker: Processing IP: 10.22.7.58
ArpHosts worker: Processing IP: 10.22.7.59
IP: 10.22.7.59 read into input chan: 0xc0000781e0
IP: 10.22.7.243 read into input chan: 0xc0000783c0
ArpHosts worker: Processing IP: 10.22.7.60
ArpWatch worker: Processing IP: 10.22.7.243
IP: 10.22.7.60 read into input chan: 0xc0000781e0
IP: 10.22.7.61 read into input chan: 0xc0000781e0
IP: 10.22.7.62 read into input chan: 0xc0000781e0
ArpWatch worker: Processing IP: 10.22.7.242
ArpWatch worker: Processing IP: 10.22.7.244
IP: 10.22.7.63 read into input chan: 0xc0000781e0
IP: 10.22.7.244 read into input chan: 0xc0000783c0
IP: 10.22.7.245 read into input chan: 0xc0000783c0
IP: 10.22.7.246 read into input chan: 0xc0000783c0
ArpHosts worker: Processing IP: 10.22.7.61
ArpHosts worker: Processing IP: 10.22.7.62
ArpHosts worker: Processing IP: 10.22.7.63
ArpWatch worker: Processing IP: 10.22.7.246
ArpWatch worker: Processing IP: 10.22.7.245
ArpHosts worker: Processing IP: 10.22.7.64
ArpWatch worker: Processing IP: 10.22.7.247
IP: 10.22.7.64 read into input chan: 0xc0000781e0
IP: 10.22.7.65 read into input chan: 0xc0000781e0
IP: 10.22.7.66 read into input chan: 0xc0000781e0
IP: 10.22.7.247 read into input chan: 0xc0000783c0
IP: 10.22.7.248 read into input chan: 0xc0000783c0
IP: 10.22.7.249 read into input chan: 0xc0000783c0
IP: 10.22.7.67 read into input chan: 0xc0000781e0
ArpWatch worker: Processing IP: 10.22.7.249
ArpHosts worker: Processing IP: 10.22.7.65
ArpHosts worker: Processing IP: 10.22.7.66
ArpHosts worker: Processing IP: 10.22.7.67
ArpWatch worker: Processing IP: 10.22.7.248
ArpWatch worker: Processing IP: 10.22.7.250
ArpHosts worker: Processing IP: 10.22.7.68
IP: 10.22.7.250 read into input chan: 0xc0000783c0
IP: 10.22.7.251 read into input chan: 0xc0000783c0
IP: 10.22.7.252 read into input chan: 0xc0000783c0
IP: 10.22.7.68 read into input chan: 0xc0000781e0
IP: 10.22.7.69 read into input chan: 0xc0000781e0
IP: 10.22.7.70 read into input chan: 0xc0000781e0
ArpWatch worker: Processing IP: 10.22.7.251
ArpHosts worker: Processing IP: 10.22.7.69
ArpWatch worker: Processing IP: 10.22.7.253
IP: 10.22.7.71 read into input chan: 0xc0000781e0
IP: 10.22.7.72 read into input chan: 0xc0000781e0
IP: 10.22.7.253 read into input chan: 0xc0000783c0
IP: 10.22.7.254 read into input chan: 0xc0000783c0
IP: 10.22.7.255 read into input chan: 0xc0000783c0
ArpHosts worker: Processing IP: 10.22.7.70
ArpHosts worker: Processing IP: 10.22.7.71
IP: 10.22.7.73 read into input chan: 0xc0000781e0
ArpWatch worker: Processing IP: 10.22.7.252
ArpWatch worker: Processing IP: 10.22.7.255
IP: 10.22.7.74 read into input chan: 0xc0000781e0
ArpWatch worker: Processing IP: 10.22.7.254
ArpHosts worker: Processing IP: 10.22.7.72
ArpHosts worker: Processing IP: 10.22.7.73
ArpHosts worker: Processing IP: 10.22.7.74
ArpHosts worker: Processing IP: 10.22.7.75
IP: 10.22.7.75 read into input chan: 0xc0000781e0
IP: 10.22.7.76 read into input chan: 0xc0000781e0
Closing worker channels for worker 0x543840
ArpHosts worker: Processing IP: 10.22.7.76
Data wait group done called on mux worker 1
Data wait group done called on mux worker 0
Close called on mux channel data
Close called on mux channel errc
IP: 10.22.7.77 read into input chan: 0xc0000781e0
IP: 10.22.7.78 read into input chan: 0xc0000781e0
ArpHosts worker: Processing IP: 10.22.7.77
Errc wait group done called on mux worker 0
waitForPipeline finished err chan readError: No hosts found in subnet
Free IPs: []

Count: 0

